Component: ARM Compiler 5.06 update 2 (build 183) Tool: armlink [4d35b7]

==============================================================================

Section Cross References

    main.o(i.InitHardware) refers to system_stm32f10x.o(i.SystemInit) for SystemInit
    main.o(i.InitHardware) refers to rcc.o(i.InitRCC) for InitRCC
    main.o(i.InitHardware) refers to nvic.o(i.InitNVIC) for InitNVIC
    main.o(i.InitHardware) refers to uart1.o(i.InitUART1) for InitUART1
    main.o(i.InitHardware) refers to timer.o(i.InitTimer) for InitTimer
    main.o(i.InitHardware) refers to led.o(i.InitLED) for InitLED
    main.o(i.InitHardware) refers to systick.o(i.InitSysTick) for InitSysTick
    main.o(i.InitHardware) refers to keyone.o(i.InitKeyOne) for InitKeyOne
    main.o(i.InitHardware) refers to prockeyone.o(i.InitProcKeyOne) for InitProcKeyOne
    main.o(i.InitHardware) refers to pwm.o(i.InitPWM) for InitPWM
    main.o(i.Proc1SecTask) refers to timer.o(i.Get1SecFlag) for Get1SecFlag
    main.o(i.Proc1SecTask) refers to timer.o(i.Clr1SecFlag) for Clr1SecFlag
    main.o(i.Proc2msTask) refers to timer.o(i.Get2msFlag) for Get2msFlag
    main.o(i.Proc2msTask) refers to keyone.o(i.ScanKeyOne) for ScanKeyOne
    main.o(i.Proc2msTask) refers to printfb.o(i.__0printf$bare) for __2printf
    main.o(i.Proc2msTask) refers to pwm.o(i.SetPWM) for SetPWM
    main.o(i.Proc2msTask) refers to timer.o(i.Clr2msFlag) for Clr2msFlag
    main.o(i.Proc2msTask) refers to main.o(.data) for s_iCnt5
    main.o(i.Proc2msTask) refers to prockeyone.o(i.ProcKeyDownKey1) for ProcKeyDownKey1
    main.o(i.Proc2msTask) refers to prockeyone.o(i.ProcKeyUpKey1) for ProcKeyUpKey1
    main.o(i.Proc2msTask) refers to prockeyone.o(i.ProcKeyDownKey2) for ProcKeyDownKey2
    main.o(i.Proc2msTask) refers to prockeyone.o(i.ProcKeyUpKey2) for ProcKeyUpKey2
    main.o(i.Proc2msTask) refers to prockeyone.o(i.ProcKeyDownKey3) for ProcKeyDownKey3
    main.o(i.Proc2msTask) refers to prockeyone.o(i.ProcKeyUpKey3) for ProcKeyUpKey3
    main.o(i.main) refers to main.o(i.InitSoftware) for InitSoftware
    main.o(i.main) refers to main.o(i.InitHardware) for InitHardware
    main.o(i.main) refers to printfb.o(i.__0printf$bare) for __2printf
    main.o(i.main) refers to pwm.o(i.SetPWM) for SetPWM
    main.o(i.main) refers to main.o(i.Proc2msTask) for Proc2msTask
    main.o(i.main) refers to main.o(i.Proc1SecTask) for Proc1SecTask
    main.o(i.main) refers to main.o(.data) for BreathLEDVal
    led.o(i.ConfigLEDGPIO) refers to stm32f10x_rcc.o(i.RCC_APB2PeriphClockCmd) for RCC_APB2PeriphClockCmd
    led.o(i.ConfigLEDGPIO) refers to stm32f10x_gpio.o(i.GPIO_Init) for GPIO_Init
    led.o(i.InitLED) refers to led.o(i.ConfigLEDGPIO) for ConfigLEDGPIO
    led.o(i.LEDFlicker) refers to stm32f10x_gpio.o(i.GPIO_ReadOutputDataBit) for GPIO_ReadOutputDataBit
    led.o(i.LEDFlicker) refers to stm32f10x_gpio.o(i.GPIO_WriteBit) for GPIO_WriteBit
    led.o(i.LEDFlicker) refers to led.o(.data) for s_iCnt
    keyone.o(i.ConfigKeyOneGPIO) refers to stm32f10x_rcc.o(i.RCC_APB2PeriphClockCmd) for RCC_APB2PeriphClockCmd
    keyone.o(i.ConfigKeyOneGPIO) refers to stm32f10x_gpio.o(i.GPIO_Init) for GPIO_Init
    keyone.o(i.InitKeyOne) refers to keyone.o(i.ConfigKeyOneGPIO) for ConfigKeyOneGPIO
    keyone.o(i.InitKeyOne) refers to keyone.o(.data) for s_arrKeyDownLevel
    keyone.o(i.ScanKeyOne) refers to stm32f10x_gpio.o(i.GPIO_ReadInputDataBit) for GPIO_ReadInputDataBit
    keyone.o(i.ScanKeyOne) refers to keyone.o(.data) for s_arrKeyVal
    prockeyone.o(i.ProcKeyDownKey1) refers to pwm.o(i.IncPWMDutyCycle) for IncPWMDutyCycle
    prockeyone.o(i.ProcKeyDownKey1) refers to printfb.o(i.__0printf$bare) for __2printf
    prockeyone.o(i.ProcKeyDownKey2) refers to pwm.o(i.SetPWM) for SetPWM
    prockeyone.o(i.ProcKeyDownKey2) refers to printfb.o(i.__0printf$bare) for __2printf
    prockeyone.o(i.ProcKeyDownKey3) refers to pwm.o(i.DecPWMDutyCycle) for DecPWMDutyCycle
    prockeyone.o(i.ProcKeyDownKey3) refers to printfb.o(i.__0printf$bare) for __2printf
    prockeyone.o(i.ProcKeyUpKey1) refers to printfb.o(i.__0printf$bare) for __2printf
    prockeyone.o(i.ProcKeyUpKey2) refers to printfb.o(i.__0printf$bare) for __2printf
    prockeyone.o(i.ProcKeyUpKey3) refers to printfb.o(i.__0printf$bare) for __2printf
    rcc.o(i.ConfigRCC) refers to stm32f10x_rcc.o(i.RCC_DeInit) for RCC_DeInit
    rcc.o(i.ConfigRCC) refers to stm32f10x_rcc.o(i.RCC_HSEConfig) for RCC_HSEConfig
    rcc.o(i.ConfigRCC) refers to stm32f10x_rcc.o(i.RCC_WaitForHSEStartUp) for RCC_WaitForHSEStartUp
    rcc.o(i.ConfigRCC) refers to stm32f10x_flash.o(i.FLASH_PrefetchBufferCmd) for FLASH_PrefetchBufferCmd
    rcc.o(i.ConfigRCC) refers to stm32f10x_flash.o(i.FLASH_SetLatency) for FLASH_SetLatency
    rcc.o(i.ConfigRCC) refers to stm32f10x_rcc.o(i.RCC_HCLKConfig) for RCC_HCLKConfig
    rcc.o(i.ConfigRCC) refers to stm32f10x_rcc.o(i.RCC_PCLK2Config) for RCC_PCLK2Config
[...]
    stm32f10x_tim.o(i.TIM_ITRxExternalClockConfig) refers to stm32f10x_tim.o(i.TIM_SelectInputTrigger) for TIM_SelectInputTrigger
    stm32f10x_tim.o(i.TIM_PWMIConfig) refers to stm32f10x_tim.o(i.TI1_Config) for TI1_Config
    stm32f10x_tim.o(i.TIM_PWMIConfig) refers to stm32f10x_tim.o(i.TIM_SetIC1Prescaler) for TIM_SetIC1Prescaler
    stm32f10x_tim.o(i.TIM_PWMIConfig) refers to stm32f10x_tim.o(i.TI2_Config) for TI2_Config
    stm32f10x_tim.o(i.TIM_PWMIConfig) refers to stm32f10x_tim.o(i.TIM_SetIC2Prescaler) for TIM_SetIC2Prescaler
    stm32f10x_tim.o(i.TIM_TIxExternalClockConfig) refers to stm32f10x_tim.o(i.TI2_Config) for TI2_Config
    stm32f10x_tim.o(i.TIM_TIxExternalClockConfig) refers to stm32f10x_tim.o(i.TI1_Config) for TI1_Config
    stm32f10x_tim.o(i.TIM_TIxExternalClockConfig) refers to stm32f10x_tim.o(i.TIM_SelectInputTrigger) for TIM_SelectInputTrigger
    stm32f10x_usart.o(i.USART_DeInit) refers to stm32f10x_rcc.o(i.RCC_APB2PeriphResetCmd) for RCC_APB2PeriphResetCmd
    stm32f10x_usart.o(i.USART_DeInit) refers to stm32f10x_rcc.o(i.RCC_APB1PeriphResetCmd) for RCC_APB1PeriphResetCmd
    stm32f10x_usart.o(i.USART_Init) refers to stm32f10x_rcc.o(i.RCC_GetClocksFreq) for RCC_GetClocksFreq
    nvic.o(i.ConfigNVIC) refers to misc.o(i.NVIC_PriorityGroupConfig) for NVIC_PriorityGroupConfig
    nvic.o(i.InitNVIC) refers to nvic.o(i.ConfigNVIC) for ConfigNVIC
    systick.o(i.DelayNms) refers to systick.o(.data) for s_iTimDelayCnt
    systick.o(i.InitSysTick) refers to system_stm32f10x.o(.data) for SystemCoreClock
    systick.o(i.SysTick_Handler) refers to systick.o(i.TimDelayDec) for TimDelayDec
    systick.o(i.TimDelayDec) refers to systick.o(.data) for s_iTimDelayCnt
    system_stm32f10x.o(i.SetSysClock) refers to system_stm32f10x.o(i.SetSysClockTo72) for SetSysClockTo72
    system_stm32f10x.o(i.SystemCoreClockUpdate) refers to system_stm32f10x.o(.data) for SystemCoreClock
    system_stm32f10x.o(i.SystemInit) refers to system_stm32f10x.o(i.SetSysClock) for SetSysClock
    startup_stm32f10x_hd.o(RESET) refers to startup_stm32f10x_hd.o(STACK) for __initial_sp
    startup_stm32f10x_hd.o(RESET) refers to startup_stm32f10x_hd.o(.text) for Reset_Handler
    startup_stm32f10x_hd.o(RESET) refers to stm32f10x_it.o(i.NMI_Handler) for NMI_Handler
    startup_stm32f10x_hd.o(RESET) refers to stm32f10x_it.o(i.HardFault_Handler) for HardFault_Handler
    startup_stm32f10x_hd.o(RESET) refers to stm32f10x_it.o(i.MemManage_Handler) for MemManage_Handler
    startup_stm32f10x_hd.o(RESET) refers to stm32f10x_it.o(i.BusFault_Handler) for BusFault_Handler
    startup_stm32f10x_hd.o(RESET) refers to stm32f10x_it.o(i.UsageFault_Handler) for UsageFault_Handler
    startup_stm32f10x_hd.o(RESET) refers to stm32f10x_it.o(i.SVC_Handler) for SVC_Handler
    startup_stm32f10x_hd.o(RESET) refers to stm32f10x_it.o(i.DebugMon_Handler) for DebugMon_Handler
    startup_stm32f10x_hd.o(RESET) refers to stm32f10x_it.o(i.PendSV_Handler) for PendSV_Handler
    startup_stm32f10x_hd.o(RESET) refers to systick.o(i.SysTick_Handler) for SysTick_Handler
    startup_stm32f10x_hd.o(RESET) refers to timer.o(i.TIM2_IRQHandler) for TIM2_IRQHandler
    startup_stm32f10x_hd.o(RESET) refers to uart1.o(i.USART1_IRQHandler) for USART1_IRQHandler
    startup_stm32f10x_hd.o(RESET) refers to timer.o(i.TIM5_IRQHandler) for TIM5_IRQHandler
    startup_stm32f10x_hd.o(.text) refers to system_stm32f10x.o(i.SystemInit) for SystemInit
    startup_stm32f10x_hd.o(.text) refers to entry.o(.ARM.Collect$$$$00000000) for __main
    entry.o(.ARM.Collect$$$$00000000) refers (Special) to entry10a.o(.ARM.Collect$$$$0000000D) for __rt_final_cpp
    entry.o(.ARM.Collect$$$$00000000) refers (Special) to entry11a.o(.ARM.Collect$$$$0000000F) for __rt_final_exit
    entry.o(.ARM.Collect$$$$00000000) refers (Special) to entry7b.o(.ARM.Collect$$$$00000008) for _main_clock
    entry.o(.ARM.Collect$$$$00000000) refers (Special) to entry8b.o(.ARM.Collect$$$$0000000A) for _main_cpp_init
    entry.o(.ARM.Collect$$$$00000000) refers (Special) to entry9a.o(.ARM.Collect$$$$0000000B) for _main_init
    entry.o(.ARM.Collect$$$$00000000) refers (Special) to entry5.o(.ARM.Collect$$$$00000004) for _main_scatterload
    entry.o(.ARM.Collect$$$$00000000) refers (Special) to entry2.o(.ARM.Collect$$$$00000001) for _main_stk
    printfb.o(i.__0fprintf$bare) refers to printfb.o(i._printf_core) for _printf_core
    printfb.o(i.__0fprintf$bare) refers to uart1.o(i.fputc) for fputc
    printfb.o(i.__0printf$bare) refers to printfb.o(i._printf_core) for _printf_core
    printfb.o(i.__0printf$bare) refers to uart1.o(i.fputc) for fputc
    printfb.o(i.__0printf$bare) refers to stdout.o(.data) for __stdout
    printfb.o(i.__0snprintf$bare) refers to printfb.o(i._printf_core) for _printf_core
    printfb.o(i.__0snprintf$bare) refers to printfb.o(i._snputc) for _snputc
    printfb.o(i.__0sprintf$bare) refers to printfb.o(i._printf_core) for _printf_core
    printfb.o(i.__0sprintf$bare) refers to printfb.o(i._sputc) for _sputc
    printfb.o(i.__0vfprintf$bare) refers to printfb.o(i._printf_core) for _printf_core
    printfb.o(i.__0vfprintf$bare) refers to uart1.o(i.fputc) for fputc
    printfb.o(i.__0vprintf$bare) refers to printfb.o(i._printf_core) for _printf_core
    printfb.o(i.__0vprintf$bare) refers to uart1.o(i.fputc) for fputc
    printfb.o(i.__0vprintf$bare) refers to stdout.o(.data) for __stdout
    printfb.o(i.__0vsnprintf$bare) refers to printfb.o(i._printf_core) for _printf_core
    printfb.o(i.__0vsnprintf$bare) refers to printfb.o(i._snputc) for _snputc
    printfb.o(i.__0vsprintf$bare) refers to printfb.o(i._printf_core) for _printf_core
    printfb.o(i.__0vsprintf$bare) refers to printfb.o(i._sputc) for _sputc
    printf0.o(i.__0fprintf$0) refers to printf0.o(i._printf_core) for _printf_core
    printf0.o(i.__0fprintf$0) refers to uart1.o(i.fputc) for fputc
    printf0.o(i.__0printf$0) refers to printf0.o(i._printf_core) for _printf_core
    printf0.o(i.__0printf$0) refers to uart1.o(i.fputc) for fputc
    printf0.o(i.__0printf$0) refers to stdout.o(.data) for __stdout
    printf0.o(i.__0snprintf$0) refers to printf0.o(i._printf_core) for _printf_core
    printf0.o(i.__0snprintf$0) refers to printf0.o(i._snputc) for _snputc
    printf0.o(i.__0sprintf$0) refers to printf0.o(i._printf_core) for _printf_core
    printf0.o(i.__0sprintf$0) refers to printf0.o(i._sputc) for _sputc
    printf0.o(i.__0vfprintf$0) refers to printf0.o(i._printf_core) for _printf_core
    printf0.o(i.__0vfprintf$0) refers to uart1.o(i.fputc) for fputc
    printf0.o(i.__0vprintf$0) refers to printf0.o(i._printf_core) for _printf_core
    printf0.o(i.__0vprintf$0) refers to uart1.o(i.fputc) for fputc
    printf0.o(i.__0vprintf$0) refers to stdout.o(.data) for __stdout
    printf0.o(i.__0vsnprintf$0) refers to printf0.o(i._printf_core) for _printf_core
    printf0.o(i.__0vsnprintf$0) refers to printf0.o(i._snputc) for _snputc
    printf0.o(i.__0vsprintf$0) refers to printf0.o(i._printf_core) for _printf_core
    printf0.o(i.__0vsprintf$0) refers to printf0.o(i._sputc) for _sputc
    printf1.o(i.__0fprintf$1) refers to printf1.o(i._printf_core) for _printf_core
    printf1.o(i.__0fprintf$1) refers to uart1.o(i.fputc) for fputc
    printf1.o(i.__0printf$1) refers to printf1.o(i._printf_core) for _printf_core
    printf1.o(i.__0printf$1) refers to uart1.o(i.fputc) for fputc
    printf1.o(i.__0printf$1) refers to stdout.o(.data) for __stdout
    printf1.o(i.__0snprintf$1) refers to printf1.o(i._printf_core) for _printf_core
    printf1.o(i.__0snprintf$1) refers to printf1.o(i._snputc) for _snputc
    printf1.o(i.__0sprintf$1) refers to printf1.o(i._printf_core) for _printf_core
    printf1.o(i.__0sprintf$1) refers to printf1.o(i._sputc) for _sputc
    printf1.o(i.__0vfprintf$1) refers to printf1.o(i._printf_core) for _printf_core
    printf1.o(i.__0vfprintf$1) refers to uart1.o(i.fputc) for fputc
    printf1.o(i.__0vprintf$1) refers to printf1.o(i._printf_core) for _printf_core
    printf1.o(i.__0vprintf$1) refers to uart1.o(i.fputc) for fputc
    printf1.o(i.__0vprintf$1) refers to stdout.o(.data) for __stdout
    printf1.o(i.__0vsnprintf$1) refers to printf1.o(i._printf_core) for _printf_core
    printf1.o(i.__0vsnprintf$1) refers to printf1.o(i._snputc) for _snputc
    printf1.o(i.__0vsprintf$1) refers to printf1.o(i._printf_core) for _printf_core
    printf1.o(i.__0vsprintf$1) refers to printf1.o(i._sputc) for _sputc
    printf1.o(i._printf_core) refers to uidiv.o(.text) for __aeabi_uidivmod
    printf2.o(i.__0fprintf$2) refers to printf2.o(i._printf_core) for _printf_core
    printf2.o(i.__0fprintf$2) refers to uart1.o(i.fputc) for fputc
    printf2.o(i.__0printf$2) refers to printf2.o(i._printf_core) for _printf_core
    printf2.o(i.__0printf$2) refers to uart1.o(i.fputc) for fputc
    printf2.o(i.__0printf$2) refers to stdout.o(.data) for __stdout
    printf2.o(i.__0snprintf$2) refers to printf2.o(i._printf_core) for _printf_core
    printf2.o(i.__0snprintf$2) refers to printf2.o(i._snputc) for _snputc
    printf2.o(i.__0sprintf$2) refers to printf2.o(i._printf_core) for _printf_core
    printf2.o(i.__0sprintf$2) refers to printf2.o(i._sputc) for _sputc
    printf2.o(i.__0vfprintf$2) refers to printf2.o(i._printf_core) for _printf_core
    printf2.o(i.__0vfprintf$2) refers to uart1.o(i.fputc) for fputc
    printf2.o(i.__0vprintf$2) refers to printf2.o(i._printf_core) for _printf_core
    printf2.o(i.__0vprintf$2) refers to uart1.o(i.fputc) for fputc
    printf2.o(i.__0vprintf$2) refers to stdout.o(.data) for __stdout
    printf2.o(i.__0vsnprintf$2) refers to printf2.o(i._printf_core) for _printf_core
    printf2.o(i.__0vsnprintf$2) refers to printf2.o(i._snputc) for _snputc
    printf2.o(i.__0vsprintf$2) refers to printf2.o(i._printf_core) for _printf_core
    printf2.o(i.__0vsprintf$2) refers to printf2.o(i._sputc) for _sputc
    printf3.o(i.__0fprintf$3) refers to printf3.o(i._printf_core) for _printf_core
    printf3.o(i.__0fprintf$3) refers to uart1.o(i.fputc) for fputc
    printf3.o(i.__0printf$3) refers to printf3.o(i._printf_core) for _printf_core
    printf3.o(i.__0printf$3) refers to uart1.o(i.fputc) for fputc
    printf3.o(i.__0printf$3) refers to stdout.o(.data) for __stdout
    printf3.o(i.__0snprintf$3) refers to printf3.o(i._printf_core) for _printf_core
    printf3.o(i.__0snprintf$3) refers to printf3.o(i._snputc) for _snputc
    printf3.o(i.__0sprintf$3) refers to printf3.o(i._printf_core) for _printf_core
    printf3.o(i.__0sprintf$3) refers to printf3.o(i._sputc) for _sputc
    printf3.o(i.__0vfprintf$3) refers to printf3.o(i._printf_core) for _printf_core
    printf3.o(i.__0vfprintf$3) refers to uart1.o(i.fputc) for fputc
    printf3.o(i.__0vprintf$3) refers to printf3.o(i._printf_core) for _printf_core
    printf3.o(i.__0vprintf$3) refers to uart1.o(i.fputc) for fputc
    printf3.o(i.__0vprintf$3) refers to stdout.o(.data) for __stdout
    printf3.o(i.__0vsnprintf$3) refers to printf3.o(i._printf_core) for _printf_core
    printf3.o(i.__0vsnprintf$3) refers to printf3.o(i._snputc) for _snputc
    printf3.o(i.__0vsprintf$3) refers to printf3.o(i._printf_core) for _printf_core
    printf3.o(i.__0vsprintf$3) refers to printf3.o(i._sputc) for _sputc
    printf3.o(i._printf_core) refers to uidiv.o(.text) for __aeabi_uidivmod
    printf4.o(i.__0fprintf$4) refers to printf4.o(i._printf_core) for _printf_core
    printf4.o(i.__0fprintf$4) refers to uart1.o(i.fputc) for fputc
    printf4.o(i.__0printf$4) refers to printf4.o(i._printf_core) for _printf_core
    printf4.o(i.__0printf$4) refers to uart1.o(i.fputc) for fputc
    printf4.o(i.__0printf$4) refers to stdout.o(.data) for __stdout
    printf4.o(i.__0snprintf$4) refers to printf4.o(i._printf_core) for _printf_core
    printf4.o(i.__0snprintf$4) refers to printf4.o(i._snputc) for _snputc
    printf4.o(i.__0sprintf$4) refers to printf4.o(i._printf_core) for _printf_core
    printf4.o(i.__0sprintf$4) refers to printf4.o(i._sputc) for _sputc
    printf4.o(i.__0vfprintf$4) refers to printf4.o(i._printf_core) for _printf_core
    printf4.o(i.__0vfprintf$4) refers to uart1.o(i.fputc) for fputc
    printf4.o(i.__0vprintf$4) refers to printf4.o(i._printf_core) for _printf_core
    printf4.o(i.__0vprintf$4) refers to uart1.o(i.fputc) for fputc
    printf4.o(i.__0vprintf$4) refers to stdout.o(.data) for __stdout
    printf4.o(i.__0vsnprintf$4) refers to printf4.o(i._printf_core) for _printf_core
    printf4.o(i.__0vsnprintf$4) refers to printf4.o(i._snputc) for _snputc
    printf4.o(i.__0vsprintf$4) refers to printf4.o(i._printf_core) for _printf_core
    printf4.o(i.__0vsprintf$4) refers to printf4.o(i._sputc) for _sputc
    printf4.o(i._printf_core) refers to uldiv.o(.text) for __aeabi_uldivmod
    printf5.o(i.__0fprintf$5) refers to printf5.o(i._printf_core) for _printf_core
    printf5.o(i.__0fprintf$5) refers to uart1.o(i.fputc) for fputc
    printf5.o(i.__0printf$5) refers to printf5.o(i._printf_core) for _printf_core
    printf5.o(i.__0printf$5) refers to uart1.o(i.fputc) for fputc
    printf5.o(i.__0printf$5) refers to stdout.o(.data) for __stdout
    printf5.o(i.__0snprintf$5) refers to printf5.o(i._printf_core) for _printf_core
    printf5.o(i.__0snprintf$5) refers to printf5.o(i._snputc) for _snputc
    printf5.o(i.__0sprintf$5) refers to printf5.o(i._printf_core) for _printf_core
    printf5.o(i.__0sprintf$5) refers to printf5.o(i._sputc) for _sputc
    printf5.o(i.__0vfprintf$5) refers to printf5.o(i._printf_core) for _printf_core
    printf5.o(i.__0vfprintf$5) refers to uart1.o(i.fputc) for fputc
    printf5.o(i.__0vprintf$5) refers to printf5.o(i._printf_core) for _printf_core
    printf5.o(i.__0vprintf$5) refers to uart1.o(i.fputc) for fputc
    printf5.o(i.__0vprintf$5) refers to stdout.o(.data) for __stdout
    printf5.o(i.__0vsnprintf$5) refers to printf5.o(i._printf_core) for _printf_core
    printf5.o(i.__0vsnprintf$5) refers to printf5.o(i._snputc) for _snputc
    printf5.o(i.__0vsprintf$5) refers to printf5.o(i._printf_core) for _printf_core
    printf5.o(i.__0vsprintf$5) refers to printf5.o(i._sputc) for _sputc
    printf5.o(i._printf_core) refers to uldiv.o(.text) for __aeabi_uldivmod
    printf6.o(i.__0fprintf$6) refers to printf6.o(i._printf_core) for _printf_core
    printf6.o(i.__0fprintf$6) refers to uart1.o(i.fputc) for fputc
    printf6.o(i.__0printf$6) refers to printf6.o(i._printf_core) for _printf_core
    printf6.o(i.__0printf$6) refers to uart1.o(i.fputc) for fputc
    printf6.o(i.__0printf$6) refers to stdout.o(.data) for __stdout
    printf6.o(i.__0snprintf$6) refers to printf6.o(i._printf_core) for _printf_core
    printf6.o(i.__0snprintf$6) refers to printf6.o(i._snputc) for _snputc
    printf6.o(i.__0sprintf$6) refers to printf6.o(i._printf_core) for _printf_core
    printf6.o(i.__0sprintf$6) refers to printf6.o(i._sputc) for _sputc
    printf6.o(i.__0vfprintf$6) refers to printf6.o(i._printf_core) for _printf_core
    printf6.o(i.__0vfprintf$6) refers to uart1.o(i.fputc) for fputc
    printf6.o(i.__0vprintf$6) refers to printf6.o(i._printf_core) for _printf_core
    printf6.o(i.__0vprintf$6) refers to uart1.o(i.fputc) for fputc
    printf6.o(i.__0vprintf$6) refers to stdout.o(.data) for __stdout
    printf6.o(i.__0vsnprintf$6) refers to printf6.o(i._printf_core) for _printf_core
    printf6.o(i.__0vsnprintf$6) refers to printf6.o(i._snputc) for _snputc
    printf6.o(i.__0vsprintf$6) refers to printf6.o(i._printf_core) for _printf_core
    printf6.o(i.__0vsprintf$6) refers to printf6.o(i._sputc) for _sputc
    printf6.o(i._printf_core) refers to printf6.o(i._printf_pre_padding) for _printf_pre_padding
    printf6.o(i._printf_core) refers to uidiv.o(.text) for __aeabi_uidivmod
    printf6.o(i._printf_core) refers to printf6.o(i._printf_post_padding) for _printf_post_padding
    printf7.o(i.__0fprintf$7) refers to printf7.o(i._printf_core) for _printf_core
    printf7.o(i.__0fprintf$7) refers to uart1.o(i.fputc) for fputc
    printf7.o(i.__0printf$7) refers to printf7.o(i._printf_core) for _printf_core
    printf7.o(i.__0printf$7) refers to uart1.o(i.fputc) for fputc
    printf7.o(i.__0printf$7) refers to stdout.o(.data) for __stdout
    printf7.o(i.__0snprintf$7) refers to printf7.o(i._printf_core) for _printf_core
    printf7.o(i.__0snprintf$7) refers to printf7.o(i._snputc) for _snputc
    printf7.o(i.__0sprintf$7) refers to printf7.o(i._printf_core) for _printf_core
    printf7.o(i.__0sprintf$7) refers to printf7.o(i._sputc) for _sputc
    printf7.o(i.__0vfprintf$7) refers to printf7.o(i._printf_core) for _printf_core
    printf7.o(i.__0vfprintf$7) refers to uart1.o(i.fputc) for fputc
    printf7.o(i.__0vprintf$7) refers to printf7.o(i._printf_core) for _printf_core
    printf7.o(i.__0vprintf$7) refers to uart1.o(i.fputc) for fputc
    printf7.o(i.__0vprintf$7) refers to stdout.o(.data) for __stdout
    printf7.o(i.__0vsnprintf$7) refers to printf7.o(i._printf_core) for _printf_core
    printf7.o(i.__0vsnprintf$7) refers to printf7.o(i._snputc) for _snputc
    printf7.o(i.__0vsprintf$7) refers to printf7.o(i._printf_core) for _printf_core
    printf7.o(i.__0vsprintf$7) refers to printf7.o(i._sputc) for _sputc
    printf7.o(i._printf_core) refers to printf7.o(i._printf_pre_padding) for _printf_pre_padding
    printf7.o(i._printf_core) refers to uldiv.o(.text) for __aeabi_uldivmod
    printf7.o(i._printf_core) refers to printf7.o(i._printf_post_padding) for _printf_post_padding
    printf8.o(i.__0fprintf$8) refers to printf8.o(i._printf_core) for _printf_core
    printf8.o(i.__0fprintf$8) refers to uart1.o(i.fputc) for fputc
    printf8.o(i.__0printf$8) refers to printf8.o(i._printf_core) for _printf_core
    printf8.o(i.__0printf$8) refers to uart1.o(i.fputc) for fputc
    printf8.o(i.__0printf$8) refers to stdout.o(.data) for __stdout
    printf8.o(i.__0snprintf$8) refers to printf8.o(i._printf_core) for _printf_core
    printf8.o(i.__0snprintf$8) refers to printf8.o(i._snputc) for _snputc
    printf8.o(i.__0sprintf$8) refers to printf8.o(i._printf_core) for _printf_core
    printf8.o(i.__0sprintf$8) refers to printf8.o(i._sputc) for _sputc
    printf8.o(i.__0vfprintf$8) refers to printf8.o(i._printf_core) for _printf_core
    printf8.o(i.__0vfprintf$8) refers to uart1.o(i.fputc) for fputc
    printf8.o(i.__0vprintf$8) refers to printf8.o(i._printf_core) for _printf_core
    printf8.o(i.__0vprintf$8) refers to uart1.o(i.fputc) for fputc
    printf8.o(i.__0vprintf$8) refers to stdout.o(.data) for __stdout
    printf8.o(i.__0vsnprintf$8) refers to printf8.o(i._printf_core) for _printf_core
    printf8.o(i.__0vsnprintf$8) refers to printf8.o(i._snputc) for _snputc
    printf8.o(i.__0vsprintf$8) refers to printf8.o(i._printf_core) for _printf_core
    printf8.o(i.__0vsprintf$8) refers to printf8.o(i._sputc) for _sputc
    printf8.o(i._printf_core) refers to printf8.o(i._printf_pre_padding) for _printf_pre_padding
    printf8.o(i._printf_core) refers to uldiv.o(.text) for __aeabi_uldivmod
    printf8.o(i._printf_core) refers to printf8.o(i._printf_post_padding) for _printf_post_padding
    printfa.o(i.__0fprintf) refers (Special) to iusefp.o(.text) for __I$use$fp
    printfa.o(i.__0fprintf) refers to printfa.o(i._printf_core) for _printf_core
    printfa.o(i.__0fprintf) refers to uart1.o(i.fputc) for fputc
    printfa.o(i.__0printf) refers (Special) to iusefp.o(.text) for __I$use$fp
    printfa.o(i.__0printf) refers to printfa.o(i._printf_core) for _printf_core
    printfa.o(i.__0printf) refers to uart1.o(i.fputc) for fputc
    printfa.o(i.__0printf) refers to stdout.o(.data) for __stdout
    printfa.o(i.__0snprintf) refers (Special) to iusefp.o(.text) for __I$use$fp
    printfa.o(i.__0snprintf) refers to printfa.o(i._printf_core) for _printf_core
    printfa.o(i.__0snprintf) refers to printfa.o(i._snputc) for _snputc
    printfa.o(i.__0sprintf) refers (Special) to iusefp.o(.text) for __I$use$fp
    printfa.o(i.__0sprintf) refers to printfa.o(i._printf_core) for _printf_core
    printfa.o(i.__0sprintf) refers to printfa.o(i._sputc) for _sputc
    printfa.o(i.__0vfprintf) refers (Special) to iusefp.o(.text) for __I$use$fp
    printfa.o(i.__0vfprintf) refers to printfa.o(i._printf_core) for _printf_core
    printfa.o(i.__0vfprintf) refers to uart1.o(i.fputc) for fputc
    printfa.o(i.__0vprintf) refers (Special) to iusefp.o(.text) for __I$use$fp
    printfa.o(i.__0vprintf) refers to printfa.o(i._printf_core) for _printf_core
    printfa.o(i.__0vprintf) refers to uart1.o(i.fputc) for fputc
    printfa.o(i.__0vprintf) refers to stdout.o(.data) for __stdout
    printfa.o(i.__0vsnprintf) refers (Special) to iusefp.o(.text) for __I$use$fp
    printfa.o(i.__0vsnprintf) refers to printfa.o(i._printf_core) for _printf_core
    printfa.o(i.__0vsnprintf) refers to printfa.o(i._snputc) for _snputc
    printfa.o(i.__0vsprintf) refers (Special) to iusefp.o(.text) for __I$use$fp
    printfa.o(i.__0vsprintf) refers to printfa.o(i._printf_core) for _printf_core
    printfa.o(i.__0vsprintf) refers to printfa.o(i._sputc) for _sputc
    printfa.o(i._fp_digits) refers (Special) to iusefp.o(.text) for __I$use$fp
    printfa.o(i._fp_digits) refers to dmul.o(.text) for __aeabi_dmul
    printfa.o(i._fp_digits) refers to ddiv.o(.text) for __aeabi_ddiv
    printfa.o(i._fp_digits) refers to cdrcmple.o(.text) for __aeabi_cdrcmple
    printfa.o(i._fp_digits) refers to dadd.o(.text) for __aeabi_dadd
    printfa.o(i._fp_digits) refers to dfixul.o(.text) for __aeabi_d2ulz
    printfa.o(i._fp_digits) refers to uldiv.o(.text) for __aeabi_uldivmod
    printfa.o(i._printf_core) refers (Special) to iusefp.o(.text) for __I$use$fp
    printfa.o(i._printf_core) refers to printfa.o(i._printf_pre_padding) for _printf_pre_padding
    printfa.o(i._printf_core) refers to uldiv.o(.text) for __aeabi_uldivmod
    printfa.o(i._printf_core) refers to printfa.o(i._printf_post_padding) for _printf_post_padding
    printfa.o(i._printf_core) refers to printfa.o(i._fp_digits) for _fp_digits
    printfa.o(i._printf_core) refers to uidiv.o(.text) for __aeabi_uidivmod
    printfa.o(i._printf_post_padding) refers (Special) to iusefp.o(.text) for __I$use$fp
    printfa.o(i._printf_pre_padding) refers (Special) to iusefp.o(.text) for __I$use$fp
    printfa.o(i._snputc) refers (Special) to iusefp.o(.text) for __I$use$fp
    printfa.o(i._sputc) refers (Special) to iusefp.o(.text) for __I$use$fp
    entry2.o(.ARM.Collect$$$$00000001) refers to entry2.o(.ARM.Collect$$$$00002712) for __lit__00000000
    entry2.o(.ARM.Collect$$$$00002712) refers to startup_stm32f10x_hd.o(STACK) for __initial_sp
    entry2.o(__vectab_stack_and_reset_area) refers to startup_stm32f10x_hd.o(STACK) for __initial_sp
    entry2.o(__vectab_stack_and_reset_area) refers to entry.o(.ARM.Collect$$$$00000000) for __main
    entry5.o(.ARM.Collect$$$$00000004) refers to init.o(.text) for __scatterload
    entry9a.o(.ARM.Collect$$$$0000000B) refers to main.o(i.main) for main
    entry9b.o(.ARM.Collect$$$$0000000C) refers to main.o(i.main) for main
    uldiv.o(.text) refers to llushr.o(.text) for __aeabi_llsr
    uldiv.o(.text) refers to llshl.o(.text) for __aeabi_llsl
    dadd.o(.text) refers to llshl.o(.text) for __aeabi_llsl
    dadd.o(.text) refers to llsshr.o(.text) for __aeabi_lasr
    dadd.o(.text) refers to depilogue.o(.text) for _double_epilogue
    dmul.o(.text) refers to depilogue.o(.text) for _double_epilogue
    ddiv.o(.text) refers to depilogue.o(.text) for _double_round
    dfixul.o(.text) refers to llushr.o(.text) for __aeabi_llsr
    dfixul.o(.text) refers to llshl.o(.text) for __aeabi_llsl
    init.o(.text) refers to entry5.o(.ARM.Collect$$$$00000004) for __main_after_scatterload
    depilogue.o(.text) refers to llshl.o(.text) for __aeabi_llsl
    depilogue.o(.text) refers to llushr.o(.text) for __aeabi_llsr


==============================================================================

Removing Unused input sections from the image.

    Removing led.o(i.LEDFlicker), (84 bytes).
    Removing led.o(.data), (2 bytes).
    Removing queue.o(i.ClearQueue), (10 bytes).
    Removing queue.o(i.QueueLength), (8 bytes).
    Removing uart1.o(i.EnableUARTTx), (32 bytes).
    Removing uart1.o(i.ReadUART1), (28 bytes).
    Removing uart1.o(i.WriteUART1), (48 bytes).
    Removing misc.o(i.NVIC_SetVectorTable), (20 bytes).
    Removing misc.o(i.NVIC_SystemLPConfig), (32 bytes).
    Removing misc.o(i.SysTick_CLKSourceConfig), (40 bytes).
    Removing stm32f10x_flash.o(i.FLASH_ClearFlag), (12 bytes).
    Removing stm32f10x_flash.o(i.FLASH_EnableWriteProtection), (196 bytes).
    Removing stm32f10x_flash.o(i.FLASH_EraseAllBank1Pages), (72 bytes).
    Removing stm32f10x_flash.o(i.FLASH_EraseAllPages), (72 bytes).
    Removing stm32f10x_flash.o(i.FLASH_EraseOptionBytes), (168 bytes).
    Removing stm32f10x_flash.o(i.FLASH_ErasePage), (76 bytes).
    Removing stm32f10x_flash.o(i.FLASH_GetBank1Status), (52 bytes).
    Removing stm32f10x_flash.o(i.FLASH_GetFlagStatus), (48 bytes).
    Removing stm32f10x_flash.o(i.FLASH_GetPrefetchBufferStatus), (24 bytes).
    Removing stm32f10x_flash.o(i.FLASH_GetReadOutProtectionStatus), (24 bytes).
    Removing stm32f10x_flash.o(i.FLASH_GetStatus), (52 bytes).
    Removing stm32f10x_flash.o(i.FLASH_GetUserOptionByte), (12 bytes).
    Removing stm32f10x_flash.o(i.FLASH_GetWriteProtectionOptionByte), (12 bytes).
    Removing stm32f10x_flash.o(i.FLASH_HalfCycleAccessCmd), (28 bytes).
    Removing stm32f10x_flash.o(i.FLASH_ITConfig), (32 bytes).
    Removing stm32f10x_flash.o(i.FLASH_Lock), (20 bytes).
    Removing stm32f10x_flash.o(i.FLASH_LockBank1), (20 bytes).
    Removing stm32f10x_flash.o(i.FLASH_ProgramHalfWord), (64 bytes).
    Removing stm32f10x_flash.o(i.FLASH_ProgramOptionByteData), (84 bytes).
    Removing stm32f10x_flash.o(i.FLASH_ProgramWord), (108 bytes).
    Removing stm32f10x_flash.o(i.FLASH_ReadOutProtection), (172 bytes).
    Removing stm32f10x_flash.o(i.FLASH_Unlock), (24 bytes).
    Removing stm32f10x_flash.o(i.FLASH_UnlockBank1), (24 bytes).
    Removing stm32f10x_flash.o(i.FLASH_UserOptionByteConfig), (104 bytes).
    Removing stm32f10x_flash.o(i.FLASH_WaitForLastBank1Operation), (38 bytes).
    Removing stm32f10x_flash.o(i.FLASH_WaitForLastOperation), (38 bytes).
    Removing stm32f10x_gpio.o(i.GPIO_AFIODeInit), (20 bytes).
    Removing stm32f10x_gpio.o(i.GPIO_DeInit), (200 bytes).
    Removing stm32f10x_gpio.o(i.GPIO_ETH_MediaInterfaceConfig), (12 bytes).
    Removing stm32f10x_gpio.o(i.GPIO_EXTILineConfig), (64 bytes).
    Removing stm32f10x_gpio.o(i.GPIO_EventOutputCmd), (12 bytes).
    Removing stm32f10x_gpio.o(i.GPIO_EventOutputConfig), (32 bytes).
    Removing stm32f10x_gpio.o(i.GPIO_PinLockConfig), (18 bytes).
    Removing stm32f10x_gpio.o(i.GPIO_ReadInputData), (8 bytes).
    Removing stm32f10x_gpio.o(i.GPIO_ReadOutputData), (8 bytes).
    Removing stm32f10x_gpio.o(i.GPIO_ReadOutputDataBit), (18 bytes).
    Removing stm32f10x_gpio.o(i.GPIO_ResetBits), (4 bytes).
    Removing stm32f10x_gpio.o(i.GPIO_SetBits), (4 bytes).
    Removing stm32f10x_gpio.o(i.GPIO_StructInit), (16 bytes).
    Removing stm32f10x_gpio.o(i.GPIO_Write), (4 bytes).
    Removing stm32f10x_gpio.o(i.GPIO_WriteBit), (10 bytes).
    Removing stm32f10x_rcc.o(i.RCC_ADCCLKConfig), (24 bytes).
    Removing stm32f10x_rcc.o(i.RCC_AHBPeriphClockCmd), (32 bytes).
    Removing stm32f10x_rcc.o(i.RCC_APB1PeriphResetCmd), (32 bytes).
    Removing stm32f10x_rcc.o(i.RCC_APB2PeriphResetCmd), (32 bytes).
    Removing stm32f10x_rcc.o(i.RCC_AdjustHSICalibrationValue), (24 bytes).
    Removing stm32f10x_rcc.o(i.RCC_BackupResetCmd), (12 bytes).
    Removing stm32f10x_rcc.o(i.RCC_ClearFlag), (20 bytes).
    Removing stm32f10x_rcc.o(i.RCC_ClearITPendingBit), (12 bytes).
    Removing stm32f10x_rcc.o(i.RCC_ClockSecuritySystemCmd), (12 bytes).
    Removing stm32f10x_rcc.o(i.RCC_GetITStatus), (24 bytes).
    Removing stm32f10x_rcc.o(i.RCC_HSICmd), (12 bytes).
    Removing stm32f10x_rcc.o(i.RCC_ITConfig), (32 bytes).
    Removing stm32f10x_rcc.o(i.RCC_LSEConfig), (52 bytes).
    Removing stm32f10x_rcc.o(i.RCC_LSICmd), (12 bytes).
    Removing stm32f10x_rcc.o(i.RCC_MCOConfig), (12 bytes).
    Removing stm32f10x_rcc.o(i.RCC_RTCCLKCmd), (12 bytes).
    Removing stm32f10x_rcc.o(i.RCC_RTCCLKConfig), (16 bytes).
    Removing stm32f10x_rcc.o(i.RCC_USBCLKConfig), (12 bytes).
    Removing stm32f10x_tim.o(i.TI1_Config), (128 bytes).
    Removing stm32f10x_tim.o(i.TI2_Config), (152 bytes).
    Removing stm32f10x_tim.o(i.TI3_Config), (144 bytes).
    Removing stm32f10x_tim.o(i.TI4_Config), (152 bytes).
    Removing stm32f10x_tim.o(i.TIM_ARRPreloadConfig), (24 bytes).
    Removing stm32f10x_tim.o(i.TIM_BDTRConfig), (32 bytes).
    Removing stm32f10x_tim.o(i.TIM_BDTRStructInit), (18 bytes).
    Removing stm32f10x_tim.o(i.TIM_CCPreloadControl), (24 bytes).
    Removing stm32f10x_tim.o(i.TIM_CCxCmd), (30 bytes).
    Removing stm32f10x_tim.o(i.TIM_CCxNCmd), (30 bytes).
    Removing stm32f10x_tim.o(i.TIM_ClearFlag), (6 bytes).
    Removing stm32f10x_tim.o(i.TIM_ClearOC1Ref), (18 bytes).
    Removing stm32f10x_tim.o(i.TIM_ClearOC2Ref), (24 bytes).
    Removing stm32f10x_tim.o(i.TIM_ClearOC3Ref), (18 bytes).
    Removing stm32f10x_tim.o(i.TIM_ClearOC4Ref), (24 bytes).
    Removing stm32f10x_tim.o(i.TIM_CounterModeConfig), (18 bytes).
    Removing stm32f10x_tim.o(i.TIM_CtrlPWMOutputs), (30 bytes).
    Removing stm32f10x_tim.o(i.TIM_DMACmd), (18 bytes).
    Removing stm32f10x_tim.o(i.TIM_DMAConfig), (10 bytes).
    Removing stm32f10x_tim.o(i.TIM_DeInit), (488 bytes).
    Removing stm32f10x_tim.o(i.TIM_ETRClockMode1Config), (54 bytes).
    Removing stm32f10x_tim.o(i.TIM_ETRClockMode2Config), (32 bytes).
    Removing stm32f10x_tim.o(i.TIM_ETRConfig), (28 bytes).
    Removing stm32f10x_tim.o(i.TIM_EncoderInterfaceConfig), (66 bytes).
    Removing stm32f10x_tim.o(i.TIM_ForcedOC1Config), (18 bytes).
    Removing stm32f10x_tim.o(i.TIM_ForcedOC2Config), (26 bytes).
    Removing stm32f10x_tim.o(i.TIM_ForcedOC3Config), (18 bytes).
    Removing stm32f10x_tim.o(i.TIM_ForcedOC4Config), (26 bytes).
    Removing stm32f10x_tim.o(i.TIM_GenerateEvent), (4 bytes).
    Removing stm32f10x_tim.o(i.TIM_GetCapture1), (6 bytes).
    Removing stm32f10x_tim.o(i.TIM_GetCapture2), (6 bytes).
    Removing stm32f10x_tim.o(i.TIM_GetCapture3), (6 bytes).
    Removing stm32f10x_tim.o(i.TIM_GetCapture4), (8 bytes).
    Removing stm32f10x_tim.o(i.TIM_GetCounter), (6 bytes).
    Removing stm32f10x_tim.o(i.TIM_GetFlagStatus), (18 bytes).
    Removing stm32f10x_tim.o(i.TIM_GetPrescaler), (6 bytes).
    Removing stm32f10x_tim.o(i.TIM_ICInit), (172 bytes).
    Removing stm32f10x_tim.o(i.TIM_ICStructInit), (18 bytes).
    Removing stm32f10x_tim.o(i.TIM_ITRxExternalClockConfig), (24 bytes).
    Removing stm32f10x_tim.o(i.TIM_InternalClockConfig), (12 bytes).
    Removing stm32f10x_tim.o(i.TIM_OC1FastConfig), (18 bytes).
    Removing stm32f10x_tim.o(i.TIM_OC1Init), (152 bytes).
    Removing stm32f10x_tim.o(i.TIM_OC1NPolarityConfig), (18 bytes).
    Removing stm32f10x_tim.o(i.TIM_OC1PolarityConfig), (18 bytes).
    Removing stm32f10x_tim.o(i.TIM_OC1PreloadConfig), (18 bytes).
    Removing stm32f10x_tim.o(i.TIM_OC2FastConfig), (26 bytes).
    Removing stm32f10x_tim.o(i.TIM_OC2NPolarityConfig), (26 bytes).
    Removing stm32f10x_tim.o(i.TIM_OC2PolarityConfig), (26 bytes).
    Removing stm32f10x_tim.o(i.TIM_OC3FastConfig), (18 bytes).
    Removing stm32f10x_tim.o(i.TIM_OC3Init), (160 bytes).
    Removing stm32f10x_tim.o(i.TIM_OC3NPolarityConfig), (26 bytes).
    Removing stm32f10x_tim.o(i.TIM_OC3PolarityConfig), (26 bytes).
    Removing stm32f10x_tim.o(i.TIM_OC3PreloadConfig), (18 bytes).
    Removing stm32f10x_tim.o(i.TIM_OC4FastConfig), (26 bytes).
    Removing stm32f10x_tim.o(i.TIM_OC4Init), (124 bytes).
    Removing stm32f10x_tim.o(i.TIM_OC4PolarityConfig), (26 bytes).
    Removing stm32f10x_tim.o(i.TIM_OC4PreloadConfig), (26 bytes).
    Removing stm32f10x_tim.o(i.TIM_OCStructInit), (20 bytes).
    Removing stm32f10x_tim.o(i.TIM_PWMIConfig), (124 bytes).
    Removing stm32f10x_tim.o(i.TIM_PrescalerConfig), (6 bytes).
    Removing stm32f10x_tim.o(i.TIM_SelectCCDMA), (24 bytes).
    Removing stm32f10x_tim.o(i.TIM_SelectCOM), (24 bytes).
    Removing stm32f10x_tim.o(i.TIM_SelectHallSensor), (24 bytes).
    Removing stm32f10x_tim.o(i.TIM_SelectInputTrigger), (18 bytes).
    Removing stm32f10x_tim.o(i.TIM_SelectMasterSlaveMode), (18 bytes).
    Removing stm32f10x_tim.o(i.TIM_SelectOCxM), (82 bytes).
    Removing stm32f10x_tim.o(i.TIM_SelectOnePulseMode), (18 bytes).
    Removing stm32f10x_tim.o(i.TIM_SelectOutputTrigger), (18 bytes).
    Removing stm32f10x_tim.o(i.TIM_SelectSlaveMode), (18 bytes).
    Removing stm32f10x_tim.o(i.TIM_SetAutoreload), (4 bytes).
    Removing stm32f10x_tim.o(i.TIM_SetClockDivision), (18 bytes).
    Removing stm32f10x_tim.o(i.TIM_SetCompare1), (4 bytes).
    Removing stm32f10x_tim.o(i.TIM_SetCompare3), (4 bytes).
    Removing stm32f10x_tim.o(i.TIM_SetCompare4), (6 bytes).
    Removing stm32f10x_tim.o(i.TIM_SetCounter), (4 bytes).
    Removing stm32f10x_tim.o(i.TIM_SetIC1Prescaler), (18 bytes).
    Removing stm32f10x_tim.o(i.TIM_SetIC2Prescaler), (26 bytes).
    Removing stm32f10x_tim.o(i.TIM_SetIC3Prescaler), (18 bytes).
    Removing stm32f10x_tim.o(i.TIM_SetIC4Prescaler), (26 bytes).
    Removing stm32f10x_tim.o(i.TIM_TIxExternalClockConfig), (62 bytes).
    Removing stm32f10x_tim.o(i.TIM_TimeBaseStructInit), (18 bytes).
    Removing stm32f10x_tim.o(i.TIM_UpdateDisableConfig), (24 bytes).
    Removing stm32f10x_tim.o(i.TIM_UpdateRequestConfig), (24 bytes).
    Removing stm32f10x_usart.o(i.USART_ClockInit), (34 bytes).
    Removing stm32f10x_usart.o(i.USART_ClockStructInit), (12 bytes).
    Removing stm32f10x_usart.o(i.USART_DMACmd), (18 bytes).
    Removing stm32f10x_usart.o(i.USART_DeInit), (156 bytes).
    Removing stm32f10x_usart.o(i.USART_HalfDuplexCmd), (24 bytes).
    Removing stm32f10x_usart.o(i.USART_IrDACmd), (24 bytes).
    Removing stm32f10x_usart.o(i.USART_IrDAConfig), (18 bytes).
    Removing stm32f10x_usart.o(i.USART_LINBreakDetectLengthConfig), (18 bytes).
    Removing stm32f10x_usart.o(i.USART_LINCmd), (24 bytes).
    Removing stm32f10x_usart.o(i.USART_OneBitMethodCmd), (24 bytes).
    Removing stm32f10x_usart.o(i.USART_OverSampling8Cmd), (22 bytes).
    Removing stm32f10x_usart.o(i.USART_ReceiverWakeUpCmd), (24 bytes).
    Removing stm32f10x_usart.o(i.USART_SendBreak), (10 bytes).
    Removing stm32f10x_usart.o(i.USART_SetAddress), (18 bytes).
    Removing stm32f10x_usart.o(i.USART_SetGuardTime), (16 bytes).
    Removing stm32f10x_usart.o(i.USART_SetPrescaler), (16 bytes).
    Removing stm32f10x_usart.o(i.USART_SmartCardCmd), (24 bytes).
    Removing stm32f10x_usart.o(i.USART_SmartCardNACKCmd), (24 bytes).
    Removing stm32f10x_usart.o(i.USART_WakeUpConfig), (18 bytes).
    Removing systick.o(i.DelayNms), (24 bytes).
    Removing systick.o(i.DelayNus), (26 bytes).
    Removing core_cm3.o(.emb_text), (32 bytes).
    Removing system_stm32f10x.o(i.SystemCoreClockUpdate), (164 bytes).
    Removing startup_stm32f10x_hd.o(HEAP), (512 bytes).
    Removing dadd.o(.text), (334 bytes).
    Removing dmul.o(.text), (228 bytes).
    Removing ddiv.o(.text), (222 bytes).
    Removing dfixul.o(.text), (48 bytes).
    Removing cdrcmple.o(.text), (48 bytes).
    Removing depilogue.o(.text), (186 bytes).

182 unused section(s) (total 8386 bytes) removed from the image.

==============================================================================

Image Symbol Table

    Local Symbols

    Symbol Name                              Value     Ov Type        Size  Object(Section)

    ../clib/microlib/division.c              0x00000000   Number         0  uidiv.o ABSOLUTE
    ../clib/microlib/division.c              0x00000000   Number         0  uldiv.o ABSOLUTE
    ../clib/microlib/init/entry.s            0x00000000   Number         0  entry8a.o ABSOLUTE
    ../clib/microlib/init/entry.s            0x00000000   Number         0  entry10b.o ABSOLUTE
    ../clib/microlib/init/entry.s            0x00000000   Number         0  entry.o ABSOLUTE
    ../clib/microlib/init/entry.s            0x00000000   Number         0  entry8b.o ABSOLUTE
    ../clib/microlib/init/entry.s            0x00000000   Number         0  entry9a.o ABSOLUTE
    ../clib/microlib/init/entry.s            0x00000000   Number         0  entry9b.o ABSOLUTE
    ../clib/microlib/init/entry.s            0x00000000   Number         0  entry10a.o ABSOLUTE
    ../clib/microlib/init/entry.s            0x00000000   Number         0  entry11a.o ABSOLUTE
    ../clib/microlib/init/entry.s            0x00000000   Number         0  entry11b.o ABSOLUTE
    ../clib/microlib/init/entry.s            0x00000000   Number         0  entry2.o ABSOLUTE
    ../clib/microlib/init/entry.s            0x00000000   Number         0  entry5.o ABSOLUTE
    ../clib/microlib/init/entry.s            0x00000000   Number         0  entry7a.o ABSOLUTE
    ../clib/microlib/init/entry.s            0x00000000   Number         0  entry7b.o ABSOLUTE
    ../clib/microlib/longlong.c              0x00000000   Number         0  llushr.o ABSOLUTE
    ../clib/microlib/longlong.c              0x00000000   Number         0  llshl.o ABSOLUTE
    ../clib/microlib/longlong.c              0x00000000   Number         0  llsshr.o ABSOLUTE
    ../clib/microlib/printf/printf.c         0x00000000   Number         0  printf6.o ABSOLUTE
    ../clib/microlib/printf/printf.c         0x00000000   Number         0  printfb.o ABSOLUTE
    ../clib/microlib/printf/printf.c         0x00000000   Number         0  printf0.o ABSOLUTE
    ../clib/microlib/printf/printf.c         0x00000000   Number         0  printf1.o ABSOLUTE
    ../clib/microlib/printf/printf.c         0x00000000   Number         0  printf2.o ABSOLUTE
    ../clib/microlib/printf/printf.c         0x00000000   Number         0  printf3.o ABSOLUTE
    ../clib/microlib/printf/printf.c         0x00000000   Number         0  printf4.o ABSOLUTE
    ../clib/microlib/printf/printf.c         0x00000000   Number         0  printf5.o ABSOLUTE
    ../clib/microlib/printf/printf.c         0x00000000   Number         0  printf7.o ABSOLUTE
    ../clib/microlib/printf/printf.c         0x00000000   Number         0  printf8.o ABSOLUTE
    ../clib/microlib/printf/printf.c         0x00000000   Number         0  printfa.o ABSOLUTE
    ../clib/microlib/stdio/streams.c         0x00000000   Number         0  stdout.o ABSOLUTE
    ../clib/microlib/stubs.s                 0x00000000   Number         0  iusefp.o ABSOLUTE
    ../fplib/microlib/fpadd.c                0x00000000   Number         0  dadd.o ABSOLUTE
    ../fplib/microlib/fpdiv.c                0x00000000   Number         0  ddiv.o ABSOLUTE
    ../fplib/microlib/fpepilogue.c           0x00000000   Number         0  depilogue.o ABSOLUTE
    ../fplib/microlib/fpfix.c                0x00000000   Number         0  dfixul.o ABSOLUTE
    ../fplib/microlib/fpmul.c                0x00000000   Number         0  dmul.o ABSOLUTE
    ..\ARM\NVIC\NVIC.c                       0x00000000   Number         0  nvic.o ABSOLUTE
    ..\ARM\SysTick\SysTick.c                 0x00000000   Number         0  systick.o ABSOLUTE
    ..\ARM\System\core_cm3.c                 0x00000000   Number         0  core_cm3.o ABSOLUTE
    ..\ARM\System\startup_stm32f10x_hd.s     0x00000000   Number         0  startup_stm32f10x_hd.o ABSOLUTE
    ..\ARM\System\stm32f10x_it.c             0x00000000   Number         0  stm32f10x_it.o ABSOLUTE
    ..\ARM\System\system_stm32f10x.c         0x00000000   Number         0  system_stm32f10x.o ABSOLUTE
    ..\App\KeyOne\KeyOne.c                   0x00000000   Number         0  keyone.o ABSOLUTE
    ..\App\KeyOne\ProcKeyOne.c               0x00000000   Number         0  prockeyone.o ABSOLUTE
    ..\App\LED\LED.c                         0x00000000   Number         0  led.o ABSOLUTE
    ..\App\Main\Main.c                       0x00000000   Number         0  main.o ABSOLUTE
    ..\FW\src\misc.c                         0x00000000   Number         0  misc.o ABSOLUTE
    ..\FW\src\stm32f10x_flash.c              0x00000000   Number         0  stm32f10x_flash.o ABSOLUTE
    ..\FW\src\stm32f10x_gpio.c               0x00000000   Number         0  stm32f10x_gpio.o ABSOLUTE
    ..\FW\src\stm32f10x_rcc.c                0x00000000   Number         0  stm32f10x_rcc.o ABSOLUTE
    ..\FW\src\stm32f10x_tim.c                0x00000000   Number         0  stm32f10x_tim.o ABSOLUTE
    ..\FW\src\stm32f10x_usart.c              0x00000000   Number         0  stm32f10x_usart.o ABSOLUTE
    ..\HW\PWM\PWM.c                          0x00000000   Number         0  pwm.o ABSOLUTE
    ..\HW\RCC\RCC.c                          0x00000000   Number         0  rcc.o ABSOLUTE
    ..\HW\Timer\Timer.c                      0x00000000   Number         0  timer.o ABSOLUTE
    ..\HW\UART1\Queue.c                      0x00000000   Number         0  queue.o ABSOLUTE
    ..\HW\UART1\UART1.c                      0x00000000   Number         0  uart1.o ABSOLUTE
    ..\\ARM\\System\\core_cm3.c              0x00000000   Number         0  core_cm3.o ABSOLUTE
    cdrcmple.s                               0x00000000   Number         0  cdrcmple.o ABSOLUTE
    dc.s                                     0x00000000   Number         0  dc.o ABSOLUTE
    handlers.s                               0x00000000   Number         0  handlers.o ABSOLUTE
    init.s                                   0x00000000   Number         0  init.o ABSOLUTE
    RESET                                    0x08000000   Section      304  startup_stm32f10x_hd.o(RESET)
    .ARM.Collect$$$$00000000                 0x08000130   Section        0  entry.o(.ARM.Collect$$$$00000000)
    .ARM.Collect$$$$00000001                 0x08000130   Section        4  entry2.o(.ARM.Collect$$$$00000001)
    .ARM.Collect$$$$00000004                 0x08000134   Section        4  entry5.o(.ARM.Collect$$$$00000004)
    .ARM.Collect$$$$00000008                 0x08000138   Section        0  entry7b.o(.ARM.Collect$$$$00000008)
    .ARM.Collect$$$$0000000A                 0x08000138   Section        0  entry8b.o(.ARM.Collect$$$$0000000A)
    .ARM.Collect$$$$0000000B                 0x08000138   Section        8  entry9a.o(.ARM.Collect$$$$0000000B)
    .ARM.Collect$$$$0000000D                 0x08000140   Section        0  entry10a.o(.ARM.Collect$$$$0000000D)
    .ARM.Collect$$$$0000000F                 0x08000140   Section        0  entry11a.o(.ARM.Collect$$$$0000000F)
    .ARM.Collect$$$$00002712                 0x08000140   Section        4  entry2.o(.ARM.Collect$$$$00002712)
    __lit__00000000                          0x08000140   Data           4  entry2.o(.ARM.Collect$$$$00002712)
    .text                                    0x08000144   Section       36  startup_stm32f10x_hd.o(.text)
    .text                                    0x08000168   Section       36  init.o(.text)
    i.BusFault_Handler                       0x0800018c   Section        0  stm32f10x_it.o(i.BusFault_Handler)
    i.Clr1SecFlag                            0x08000190   Section        0  timer.o(i.Clr1SecFlag)
    i.Clr2msFlag                             0x0800019c   Section        0  timer.o(i.Clr2msFlag)
    i.ConfigKeyOneGPIO                       0x080001a8   Section        0  keyone.o(i.ConfigKeyOneGPIO)
    ConfigKeyOneGPIO                         0x080001a9   Thumb Code    80  keyone.o(i.ConfigKeyOneGPIO)
    i.ConfigLEDGPIO                          0x08000200   Section        0  led.o(i.ConfigLEDGPIO)
    ConfigLEDGPIO                            0x08000201   Thumb Code    64  led.o(i.ConfigLEDGPIO)
    i.ConfigNVIC                             0x08000244   Section        0  nvic.o(i.ConfigNVIC)
    ConfigNVIC                               0x08000245   Thumb Code    12  nvic.o(i.ConfigNVIC)
    i.ConfigRCC                              0x08000250   Section        0  rcc.o(i.ConfigRCC)
    ConfigRCC                                0x08000251   Thumb Code   100  rcc.o(i.ConfigRCC)
    i.ConfigTimer2                           0x080002b4   Section        0  timer.o(i.ConfigTimer2)
    ConfigTimer2                             0x080002b5   Thumb Code    92  timer.o(i.ConfigTimer2)
    i.ConfigTimer3ForPWMPB5                  0x08000310   Section        0  pwm.o(i.ConfigTimer3ForPWMPB5)
    ConfigTimer3ForPWMPB5                    0x08000311   Thumb Code   138  pwm.o(i.ConfigTimer3ForPWMPB5)
    i.ConfigTimer5                           0x080003a8   Section        0  timer.o(i.ConfigTimer5)
    ConfigTimer5                             0x080003a9   Thumb Code    90  timer.o(i.ConfigTimer5)
    i.ConfigUART                             0x08000408   Section        0  uart1.o(i.ConfigUART)
    ConfigUART                               0x08000409   Thumb Code   182  uart1.o(i.ConfigUART)
    i.DeQueue                                0x080004cc   Section        0  queue.o(i.DeQueue)
    i.DebugMon_Handler                       0x08000510   Section        0  stm32f10x_it.o(i.DebugMon_Handler)
    i.DecPWMDutyCycle                        0x08000514   Section        0  pwm.o(i.DecPWMDutyCycle)
    i.EnQueue                                0x0800054c   Section        0  queue.o(i.EnQueue)
    i.FLASH_PrefetchBufferCmd                0x08000594   Section        0  stm32f10x_flash.o(i.FLASH_PrefetchBufferCmd)
    i.FLASH_SetLatency                       0x080005b0   Section        0  stm32f10x_flash.o(i.FLASH_SetLatency)
    i.GPIO_Init                              0x080005c8   Section        0  stm32f10x_gpio.o(i.GPIO_Init)
    i.GPIO_PinRemapConfig                    0x080006e0   Section        0  stm32f10x_gpio.o(i.GPIO_PinRemapConfig)
    i.GPIO_ReadInputDataBit                  0x08000770   Section        0  stm32f10x_gpio.o(i.GPIO_ReadInputDataBit)
    i.Get1SecFlag                            0x08000784   Section        0  timer.o(i.Get1SecFlag)
    i.Get2msFlag                             0x08000790   Section        0  timer.o(i.Get2msFlag)
    i.HardFault_Handler                      0x0800079c   Section        0  stm32f10x_it.o(i.HardFault_Handler)
    i.IncPWMDutyCycle                        0x080007a0   Section        0  pwm.o(i.IncPWMDutyCycle)
    i.InitHardware                           0x080007dc   Section        0  main.o(i.InitHardware)
    InitHardware                             0x080007dd   Thumb Code    48  main.o(i.InitHardware)
    i.InitKeyOne                             0x0800080c   Section        0  keyone.o(i.InitKeyOne)
    i.InitLED                                0x08000824   Section        0  led.o(i.InitLED)
    i.InitNVIC                               0x0800082c   Section        0  nvic.o(i.InitNVIC)
    i.InitPWM                                0x08000834   Section        0  pwm.o(i.InitPWM)
    i.InitProcKeyOne                         0x08000850   Section        0  prockeyone.o(i.InitProcKeyOne)
    i.InitQueue                              0x08000852   Section        0  queue.o(i.InitQueue)
    i.InitRCC                                0x08000876   Section        0  rcc.o(i.InitRCC)
    i.InitSoftware                           0x0800087e   Section        0  main.o(i.InitSoftware)
    InitSoftware                             0x0800087f   Thumb Code     2  main.o(i.InitSoftware)
    i.InitSysTick                            0x08000880   Section        0  systick.o(i.InitSysTick)
    i.InitTimer                              0x080008e8   Section        0  timer.o(i.InitTimer)
    i.InitUART1                              0x08000900   Section        0  uart1.o(i.InitUART1)
    i.InitUARTBuf                            0x08000910   Section        0  uart1.o(i.InitUARTBuf)
    InitUARTBuf                              0x08000911   Thumb Code    46  uart1.o(i.InitUARTBuf)
    i.MemManage_Handler                      0x08000950   Section        0  stm32f10x_it.o(i.MemManage_Handler)
    i.NMI_Handler                            0x08000954   Section        0  stm32f10x_it.o(i.NMI_Handler)
    i.NVIC_ClearPendingIRQ                   0x08000958   Section        0  uart1.o(i.NVIC_ClearPendingIRQ)
    NVIC_ClearPendingIRQ                     0x08000959   Thumb Code    18  uart1.o(i.NVIC_ClearPendingIRQ)
    i.NVIC_Init                              0x08000970   Section        0  misc.o(i.NVIC_Init)
    i.NVIC_PriorityGroupConfig               0x080009e0   Section        0  misc.o(i.NVIC_PriorityGroupConfig)
    i.PendSV_Handler                         0x080009f4   Section        0  stm32f10x_it.o(i.PendSV_Handler)
    i.Proc1SecTask                           0x080009f6   Section        0  main.o(i.Proc1SecTask)
    Proc1SecTask                             0x080009f7   Thumb Code    14  main.o(i.Proc1SecTask)
    i.Proc2msTask                            0x08000a04   Section        0  main.o(i.Proc2msTask)
    Proc2msTask                              0x08000a05   Thumb Code   160  main.o(i.Proc2msTask)
    i.ProcKeyDownKey1                        0x08000ae0   Section        0  prockeyone.o(i.ProcKeyDownKey1)
    i.ProcKeyDownKey2                        0x08000b04   Section        0  prockeyone.o(i.ProcKeyDownKey2)
    i.ProcKeyDownKey3                        0x08000b2c   Section        0  prockeyone.o(i.ProcKeyDownKey3)
    i.ProcKeyUpKey1                          0x08000b50   Section        0  prockeyone.o(i.ProcKeyUpKey1)
    i.ProcKeyUpKey2                          0x08000b6c   Section        0  prockeyone.o(i.ProcKeyUpKey2)
    i.ProcKeyUpKey3                          0x08000b88   Section        0  prockeyone.o(i.ProcKeyUpKey3)
    i.QueueEmpty                             0x08000ba4   Section        0  queue.o(i.QueueEmpty)
    i.RCC_APB1PeriphClockCmd                 0x08000bb4   Section        0  stm32f10x_rcc.o(i.RCC_APB1PeriphClockCmd)
    i.RCC_APB2PeriphClockCmd                 0x08000bd4   Section        0  stm32f10x_rcc.o(i.RCC_APB2PeriphClockCmd)
    i.RCC_DeInit                             0x08000bf4   Section        0  stm32f10x_rcc.o(i.RCC_DeInit)
    i.RCC_GetClocksFreq                      0x08000c40   Section        0  stm32f10x_rcc.o(i.RCC_GetClocksFreq)
    i.RCC_GetFlagStatus                      0x08000d14   Section        0  stm32f10x_rcc.o(i.RCC_GetFlagStatus)
    i.RCC_GetSYSCLKSource                    0x08000d50   Section        0  stm32f10x_rcc.o(i.RCC_GetSYSCLKSource)
    i.RCC_HCLKConfig                         0x08000d60   Section        0  stm32f10x_rcc.o(i.RCC_HCLKConfig)
    i.RCC_HSEConfig                          0x08000d78   Section        0  stm32f10x_rcc.o(i.RCC_HSEConfig)
    i.RCC_PCLK1Config                        0x08000dc4   Section        0  stm32f10x_rcc.o(i.RCC_PCLK1Config)
    i.RCC_PCLK2Config                        0x08000ddc   Section        0  stm32f10x_rcc.o(i.RCC_PCLK2Config)
    i.RCC_PLLCmd                             0x08000df4   Section        0  stm32f10x_rcc.o(i.RCC_PLLCmd)
    i.RCC_PLLConfig                          0x08000e00   Section        0  stm32f10x_rcc.o(i.RCC_PLLConfig)
    i.RCC_SYSCLKConfig                       0x08000e1c   Section        0  stm32f10x_rcc.o(i.RCC_SYSCLKConfig)
    i.RCC_WaitForHSEStartUp                  0x08000e34   Section        0  stm32f10x_rcc.o(i.RCC_WaitForHSEStartUp)
    i.ReadSendBuf                            0x08000e6c   Section        0  uart1.o(i.ReadSendBuf)
    ReadSendBuf                              0x08000e6d   Thumb Code    22  uart1.o(i.ReadSendBuf)
    i.SVC_Handler                            0x08000e88   Section        0  stm32f10x_it.o(i.SVC_Handler)
    i.ScanKeyOne                             0x08000e8c   Section        0  keyone.o(i.ScanKeyOne)
    i.SendCharUsedByFputc                    0x08000f40   Section        0  uart1.o(i.SendCharUsedByFputc)
    SendCharUsedByFputc                      0x08000f41   Thumb Code    28  uart1.o(i.SendCharUsedByFputc)
    i.SetPWM                                 0x08000f60   Section        0  pwm.o(i.SetPWM)
    i.SetSysClock                            0x08000f7c   Section        0  system_stm32f10x.o(i.SetSysClock)
    SetSysClock                              0x08000f7d   Thumb Code     8  system_stm32f10x.o(i.SetSysClock)
    i.SetSysClockTo72                        0x08000f84   Section        0  system_stm32f10x.o(i.SetSysClockTo72)
    SetSysClockTo72                          0x08000f85   Thumb Code   214  system_stm32f10x.o(i.SetSysClockTo72)
    i.SysTick_Handler                        0x08001064   Section        0  systick.o(i.SysTick_Handler)
    i.SystemInit                             0x0800106c   Section        0  system_stm32f10x.o(i.SystemInit)
    i.TIM2_IRQHandler                        0x080010cc   Section        0  timer.o(i.TIM2_IRQHandler)
    i.TIM5_IRQHandler                        0x08001108   Section        0  timer.o(i.TIM5_IRQHandler)
    i.TIM_ClearITPendingBit                  0x08001150   Section        0  stm32f10x_tim.o(i.TIM_ClearITPendingBit)
    i.TIM_Cmd                                0x08001156   Section        0  stm32f10x_tim.o(i.TIM_Cmd)
    i.TIM_GetITStatus                        0x0800116e   Section        0  stm32f10x_tim.o(i.TIM_GetITStatus)
    i.TIM_ITConfig                           0x08001190   Section        0  stm32f10x_tim.o(i.TIM_ITConfig)
    i.TIM_OC2Init                            0x080011a4   Section        0  stm32f10x_tim.o(i.TIM_OC2Init)
    i.TIM_OC2PreloadConfig                   0x08001248   Section        0  stm32f10x_tim.o(i.TIM_OC2PreloadConfig)
    i.TIM_SetCompare2                        0x08001262   Section        0  stm32f10x_tim.o(i.TIM_SetCompare2)
    i.TIM_TimeBaseInit                       0x08001268   Section        0  stm32f10x_tim.o(i.TIM_TimeBaseInit)
    i.TimDelayDec                            0x0800130c   Section        0  systick.o(i.TimDelayDec)
    TimDelayDec                              0x0800130d   Thumb Code    18  systick.o(i.TimDelayDec)
    i.USART1_IRQHandler                      0x08001324   Section        0  uart1.o(i.USART1_IRQHandler)
    i.USART_ClearFlag                        0x080013bc   Section        0  stm32f10x_usart.o(i.USART_ClearFlag)
    i.USART_ClearITPendingBit                0x080013ce   Section        0  stm32f10x_usart.o(i.USART_ClearITPendingBit)
    i.USART_Cmd                              0x080013ec   Section        0  stm32f10x_usart.o(i.USART_Cmd)
    i.USART_GetFlagStatus                    0x08001404   Section        0  stm32f10x_usart.o(i.USART_GetFlagStatus)
    i.USART_GetITStatus                      0x0800141e   Section        0  stm32f10x_usart.o(i.USART_GetITStatus)
    i.USART_ITConfig                         0x08001472   Section        0  stm32f10x_usart.o(i.USART_ITConfig)
    i.USART_Init                             0x080014bc   Section        0  stm32f10x_usart.o(i.USART_Init)
    i.USART_ReceiveData                      0x08001594   Section        0  stm32f10x_usart.o(i.USART_ReceiveData)
    i.USART_SendData                         0x0800159e   Section        0  stm32f10x_usart.o(i.USART_SendData)
    i.USART_StructInit                       0x080015a6   Section        0  stm32f10x_usart.o(i.USART_StructInit)
    i.UsageFault_Handler                     0x080015be   Section        0  stm32f10x_it.o(i.UsageFault_Handler)
    i.WriteReceiveBuf                        0x080015c4   Section        0  uart1.o(i.WriteReceiveBuf)
    WriteReceiveBuf                          0x080015c5   Thumb Code    20  uart1.o(i.WriteReceiveBuf)
    i.__0printf$bare                         0x080015dc   Section        0  printfb.o(i.__0printf$bare)
    i.__scatterload_copy                     0x080015ec   Section       14  handlers.o(i.__scatterload_copy)
    i.__scatterload_null                     0x080015fa   Section        2  handlers.o(i.__scatterload_null)
    i.__scatterload_zeroinit                 0x080015fc   Section       14  handlers.o(i.__scatterload_zeroinit)
    i._printf_core                           0x0800160a   Section        0  printfb.o(i._printf_core)
    _printf_core                             0x0800160b   Thumb Code    34  printfb.o(i._printf_core)
    i.fputc                                  0x0800162c   Section        0  uart1.o(i.fputc)
    i.main                                   0x0800163c   Section        0  main.o(i.main)
    .data                                    0x20000000   Section        8  main.o(.data)
    BreathLEDVal                             0x20000000   Data           2  main.o(.data)
    s_iCnt5                                  0x20000002   Data           1  main.o(.data)
    BreathDir                                0x20000004   Data           4  main.o(.data)
    .data                                    0x20000008   Section        9  keyone.o(.data)
    s_arrKeyDownLevel                        0x20000008   Data           3  keyone.o(.data)
    s_arrKeyVal                              0x2000000b   Data           3  keyone.o(.data)
    s_arrKeyFlag                             0x2000000e   Data           3  keyone.o(.data)
    .data                                    0x20000012   Section        6  timer.o(.data)
    s_i2msFlag                               0x20000012   Data           1  timer.o(.data)
    s_i1secFlag                              0x20000013   Data           1  timer.o(.data)
    s_iCnt2                                  0x20000014   Data           2  timer.o(.data)
    s_iCnt1000                               0x20000016   Data           2  timer.o(.data)
    .data                                    0x20000018   Section        1  uart1.o(.data)
    s_iUARTTxSts                             0x20000018   Data           1  uart1.o(.data)
    .data                                    0x2000001a   Section        2  pwm.o(.data)
    s_iDutyCycle                             0x2000001a   Data           2  pwm.o(.data)
    .data                                    0x2000001c   Section       20  stm32f10x_rcc.o(.data)
    APBAHBPrescTable                         0x2000001c   Data          16  stm32f10x_rcc.o(.data)
    ADCPrescTable                            0x2000002c   Data           4  stm32f10x_rcc.o(.data)
    .data                                    0x20000030   Section        4  systick.o(.data)
    s_iTimDelayCnt                           0x20000030   Data           4  systick.o(.data)
    .data                                    0x20000034   Section       20  system_stm32f10x.o(.data)
    .data                                    0x20000048   Section        4  stdout.o(.data)
    .bss                                     0x2000004c   Section      224  uart1.o(.bss)
    s_structUARTSendCirQue                   0x2000004c   Data          12  uart1.o(.bss)
    s_structUARTRecCirQue                    0x20000058   Data          12  uart1.o(.bss)
    s_arrSendBuf                             0x20000064   Data         100  uart1.o(.bss)
    s_arrRecBuf                              0x200000c8   Data         100  uart1.o(.bss)
    STACK                                    0x20000130   Section     1024  startup_stm32f10x_hd.o(STACK)

    Global Symbols

    Symbol Name                              Value     Ov Type        Size  Object(Section)

    BuildAttributes$$THM_ISAv4$P$D$K$B$S$PE$A:L22UL41UL21$X:L11$S22US41US21$IEEE1$IW$USESV6$~STKCKD$USESV7$~SHL$OSPACE$ROPI$EBA8$MICROLIB$REQ8$PRES8$EABIv2 0x00000000   Number         0  anon$$obj.o ABSOLUTE
    __ARM_use_no_argv                        0x00000000   Number         0  main.o ABSOLUTE
    __cpp_initialize__aeabi_                  - Undefined Weak Reference
    __cxa_finalize                            - Undefined Weak Reference
    __decompress                              - Undefined Weak Reference
    _clock_init                               - Undefined Weak Reference
    _microlib_exit                            - Undefined Weak Reference
    __Vectors_Size                           0x00000130   Number         0  startup_stm32f10x_hd.o ABSOLUTE
    __Vectors                                0x08000000   Data           4  startup_stm32f10x_hd.o(RESET)
    __Vectors_End                            0x08000130   Data           0  startup_stm32f10x_hd.o(RESET)
    __main                                   0x08000131   Thumb Code     0  entry.o(.ARM.Collect$$$$00000000)
    _main_stk                                0x08000131   Thumb Code     0  entry2.o(.ARM.Collect$$$$00000001)
    _main_scatterload                        0x08000135   Thumb Code     0  entry5.o(.ARM.Collect$$$$00000004)
    __main_after_scatterload                 0x08000139   Thumb Code     0  entry5.o(.ARM.Collect$$$$00000004)
    _main_clock                              0x08000139   Thumb Code     0  entry7b.o(.ARM.Collect$$$$00000008)
    _main_cpp_init                           0x08000139   Thumb Code     0  entry8b.o(.ARM.Collect$$$$0000000A)
    _main_init                               0x08000139   Thumb Code     0  entry9a.o(.ARM.Collect$$$$0000000B)
    __rt_final_cpp                           0x08000141   Thumb Code     0  entry10a.o(.ARM.Collect$$$$0000000D)
    __rt_final_exit                          0x08000141   Thumb Code     0  entry11a.o(.ARM.Collect$$$$0000000F)
    Reset_Handler                            0x08000145   Thumb Code     8  startup_stm32f10x_hd.o(.text)
    ADC1_2_IRQHandler                        0x0800015f   Thumb Code     0  startup_stm32f10x_hd.o(.text)
    ADC3_IRQHandler                          0x0800015f   Thumb Code     0  startup_stm32f10x_hd.o(.text)
    CAN1_RX1_IRQHandler                      0x0800015f   Thumb Code     0  startup_stm32f10x_hd.o(.text)
    CAN1_SCE_IRQHandler                      0x0800015f   Thumb Code     0  startup_stm32f10x_hd.o(.text)
    DMA1_Channel1_IRQHandler                 0x0800015f   Thumb Code     0  startup_stm32f10x_hd.o(.text)
    DMA1_Channel2_IRQHandler                 0x0800015f   Thumb Code     0  startup_stm32f10x_hd.o(.text)
    DMA1_Channel3_IRQHandler                 0x0800015f   Thumb Code     0  startup_stm32f10x_hd.o(.text)
    DMA1_Channel4_IRQHandler                 0x0800015f   Thumb Code     0  startup_stm32f10x_hd.o(.text)
    DMA1_Channel5_IRQHandler                 0x0800015f   Thumb Code     0  startup_stm32f10x_hd.o(.text)
    DMA1_Channel6_IRQHandler                 0x0800015f   Thumb Code     0  startup_stm32f10x_hd.o(.text)
    DMA1_Channel7_IRQHandler                 0x0800015f   Thumb Code     0  startup_stm32f10x_hd.o(.text)
    DMA2_Channel1_IRQHandler                 0x0800015f   Thumb Code     0  startup_stm32f10x_hd.o(.text)
    DMA2_Channel2_IRQHandler                 0x0800015f   Thumb Code     0  startup_stm32f10x_hd.o(.text)
    DMA2_Channel3_IRQHandler                 0x0800015f   Thumb Code     0  startup_stm32f10x_hd.o(.text)
    DMA2_Channel4_5_IRQHandler               0x0800015f   Thumb Code     0  startup_stm32f10x_hd.o(.text)
    EXTI0_IRQHandler                         0x0800015f   Thumb Code     0  startup_stm32f10x_hd.o(.text)
    EXTI15_10_IRQHandler                     0x0800015f   Thumb Code     0  startup_stm32f10x_hd.o(.text)
    EXTI1_IRQHandler                         0x0800015f   Thumb Code     0  startup_stm32f10x_hd.o(.text)
    EXTI2_IRQHandler                         0x0800015f   Thumb Code     0  startup_stm32f10x_hd.o(.text)
    EXTI3_IRQHandler                         0x0800015f   Thumb Code     0  startup_stm32f10x_hd.o(.text)
    EXTI4_IRQHandler                         0x0800015f   Thumb Code     0  startup_stm32f10x_hd.o(.text)
    EXTI9_5_IRQHandler                       0x0800015f   Thumb Code     0  startup_stm32f10x_hd.o(.text)
    FLASH_IRQHandler                         0x0800015f   Thumb Code     0  startup_stm32f10x_hd.o(.text)
    FSMC_IRQHandler                          0x0800015f   Thumb Code     0  startup_stm32f10x_hd.o(.text)
    I2C1_ER_IRQHandler                       0x0800015f   Thumb Code     0  startup_stm32f10x_hd.o(.text)
    I2C1_EV_IRQHandler                       0x0800015f   Thumb Code     0  startup_stm32f10x_hd.o(.text)
    I2C2_ER_IRQHandler                       0x0800015f   Thumb Code     0  startup_stm32f10x_hd.o(.text)
    I2C2_EV_IRQHandler                       0x0800015f   Thumb Code     0  startup_stm32f10x_hd.o(.text)
    PVD_IRQHandler                           0x0800015f   Thumb Code     0  startup_stm32f10x_hd.o(.text)
    RCC_IRQHandler                           0x0800015f   Thumb Code     0  startup_stm32f10x_hd.o(.text)
    RTCAlarm_IRQHandler                      0x0800015f   Thumb Code     0  startup_stm32f10x_hd.o(.text)
    RTC_IRQHandler                           0x0800015f   Thumb Code     0  startup_stm32f10x_hd.o(.text)
    SDIO_IRQHandler                          0x0800015f   Thumb Code     0  startup_stm32f10x_hd.o(.text)
    SPI1_IRQHandler                          0x0800015f   Thumb Code     0  startup_stm32f10x_hd.o(.text)
    SPI2_IRQHandler                          0x0800015f   Thumb Code     0  startup_stm32f10x_hd.o(.text)
    SPI3_IRQHandler                          0x0800015f   Thumb Code     0  startup_stm32f10x_hd.o(.text)
    TAMPER_IRQHandler                        0x0800015f   Thumb Code     0  startup_stm32f10x_hd.o(.text)
    TIM1_BRK_IRQHandler                      0x0800015f   Thumb Code     0  startup_stm32f10x_hd.o(.text)
    TIM1_CC_IRQHandler                       0x0800015f   Thumb Code     0  startup_stm32f10x_hd.o(.text)
    TIM1_TRG_COM_IRQHandler                  0x0800015f   Thumb Code     0  startup_stm32f10x_hd.o(.text)
    TIM1_UP_IRQHandler                       0x0800015f   Thumb Code     0  startup_stm32f10x_hd.o(.text)
    TIM3_IRQHandler                          0x0800015f   Thumb Code     0  startup_stm32f10x_hd.o(.text)
    TIM4_IRQHandler                          0x0800015f   Thumb Code     0  startup_stm32f10x_hd.o(.text)
    TIM6_IRQHandler                          0x0800015f   Thumb Code     0  startup_stm32f10x_hd.o(.text)
    TIM7_IRQHandler                          0x0800015f   Thumb Code     0  startup_stm32f10x_hd.o(.text)
    TIM8_BRK_IRQHandler                      0x0800015f   Thumb Code     0  startup_stm32f10x_hd.o(.text)
    TIM8_CC_IRQHandler                       0x0800015f   Thumb Code     0  startup_stm32f10x_hd.o(.text)
    TIM8_TRG_COM_IRQHandler                  0x0800015f   Thumb Code     0  startup_stm32f10x_hd.o(.text)
    TIM8_UP_IRQHandler                       0x0800015f   Thumb Code     0  startup_stm32f10x_hd.o(.text)
    UART4_IRQHandler                         0x0800015f   Thumb Code     0  startup_stm32f10x_hd.o(.text)
    UART5_IRQHandler                         0x0800015f   Thumb Code     0  startup_stm32f10x_hd.o(.text)
    USART2_IRQHandler                        0x0800015f   Thumb Code     0  startup_stm32f10x_hd.o(.text)
    USART3_IRQHandler                        0x0800015f   Thumb Code     0  startup_stm32f10x_hd.o(.text)
    USBWakeUp_IRQHandler                     0x0800015f   Thumb Code     0  startup_stm32f10x_hd.o(.text)
    USB_HP_CAN1_TX_IRQHandler                0x0800015f   Thumb Code     0  startup_stm32f10x_hd.o(.text)
    USB_LP_CAN1_RX0_IRQHandler               0x0800015f   Thumb Code     0  startup_stm32f10x_hd.o(.text)
    WWDG_IRQHandler                          0x0800015f   Thumb Code     0  startup_stm32f10x_hd.o(.text)
    __scatterload                            0x08000169   Thumb Code    28  init.o(.text)
    __scatterload_rt2                        0x08000169   Thumb Code     0  init.o(.text)
    BusFault_Handler                         0x0800018d   Thumb Code     4  stm32f10x_it.o(i.BusFault_Handler)
    Clr1SecFlag                              0x08000191   Thumb Code     8  timer.o(i.Clr1SecFlag)
    Clr2msFlag                               0x0800019d   Thumb Code     8  timer.o(i.Clr2msFlag)
    DeQueue                                  0x080004cd   Thumb Code    68  queue.o(i.DeQueue)
    DebugMon_Handler                         0x08000511   Thumb Code     2  stm32f10x_it.o(i.DebugMon_Handler)
    DecPWMDutyCycle                          0x08000515   Thumb Code    46  pwm.o(i.DecPWMDutyCycle)
    EnQueue                                  0x0800054d   Thumb Code    72  queue.o(i.EnQueue)
    FLASH_PrefetchBufferCmd                  0x08000595   Thumb Code    22  stm32f10x_flash.o(i.FLASH_PrefetchBufferCmd)
    FLASH_SetLatency                         0x080005b1   Thumb Code    18  stm32f10x_flash.o(i.FLASH_SetLatency)
    GPIO_Init                                0x080005c9   Thumb Code   278  stm32f10x_gpio.o(i.GPIO_Init)
    GPIO_PinRemapConfig                      0x080006e1   Thumb Code   138  stm32f10x_gpio.o(i.GPIO_PinRemapConfig)
    GPIO_ReadInputDataBit                    0x08000771   Thumb Code    18  stm32f10x_gpio.o(i.GPIO_ReadInputDataBit)
    Get1SecFlag                              0x08000785   Thumb Code     6  timer.o(i.Get1SecFlag)
    Get2msFlag                               0x08000791   Thumb Code     6  timer.o(i.Get2msFlag)
    HardFault_Handler                        0x0800079d   Thumb Code     4  stm32f10x_it.o(i.HardFault_Handler)
    IncPWMDutyCycle                          0x080007a1   Thumb Code    50  pwm.o(i.IncPWMDutyCycle)
    InitKeyOne                               0x0800080d   Thumb Code    18  keyone.o(i.InitKeyOne)
    InitLED                                  0x08000825   Thumb Code     8  led.o(i.InitLED)
    InitNVIC                                 0x0800082d   Thumb Code     8  nvic.o(i.InitNVIC)
    InitPWM                                  0x08000835   Thumb Code    24  pwm.o(i.InitPWM)
    InitProcKeyOne                           0x08000851   Thumb Code     2  prockeyone.o(i.InitProcKeyOne)
    InitQueue                                0x08000853   Thumb Code    36  queue.o(i.InitQueue)
    InitRCC                                  0x08000877   Thumb Code     8  rcc.o(i.InitRCC)
    InitSysTick                              0x08000881   Thumb Code    92  systick.o(i.InitSysTick)
    InitTimer                                0x080008e9   Thumb Code    24  timer.o(i.InitTimer)
    InitUART1                                0x08000901   Thumb Code    16  uart1.o(i.InitUART1)
    MemManage_Handler                        0x08000951   Thumb Code     4  stm32f10x_it.o(i.MemManage_Handler)
    NMI_Handler                              0x08000955   Thumb Code     2  stm32f10x_it.o(i.NMI_Handler)
    NVIC_Init                                0x08000971   Thumb Code   100  misc.o(i.NVIC_Init)
    NVIC_PriorityGroupConfig                 0x080009e1   Thumb Code    10  misc.o(i.NVIC_PriorityGroupConfig)
    PendSV_Handler                           0x080009f5   Thumb Code     2  stm32f10x_it.o(i.PendSV_Handler)
    ProcKeyDownKey1                          0x08000ae1   Thumb Code    14  prockeyone.o(i.ProcKeyDownKey1)
    ProcKeyDownKey2                          0x08000b05   Thumb Code    18  prockeyone.o(i.ProcKeyDownKey2)
    ProcKeyDownKey3                          0x08000b2d   Thumb Code    14  prockeyone.o(i.ProcKeyDownKey3)
    ProcKeyUpKey1                            0x08000b51   Thumb Code    10  prockeyone.o(i.ProcKeyUpKey1)
    ProcKeyUpKey2                            0x08000b6d   Thumb Code    10  prockeyone.o(i.ProcKeyUpKey2)
    ProcKeyUpKey3                            0x08000b89   Thumb Code    10  prockeyone.o(i.ProcKeyUpKey3)
    QueueEmpty                               0x08000ba5   Thumb Code    14  queue.o(i.QueueEmpty)
    RCC_APB1PeriphClockCmd                   0x08000bb5   Thumb Code    26  stm32f10x_rcc.o(i.RCC_APB1PeriphClockCmd)
    RCC_APB2PeriphClockCmd                   0x08000bd5   Thumb Code    26  stm32f10x_rcc.o(i.RCC_APB2PeriphClockCmd)
    RCC_DeInit                               0x08000bf5   Thumb Code    64  stm32f10x_rcc.o(i.RCC_DeInit)
    RCC_GetClocksFreq                        0x08000c41   Thumb Code   192  stm32f10x_rcc.o(i.RCC_GetClocksFreq)
    RCC_GetFlagStatus                        0x08000d15   Thumb Code    56  stm32f10x_rcc.o(i.RCC_GetFlagStatus)
    RCC_GetSYSCLKSource                      0x08000d51   Thumb Code    10  stm32f10x_rcc.o(i.RCC_GetSYSCLKSource)
    RCC_HCLKConfig                           0x08000d61   Thumb Code    18  stm32f10x_rcc.o(i.RCC_HCLKConfig)
    RCC_HSEConfig                            0x08000d79   Thumb Code    70  stm32f10x_rcc.o(i.RCC_HSEConfig)
    RCC_PCLK1Config                          0x08000dc5   Thumb Code    18  stm32f10x_rcc.o(i.RCC_PCLK1Config)
    RCC_PCLK2Config                          0x08000ddd   Thumb Code    20  stm32f10x_rcc.o(i.RCC_PCLK2Config)
    RCC_PLLCmd                               0x08000df5   Thumb Code     6  stm32f10x_rcc.o(i.RCC_PLLCmd)
    RCC_PLLConfig                            0x08000e01   Thumb Code    24  stm32f10x_rcc.o(i.RCC_PLLConfig)
    RCC_SYSCLKConfig                         0x08000e1d   Thumb Code    18  stm32f10x_rcc.o(i.RCC_SYSCLKConfig)
    RCC_WaitForHSEStartUp                    0x08000e35   Thumb Code    56  stm32f10x_rcc.o(i.RCC_WaitForHSEStartUp)
    SVC_Handler                              0x08000e89   Thumb Code     2  stm32f10x_it.o(i.SVC_Handler)
    ScanKeyOne                               0x08000e8d   Thumb Code   158  keyone.o(i.ScanKeyOne)
    SetPWM                                   0x08000f61   Thumb Code    20  pwm.o(i.SetPWM)
    SysTick_Handler                          0x08001065   Thumb Code     8  systick.o(i.SysTick_Handler)
    SystemInit                               0x0800106d   Thumb Code    78  system_stm32f10x.o(i.SystemInit)
    TIM2_IRQHandler                          0x080010cd   Thumb Code    52  timer.o(i.TIM2_IRQHandler)
    TIM5_IRQHandler                          0x08001109   Thumb Code    58  timer.o(i.TIM5_IRQHandler)
    TIM_ClearITPendingBit                    0x08001151   Thumb Code     6  stm32f10x_tim.o(i.TIM_ClearITPendingBit)
    TIM_Cmd                                  0x08001157   Thumb Code    24  stm32f10x_tim.o(i.TIM_Cmd)
    TIM_GetITStatus                          0x0800116f   Thumb Code    34  stm32f10x_tim.o(i.TIM_GetITStatus)
    TIM_ITConfig                             0x08001191   Thumb Code    18  stm32f10x_tim.o(i.TIM_ITConfig)
    TIM_OC2Init                              0x080011a5   Thumb Code   154  stm32f10x_tim.o(i.TIM_OC2Init)
    TIM_OC2PreloadConfig                     0x08001249   Thumb Code    26  stm32f10x_tim.o(i.TIM_OC2PreloadConfig)
    TIM_SetCompare2                          0x08001263   Thumb Code     4  stm32f10x_tim.o(i.TIM_SetCompare2)
    TIM_TimeBaseInit                         0x08001269   Thumb Code   122  stm32f10x_tim.o(i.TIM_TimeBaseInit)
    USART1_IRQHandler                        0x08001325   Thumb Code   140  uart1.o(i.USART1_IRQHandler)
    USART_ClearFlag                          0x080013bd   Thumb Code    18  stm32f10x_usart.o(i.USART_ClearFlag)
    USART_ClearITPendingBit                  0x080013cf   Thumb Code    30  stm32f10x_usart.o(i.USART_ClearITPendingBit)
    USART_Cmd                                0x080013ed   Thumb Code    24  stm32f10x_usart.o(i.USART_Cmd)
    USART_GetFlagStatus                      0x08001405   Thumb Code    26  stm32f10x_usart.o(i.USART_GetFlagStatus)
    USART_GetITStatus                        0x0800141f   Thumb Code    84  stm32f10x_usart.o(i.USART_GetITStatus)
    USART_ITConfig                           0x08001473   Thumb Code    74  stm32f10x_usart.o(i.USART_ITConfig)
    USART_Init                               0x080014bd   Thumb Code   210  stm32f10x_usart.o(i.USART_Init)
    USART_ReceiveData                        0x08001595   Thumb Code    10  stm32f10x_usart.o(i.USART_ReceiveData)
    USART_SendData                           0x0800159f   Thumb Code     8  stm32f10x_usart.o(i.USART_SendData)
    USART_StructInit                         0x080015a7   Thumb Code    24  stm32f10x_usart.o(i.USART_StructInit)
    UsageFault_Handler                       0x080015bf   Thumb Code     4  stm32f10x_it.o(i.UsageFault_Handler)
    __0printf$bare                           0x080015dd   Thumb Code     8  printfb.o(i.__0printf$bare)
    __1printf$bare                           0x080015dd   Thumb Code     0  printfb.o(i.__0printf$bare)
    __2printf                                0x080015dd   Thumb Code     0  printfb.o(i.__0printf$bare)
    __scatterload_copy                       0x080015ed   Thumb Code    14  handlers.o(i.__scatterload_copy)
    __scatterload_null                       0x080015fb   Thumb Code     2  handlers.o(i.__scatterload_null)
    __scatterload_zeroinit                   0x080015fd   Thumb Code    14  handlers.o(i.__scatterload_zeroinit)
    fputc                                    0x0800162d   Thumb Code    16  uart1.o(i.fputc)
    main                                     0x0800163d   Thumb Code    36  main.o(i.main)
    Region$$Table$$Base                      0x08001688   Number         0  anon$$obj.o(Region$$Table)
    Region$$Table$$Limit                     0x080016a8   Number         0  anon$$obj.o(Region$$Table)
    SystemCoreClock                          0x20000034   Data           4  system_stm32f10x.o(.data)
    AHBPrescTable                            0x20000038   Data          16  system_stm32f10x.o(.data)
    __stdout                                 0x20000048   Data           4  stdout.o(.data)
    __initial_sp                             0x20000530   Data           0  startup_stm32f10x_hd.o(STACK)



==============================================================================

Memory Map of the image

  Image Entry point : 0x08000131

  Load Region LR_IROM1 (Base: 0x08000000, Size: 0x000016f4, Max: 0x00040000, ABSOLUTE)

    Execution Region ER_IROM1 (Base: 0x08000000, Size: 0x000016a8, Max: 0x00040000, ABSOLUTE)

    Base Addr    Size         Type   Attr      Idx    E Section Name        Object

    0x08000000   0x00000130   Data   RO         1894    RESET               startup_stm32f10x_hd.o
    0x08000130   0x00000000   Code   RO         1899  * .ARM.Collect$$$$00000000  mc_w.l(entry.o)
    0x08000130   0x00000004   Code   RO         2162    .ARM.Collect$$$$00000001  mc_w.l(entry2.o)
    0x08000134   0x00000004   Code   RO         2165    .ARM.Collect$$$$00000004  mc_w.l(entry5.o)
    0x08000138   0x00000000   Code   RO         2167    .ARM.Collect$$$$00000008  mc_w.l(entry7b.o)
    0x08000138   0x00000000   Code   RO         2169    .ARM.Collect$$$$0000000A  mc_w.l(entry8b.o)
    0x08000138   0x00000008   Code   RO         2170    .ARM.Collect$$$$0000000B  mc_w.l(entry9a.o)
    0x08000140   0x00000000   Code   RO         2172    .ARM.Collect$$$$0000000D  mc_w.l(entry10a.o)
    0x08000140   0x00000000   Code   RO         2174    .ARM.Collect$$$$0000000F  mc_w.l(entry11a.o)
    0x08000140   0x00000004   Code   RO         2163    .ARM.Collect$$$$00002712  mc_w.l(entry2.o)
    0x08000144   0x00000024   Code   RO         1895    .text               startup_stm32f10x_hd.o
    0x08000168   0x00000024   Code   RO         2192    .text               mc_w.l(init.o)
    0x0800018c   0x00000004   Code   RO         1801    i.BusFault_Handler  stm32f10x_it.o
    0x08000190   0x0000000c   Code   RO          260    i.Clr1SecFlag       timer.o
    0x0800019c   0x0000000c   Code   RO          261    i.Clr2msFlag        timer.o
    0x080001a8   0x00000058   Code   RO          170    i.ConfigKeyOneGPIO  keyone.o
    0x08000200   0x00000044   Code   RO          127    i.ConfigLEDGPIO     led.o
    0x08000244   0x0000000c   Code   RO         1732    i.ConfigNVIC        nvic.o
    0x08000250   0x00000064   Code   RO          243    i.ConfigRCC         rcc.o
    0x080002b4   0x0000005c   Code   RO          262    i.ConfigTimer2      timer.o
    0x08000310   0x00000098   Code   RO          443    i.ConfigTimer3ForPWMPB5  pwm.o
    0x080003a8   0x00000060   Code   RO          263    i.ConfigTimer5      timer.o
    0x08000408   0x000000c4   Code   RO          365    i.ConfigUART        uart1.o
    0x080004cc   0x00000044   Code   RO          321    i.DeQueue           queue.o
    0x08000510   0x00000002   Code   RO         1802    i.DebugMon_Handler  stm32f10x_it.o
    0x08000512   0x00000002   PAD
    0x08000514   0x00000038   Code   RO          444    i.DecPWMDutyCycle   pwm.o
    0x0800054c   0x00000048   Code   RO          322    i.EnQueue           queue.o
    0x08000594   0x0000001c   Code   RO          533    i.FLASH_PrefetchBufferCmd  stm32f10x_flash.o
    0x080005b0   0x00000018   Code   RO          538    i.FLASH_SetLatency  stm32f10x_flash.o
    0x080005c8   0x00000116   Code   RO          696    i.GPIO_Init         stm32f10x_gpio.o
    0x080006de   0x00000002   PAD
    0x080006e0   0x00000090   Code   RO          698    i.GPIO_PinRemapConfig  stm32f10x_gpio.o
    0x08000770   0x00000012   Code   RO          700    i.GPIO_ReadInputDataBit  stm32f10x_gpio.o
    0x08000782   0x00000002   PAD
    0x08000784   0x0000000c   Code   RO          264    i.Get1SecFlag       timer.o
    0x08000790   0x0000000c   Code   RO          265    i.Get2msFlag        timer.o
    0x0800079c   0x00000004   Code   RO         1803    i.HardFault_Handler  stm32f10x_it.o
    0x080007a0   0x0000003c   Code   RO          445    i.IncPWMDutyCycle   pwm.o
    0x080007dc   0x00000030   Code   RO            1    i.InitHardware      main.o
    0x0800080c   0x00000018   Code   RO          171    i.InitKeyOne        keyone.o
    0x08000824   0x00000008   Code   RO          128    i.InitLED           led.o
    0x0800082c   0x00000008   Code   RO         1733    i.InitNVIC          nvic.o
    0x08000834   0x0000001c   Code   RO          446    i.InitPWM           pwm.o
    0x08000850   0x00000002   Code   RO          195    i.InitProcKeyOne    prockeyone.o
    0x08000852   0x00000024   Code   RO          323    i.InitQueue         queue.o
    0x08000876   0x00000008   Code   RO          244    i.InitRCC           rcc.o
    0x0800087e   0x00000002   Code   RO            2    i.InitSoftware      main.o
    0x08000880   0x00000068   Code   RO         1751    i.InitSysTick       systick.o
    0x080008e8   0x00000018   Code   RO          266    i.InitTimer         timer.o
    0x08000900   0x00000010   Code   RO          367    i.InitUART1         uart1.o
    0x08000910   0x00000040   Code   RO          368    i.InitUARTBuf       uart1.o
    0x08000950   0x00000004   Code   RO         1804    i.MemManage_Handler  stm32f10x_it.o
    0x08000954   0x00000002   Code   RO         1805    i.NMI_Handler       stm32f10x_it.o
    0x08000956   0x00000002   PAD
    0x08000958   0x00000018   Code   RO          369    i.NVIC_ClearPendingIRQ  uart1.o
    0x08000970   0x00000070   Code   RO          480    i.NVIC_Init         misc.o
    0x080009e0   0x00000014   Code   RO          481    i.NVIC_PriorityGroupConfig  misc.o
    0x080009f4   0x00000002   Code   RO         1806    i.PendSV_Handler    stm32f10x_it.o
    0x080009f6   0x0000000e   Code   RO            3    i.Proc1SecTask      main.o
    0x08000a04   0x000000dc   Code   RO            4    i.Proc2msTask       main.o
    0x08000ae0   0x00000024   Code   RO          196    i.ProcKeyDownKey1   prockeyone.o
    0x08000b04   0x00000028   Code   RO          197    i.ProcKeyDownKey2   prockeyone.o
    0x08000b2c   0x00000024   Code   RO          198    i.ProcKeyDownKey3   prockeyone.o
    0x08000b50   0x0000001c   Code   RO          199    i.ProcKeyUpKey1     prockeyone.o
    0x08000b6c   0x0000001c   Code   RO          200    i.ProcKeyUpKey2     prockeyone.o
    0x08000b88   0x0000001c   Code   RO          201    i.ProcKeyUpKey3     prockeyone.o
    0x08000ba4   0x0000000e   Code   RO          324    i.QueueEmpty        queue.o
    0x08000bb2   0x00000002   PAD
    0x08000bb4   0x00000020   Code   RO          806    i.RCC_APB1PeriphClockCmd  stm32f10x_rcc.o
    0x08000bd4   0x00000020   Code   RO          808    i.RCC_APB2PeriphClockCmd  stm32f10x_rcc.o
    0x08000bf4   0x0000004c   Code   RO          815    i.RCC_DeInit        stm32f10x_rcc.o
    0x08000c40   0x000000d4   Code   RO          816    i.RCC_GetClocksFreq  stm32f10x_rcc.o
    0x08000d14   0x0000003c   Code   RO          817    i.RCC_GetFlagStatus  stm32f10x_rcc.o
    0x08000d50   0x00000010   Code   RO          819    i.RCC_GetSYSCLKSource  stm32f10x_rcc.o
    0x08000d60   0x00000018   Code   RO          820    i.RCC_HCLKConfig    stm32f10x_rcc.o
    0x08000d78   0x0000004c   Code   RO          821    i.RCC_HSEConfig     stm32f10x_rcc.o
    0x08000dc4   0x00000018   Code   RO          827    i.RCC_PCLK1Config   stm32f10x_rcc.o
    0x08000ddc   0x00000018   Code   RO          828    i.RCC_PCLK2Config   stm32f10x_rcc.o
    0x08000df4   0x0000000c   Code   RO          829    i.RCC_PLLCmd        stm32f10x_rcc.o
    0x08000e00   0x0000001c   Code   RO          830    i.RCC_PLLConfig     stm32f10x_rcc.o
    0x08000e1c   0x00000018   Code   RO          833    i.RCC_SYSCLKConfig  stm32f10x_rcc.o
    0x08000e34   0x00000038   Code   RO          835    i.RCC_WaitForHSEStartUp  stm32f10x_rcc.o
    0x08000e6c   0x0000001c   Code   RO          370    i.ReadSendBuf       uart1.o
    0x08000e88   0x00000002   Code   RO         1807    i.SVC_Handler       stm32f10x_it.o
    0x08000e8a   0x00000002   PAD
    0x08000e8c   0x000000b4   Code   RO          172    i.ScanKeyOne        keyone.o
    0x08000f40   0x00000020   Code   RO          372    i.SendCharUsedByFputc  uart1.o
    0x08000f60   0x0000001c   Code   RO          447    i.SetPWM            pwm.o
    0x08000f7c   0x00000008   Code   RO         1858    i.SetSysClock       system_stm32f10x.o
    0x08000f84   0x000000e0   Code   RO         1859    i.SetSysClockTo72   system_stm32f10x.o
    0x08001064   0x00000008   Code   RO         1752    i.SysTick_Handler   systick.o
    0x0800106c   0x00000060   Code   RO         1861    i.SystemInit        system_stm32f10x.o
    0x080010cc   0x0000003c   Code   RO          267    i.TIM2_IRQHandler   timer.o
    0x08001108   0x00000048   Code   RO          268    i.TIM5_IRQHandler   timer.o
    0x08001150   0x00000006   Code   RO         1015    i.TIM_ClearITPendingBit  stm32f10x_tim.o
    0x08001156   0x00000018   Code   RO         1020    i.TIM_Cmd           stm32f10x_tim.o
    0x0800116e   0x00000022   Code   RO         1041    i.TIM_GetITStatus   stm32f10x_tim.o
    0x08001190   0x00000012   Code   RO         1045    i.TIM_ITConfig      stm32f10x_tim.o
    0x080011a2   0x00000002   PAD
    0x080011a4   0x000000a4   Code   RO         1054    i.TIM_OC2Init       stm32f10x_tim.o
    0x08001248   0x0000001a   Code   RO         1057    i.TIM_OC2PreloadConfig  stm32f10x_tim.o
    0x08001262   0x00000004   Code   RO         1082    i.TIM_SetCompare2   stm32f10x_tim.o
    0x08001266   0x00000002   PAD
    0x08001268   0x000000a4   Code   RO         1091    i.TIM_TimeBaseInit  stm32f10x_tim.o
    0x0800130c   0x00000018   Code   RO         1753    i.TimDelayDec       systick.o
    0x08001324   0x00000098   Code   RO          373    i.USART1_IRQHandler  uart1.o
    0x080013bc   0x00000012   Code   RO         1552    i.USART_ClearFlag   stm32f10x_usart.o
    0x080013ce   0x0000001e   Code   RO         1553    i.USART_ClearITPendingBit  stm32f10x_usart.o
    0x080013ec   0x00000018   Code   RO         1556    i.USART_Cmd         stm32f10x_usart.o
    0x08001404   0x0000001a   Code   RO         1559    i.USART_GetFlagStatus  stm32f10x_usart.o
    0x0800141e   0x00000054   Code   RO         1560    i.USART_GetITStatus  stm32f10x_usart.o
    0x08001472   0x0000004a   Code   RO         1562    i.USART_ITConfig    stm32f10x_usart.o
    0x080014bc   0x000000d8   Code   RO         1563    i.USART_Init        stm32f10x_usart.o
    0x08001594   0x0000000a   Code   RO         1570    i.USART_ReceiveData  stm32f10x_usart.o
    0x0800159e   0x00000008   Code   RO         1573    i.USART_SendData    stm32f10x_usart.o
    0x080015a6   0x00000018   Code   RO         1579    i.USART_StructInit  stm32f10x_usart.o
    0x080015be   0x00000004   Code   RO         1808    i.UsageFault_Handler  stm32f10x_it.o
    0x080015c2   0x00000002   PAD
    0x080015c4   0x00000018   Code   RO          374    i.WriteReceiveBuf   uart1.o
    0x080015dc   0x00000010   Code   RO         1903    i.__0printf$bare    mc_w.l(printfb.o)
    0x080015ec   0x0000000e   Code   RO         2204    i.__scatterload_copy  mc_w.l(handlers.o)
    0x080015fa   0x00000002   Code   RO         2205    i.__scatterload_null  mc_w.l(handlers.o)
    0x080015fc   0x0000000e   Code   RO         2206    i.__scatterload_zeroinit  mc_w.l(handlers.o)
    0x0800160a   0x00000022   Code   RO         1910    i._printf_core      mc_w.l(printfb.o)
    0x0800162c   0x00000010   Code   RO          376    i.fputc             uart1.o
    0x0800163c   0x0000004c   Code   RO            5    i.main              main.o
    0x08001688   0x00000020   Data   RO         2202    Region$$Table       anon$$obj.o


    Execution Region RW_IRAM1 (Base: 0x20000000, Size: 0x00000530, Max: 0x0000c000, ABSOLUTE)

    Base Addr    Size         Type   Attr      Idx    E Section Name        Object

    0x20000000   0x00000008   Data   RW            6    .data               main.o
    0x20000008   0x00000009   Data   RW          173    .data               keyone.o
    0x20000011   0x00000001   PAD
    0x20000012   0x00000006   Data   RW          269    .data               timer.o
    0x20000018   0x00000001   Data   RW          378    .data               uart1.o
    0x20000019   0x00000001   PAD
    0x2000001a   0x00000002   Data   RW          448    .data               pwm.o
    0x2000001c   0x00000014   Data   RW          836    .data               stm32f10x_rcc.o
    0x20000030   0x00000004   Data   RW         1754    .data               systick.o
    0x20000034   0x00000014   Data   RW         1862    .data               system_stm32f10x.o
    0x20000048   0x00000004   Data   RW         2176    .data               mc_w.l(stdout.o)
    0x2000004c   0x000000e0   Zero   RW          377    .bss                uart1.o
    0x2000012c   0x00000004   PAD
    0x20000130   0x00000400   Zero   RW         1892    STACK               startup_stm32f10x_hd.o


==============================================================================

Image component sizes


      Code (inc. data)   RO Data    RW Data    ZI Data      Debug   Object Name

         0          0          0          0          0         32   core_cm3.o
       292         36          0          9          0       2450   keyone.o
        76          4          0          0          0     206642   led.o
       360        100          0          8          0     257443   main.o
       132         22          0          0          0       1487   misc.o
        20          0          0          0          0        867   nvic.o
       198        120          0          0          0       3327   prockeyone.o
       324         46          0          2          0       2799   pwm.o
       190          0          0          0          0       3185   queue.o
       108          0          0          0          0        966   rcc.o
        36          8        304          0       1024        816   startup_stm32f10x_hd.o
        52         12          0          0          0       1077   stm32f10x_flash.o
       440          6          0          0          0       3358   stm32f10x_gpio.o
        24          0          0          0          0       3640   stm32f10x_it.o
       696         92          0         20          0      10350   stm32f10x_rcc.o
       440         52          0          0          0       5273   stm32f10x_tim.o
       514          6          0          0          0       7748   stm32f10x_usart.o
       328         28          0         20          0       2293   system_stm32f10x.o
       136         18          0          4          0      17243   systick.o
       392         48          0          6          0       4750   timer.o
       552         64          0          1        224      20583   uart1.o

    ----------------------------------------------------------------------
      5328        662        336         72       1252     556329   Object Totals
         0          0         32          0          0          0   (incl. Generated)
        18          0          0          2          4          0   (incl. Padding)

    ----------------------------------------------------------------------

      Code (inc. data)   RO Data    RW Data    ZI Data      Debug   Library Member Name

         0          0          0          0          0          0   entry.o
         0          0          0          0          0          0   entry10a.o
         0          0          0          0          0          0   entry11a.o
         8          4          0          0          0          0   entry2.o
         4          0          0          0          0          0   entry5.o
         0          0          0          0          0          0   entry7b.o
         0          0          0          0          0          0   entry8b.o
         8          4          0          0          0          0   entry9a.o
        30          0          0          0          0          0   handlers.o
        36          8          0          0          0         68   init.o
        50          8          0          0          0        152   printfb.o
         0          0          0          4          0          0   stdout.o

    ----------------------------------------------------------------------
       136         24          0          4          0        220   Library Totals
         0          0          0          0          0          0   (incl. Padding)

    ----------------------------------------------------------------------

      Code (inc. data)   RO Data    RW Data    ZI Data      Debug   Library Name

       136         24          0          4          0        220   mc_w.l

    ----------------------------------------------------------------------
       136         24          0          4          0        220   Library Totals

    ----------------------------------------------------------------------

==============================================================================


      Code (inc. data)   RO Data    RW Data    ZI Data      Debug   

      5464        686        336         76       1252     551605   Grand Totals
      5464        686        336         76       1252     551605   ELF Image Totals
      5464        686        336         76          0          0   ROM Totals

==============================================================================

    Total RO  Size (Code + RO Data)                 5800 (   5.66kB)
    Total RW  Size (RW Data + ZI Data)              1328 (   1.30kB)
    Total ROM Size (Code + RO Data + RW Data)       5876 (   5.74kB)

==============================================================================

