Component: ARM Compiler 5.06 update 2 (build 183) Tool: armlink [4d35b7]

==============================================================================

Section Cross References

    main.o(i.InitHardware) refers to system_stm32f10x.o(i.SystemInit) for SystemInit
    main.o(i.InitHardware) refers to rcc.o(i.InitRCC) for InitRCC
    main.o(i.InitHardware) refers to nvic.o(i.InitNVIC) for InitNVIC
    main.o(i.InitHardware) refers to uart1.o(i.InitUART1) for InitUART1
    main.o(i.InitHardware) refers to timer.o(i.InitTimer) for InitTimer
    main.o(i.InitHardware) refers to systick.o(i.InitSysTick) for InitSysTick
    main.o(i.InitHardware) refers to capture.o(i.InitCapture) for InitCapture
    main.o(i.InitHardware) refers to pwm.o(i.InitPWM) for InitPWM
    main.o(i.InitHardware) refers to keyone.o(i.InitKeyOne) for InitKeyOne
    main.o(i.InitHardware) refers to prockeyone.o(i.InitProcKeyOne) for InitProcKeyOne
    main.o(i.InitHardware) refers to oled.o(i.InitOLED) for InitOLED
    main.o(i.Proc1SecTask) refers to timer.o(i.Get1SecFlag) for Get1SecFlag
    main.o(i.Proc1SecTask) refers to timer.o(i.Clr1SecFlag) for Clr1SecFlag
    main.o(i.Proc2msTask) refers to timer.o(i.Get2msFlag) for Get2msFlag
    main.o(i.Proc2msTask) refers to keyone.o(i.ScanKeyOne) for ScanKeyOne
    main.o(i.Proc2msTask) refers to capture.o(i.GetCaptureVal) for GetCaptureVal
    main.o(i.Proc2msTask) refers to dflti.o(.text) for __aeabi_i2d
    main.o(i.Proc2msTask) refers to ddiv.o(.text) for __aeabi_ddiv
    main.o(i.Proc2msTask) refers to d2f.o(.text) for __aeabi_d2f
    main.o(i.Proc2msTask) refers to f2d.o(.text) for __aeabi_f2d
    main.o(i.Proc2msTask) refers to dadd.o(.text) for __aeabi_dadd
    main.o(i.Proc2msTask) refers to printfa.o(i.__0sprintf) for __2sprintf
    main.o(i.Proc2msTask) refers to oled.o(i.OLEDShowString) for OLEDShowString
    main.o(i.Proc2msTask) refers to printfa.o(i.__0printf) for __2printf
    main.o(i.Proc2msTask) refers to oled.o(i.OLEDRefreshGRAM) for OLEDRefreshGRAM
    main.o(i.Proc2msTask) refers to timer.o(i.Clr2msFlag) for Clr2msFlag
    main.o(i.Proc2msTask) refers to main.o(.data) for s_iCnt5
    main.o(i.Proc2msTask) refers to prockeyone.o(i.ProcKeyDownKey1) for ProcKeyDownKey1
    main.o(i.Proc2msTask) refers to prockeyone.o(i.ProcKeyUpKey1) for ProcKeyUpKey1
    main.o(i.Proc2msTask) refers to prockeyone.o(i.ProcKeyDownKey2) for ProcKeyDownKey2
    main.o(i.Proc2msTask) refers to prockeyone.o(i.ProcKeyUpKey2) for ProcKeyUpKey2
    main.o(i.main) refers to main.o(i.InitSoftware) for InitSoftware
    main.o(i.main) refers to main.o(i.InitHardware) for InitHardware
    main.o(i.main) refers to printfa.o(i.__0printf) for __2printf
    main.o(i.main) refers to pwm.o(i.SetPWM) for SetPWM
    main.o(i.main) refers to oled.o(i.OLEDShowString) for OLEDShowString
    main.o(i.main) refers to main.o(i.Proc2msTask) for Proc2msTask
    main.o(i.main) refers to main.o(i.Proc1SecTask) for Proc1SecTask
    led.o(i.ConfigLEDGPIO) refers to stm32f10x_rcc.o(i.RCC_APB2PeriphClockCmd) for RCC_APB2PeriphClockCmd
    led.o(i.ConfigLEDGPIO) refers to stm32f10x_gpio.o(i.GPIO_Init) for GPIO_Init
    led.o(i.ConfigLEDGPIO) refers to stm32f10x_gpio.o(i.GPIO_WriteBit) for GPIO_WriteBit
    led.o(i.InitLED) refers to led.o(i.ConfigLEDGPIO) for ConfigLEDGPIO
    led.o(i.LEDFlicker) refers to stm32f10x_gpio.o(i.GPIO_ReadOutputDataBit) for GPIO_ReadOutputDataBit
    led.o(i.LEDFlicker) refers to stm32f10x_gpio.o(i.GPIO_WriteBit) for GPIO_WriteBit
    led.o(i.LEDFlicker) refers to led.o(.data) for s_iCnt
    keyone.o(i.ConfigKeyOneGPIO) refers to stm32f10x_rcc.o(i.RCC_APB2PeriphClockCmd) for RCC_APB2PeriphClockCmd
    keyone.o(i.ConfigKeyOneGPIO) refers to stm32f10x_gpio.o(i.GPIO_Init) for GPIO_Init
    keyone.o(i.InitKeyOne) refers to keyone.o(i.ConfigKeyOneGPIO) for ConfigKeyOneGPIO
    keyone.o(i.InitKeyOne) refers to keyone.o(.data) for s_arrKeyDownLevel
    keyone.o(i.ScanKeyOne) refers to stm32f10x_gpio.o(i.GPIO_ReadInputDataBit) for GPIO_ReadInputDataBit
    keyone.o(i.ScanKeyOne) refers to keyone.o(.data) for s_arrKeyVal
    prockeyone.o(i.ProcKeyDownKey1) refers to pwm.o(i.IncPWMDutyCycle) for IncPWMDutyCycle
    prockeyone.o(i.ProcKeyDownKey1) refers to printfa.o(i.__0printf) for __2printf
    prockeyone.o(i.ProcKeyDownKey2) refers to pwm.o(i.SetPWM) for SetPWM
    prockeyone.o(i.ProcKeyDownKey2) refers to printfa.o(i.__0printf) for __2printf
    prockeyone.o(i.ProcKeyUpKey1) refers to printfa.o(i.__0printf) for __2printf
    prockeyone.o(i.ProcKeyUpKey2) refers to printfa.o(i.__0printf) for __2printf
    oled.o(i.ConfigOLEDGPIO) refers to stm32f10x_rcc.o(i.RCC_APB2PeriphClockCmd) for RCC_APB2PeriphClockCmd
    oled.o(i.ConfigOLEDGPIO) refers to stm32f10x_gpio.o(i.GPIO_Init) for GPIO_Init
    oled.o(i.ConfigOLEDGPIO) refers to stm32f10x_gpio.o(i.GPIO_SetBits) for GPIO_SetBits
    oled.o(i.ConfigOLEDReg) refers to oled.o(i.OLEDWriteByte) for OLEDWriteByte
[...]
    printfa.o(i.__0vfprintf) refers to uart1.o(i.fputc) for fputc
    printfa.o(i.__0vprintf) refers (Special) to iusefp.o(.text) for __I$use$fp
    printfa.o(i.__0vprintf) refers to printfa.o(i._printf_core) for _printf_core
    printfa.o(i.__0vprintf) refers to uart1.o(i.fputc) for fputc
    printfa.o(i.__0vprintf) refers to stdout.o(.data) for __stdout
    printfa.o(i.__0vsnprintf) refers (Special) to iusefp.o(.text) for __I$use$fp
    printfa.o(i.__0vsnprintf) refers to printfa.o(i._printf_core) for _printf_core
    printfa.o(i.__0vsnprintf) refers to printfa.o(i._snputc) for _snputc
    printfa.o(i.__0vsprintf) refers (Special) to iusefp.o(.text) for __I$use$fp
    printfa.o(i.__0vsprintf) refers to printfa.o(i._printf_core) for _printf_core
    printfa.o(i.__0vsprintf) refers to printfa.o(i._sputc) for _sputc
    printfa.o(i._fp_digits) refers (Special) to iusefp.o(.text) for __I$use$fp
    printfa.o(i._fp_digits) refers to dmul.o(.text) for __aeabi_dmul
    printfa.o(i._fp_digits) refers to ddiv.o(.text) for __aeabi_ddiv
    printfa.o(i._fp_digits) refers to cdrcmple.o(.text) for __aeabi_cdrcmple
    printfa.o(i._fp_digits) refers to dadd.o(.text) for __aeabi_dadd
    printfa.o(i._fp_digits) refers to dfixul.o(.text) for __aeabi_d2ulz
    printfa.o(i._fp_digits) refers to uldiv.o(.text) for __aeabi_uldivmod
    printfa.o(i._printf_core) refers (Special) to iusefp.o(.text) for __I$use$fp
    printfa.o(i._printf_core) refers to printfa.o(i._printf_pre_padding) for _printf_pre_padding
    printfa.o(i._printf_core) refers to uldiv.o(.text) for __aeabi_uldivmod
    printfa.o(i._printf_core) refers to printfa.o(i._printf_post_padding) for _printf_post_padding
    printfa.o(i._printf_core) refers to printfa.o(i._fp_digits) for _fp_digits
    printfa.o(i._printf_core) refers to uidiv.o(.text) for __aeabi_uidivmod
    printfa.o(i._printf_post_padding) refers (Special) to iusefp.o(.text) for __I$use$fp
    printfa.o(i._printf_pre_padding) refers (Special) to iusefp.o(.text) for __I$use$fp
    printfa.o(i._snputc) refers (Special) to iusefp.o(.text) for __I$use$fp
    printfa.o(i._sputc) refers (Special) to iusefp.o(.text) for __I$use$fp
    dadd.o(.text) refers (Special) to iusefp.o(.text) for __I$use$fp
    dadd.o(.text) refers to llshl.o(.text) for __aeabi_llsl
    dadd.o(.text) refers to llsshr.o(.text) for __aeabi_lasr
    dadd.o(.text) refers to depilogue.o(.text) for _double_epilogue
    ddiv.o(.text) refers (Special) to iusefp.o(.text) for __I$use$fp
    ddiv.o(.text) refers to depilogue.o(.text) for _double_round
    dflti.o(.text) refers (Special) to iusefp.o(.text) for __I$use$fp
    dflti.o(.text) refers to depilogue.o(.text) for _double_epilogue
    f2d.o(.text) refers (Special) to iusefp.o(.text) for __I$use$fp
    d2f.o(.text) refers (Special) to iusefp.o(.text) for __I$use$fp
    d2f.o(.text) refers to fepilogue.o(.text) for _float_round
    entry2.o(.ARM.Collect$$$$00000001) refers to entry2.o(.ARM.Collect$$$$00002712) for __lit__00000000
    entry2.o(.ARM.Collect$$$$00002712) refers to startup_stm32f10x_hd.o(STACK) for __initial_sp
    entry2.o(__vectab_stack_and_reset_area) refers to startup_stm32f10x_hd.o(STACK) for __initial_sp
    entry2.o(__vectab_stack_and_reset_area) refers to entry.o(.ARM.Collect$$$$00000000) for __main
    entry5.o(.ARM.Collect$$$$00000004) refers to init.o(.text) for __scatterload
    entry9a.o(.ARM.Collect$$$$0000000B) refers to main.o(i.main) for main
    entry9b.o(.ARM.Collect$$$$0000000C) refers to main.o(i.main) for main
    uldiv.o(.text) refers to llushr.o(.text) for __aeabi_llsr
    uldiv.o(.text) refers to llshl.o(.text) for __aeabi_llsl
    depilogue.o(.text) refers to llshl.o(.text) for __aeabi_llsl
    depilogue.o(.text) refers to llushr.o(.text) for __aeabi_llsr
    dmul.o(.text) refers to depilogue.o(.text) for _double_epilogue
    dfixul.o(.text) refers to llushr.o(.text) for __aeabi_llsr
    dfixul.o(.text) refers to llshl.o(.text) for __aeabi_llsl
    init.o(.text) refers to entry5.o(.ARM.Collect$$$$00000004) for __main_after_scatterload


==============================================================================

Removing Unused input sections from the image.

    Removing led.o(i.ConfigLEDGPIO), (88 bytes).
    Removing led.o(i.InitLED), (8 bytes).
    Removing led.o(i.LEDFlicker), (84 bytes).
    Removing led.o(.data), (2 bytes).
    Removing oled.o(i.CalcPow), (22 bytes).
    Removing oled.o(i.OLEDDisplayOff), (28 bytes).
    Removing oled.o(i.OLEDDisplayOn), (28 bytes).
    Removing oled.o(i.OLEDShowNum), (148 bytes).
    Removing queue.o(i.ClearQueue), (10 bytes).
    Removing queue.o(i.QueueLength), (8 bytes).
    Removing uart1.o(i.EnableUARTTx), (32 bytes).
    Removing uart1.o(i.ReadUART1), (28 bytes).
    Removing uart1.o(i.WriteUART1), (48 bytes).
    Removing pwm.o(i.DecPWMDutyCycle), (56 bytes).
    Removing misc.o(i.NVIC_SetVectorTable), (20 bytes).
    Removing misc.o(i.NVIC_SystemLPConfig), (32 bytes).
    Removing misc.o(i.SysTick_CLKSourceConfig), (40 bytes).
    Removing stm32f10x_flash.o(i.FLASH_ClearFlag), (12 bytes).
    Removing stm32f10x_flash.o(i.FLASH_EnableWriteProtection), (196 bytes).
    Removing stm32f10x_flash.o(i.FLASH_EraseAllBank1Pages), (72 bytes).
    Removing stm32f10x_flash.o(i.FLASH_EraseAllPages), (72 bytes).
    Removing stm32f10x_flash.o(i.FLASH_EraseOptionBytes), (168 bytes).
    Removing stm32f10x_flash.o(i.FLASH_ErasePage), (76 bytes).
    Removing stm32f10x_flash.o(i.FLASH_GetBank1Status), (52 bytes).
    Removing stm32f10x_flash.o(i.FLASH_GetFlagStatus), (48 bytes).
    Removing stm32f10x_flash.o(i.FLASH_GetPrefetchBufferStatus), (24 bytes).
    Removing stm32f10x_flash.o(i.FLASH_GetReadOutProtectionStatus), (24 bytes).
    Removing stm32f10x_flash.o(i.FLASH_GetStatus), (52 bytes).
    Removing stm32f10x_flash.o(i.FLASH_GetUserOptionByte), (12 bytes).
    Removing stm32f10x_flash.o(i.FLASH_GetWriteProtectionOptionByte), (12 bytes).
    Removing stm32f10x_flash.o(i.FLASH_HalfCycleAccessCmd), (28 bytes).
    Removing stm32f10x_flash.o(i.FLASH_ITConfig), (32 bytes).
    Removing stm32f10x_flash.o(i.FLASH_Lock), (20 bytes).
    Removing stm32f10x_flash.o(i.FLASH_LockBank1), (20 bytes).
    Removing stm32f10x_flash.o(i.FLASH_ProgramHalfWord), (64 bytes).
    Removing stm32f10x_flash.o(i.FLASH_ProgramOptionByteData), (84 bytes).
    Removing stm32f10x_flash.o(i.FLASH_ProgramWord), (108 bytes).
    Removing stm32f10x_flash.o(i.FLASH_ReadOutProtection), (172 bytes).
    Removing stm32f10x_flash.o(i.FLASH_Unlock), (24 bytes).
    Removing stm32f10x_flash.o(i.FLASH_UnlockBank1), (24 bytes).
    Removing stm32f10x_flash.o(i.FLASH_UserOptionByteConfig), (104 bytes).
    Removing stm32f10x_flash.o(i.FLASH_WaitForLastBank1Operation), (38 bytes).
    Removing stm32f10x_flash.o(i.FLASH_WaitForLastOperation), (38 bytes).
    Removing stm32f10x_gpio.o(i.GPIO_AFIODeInit), (20 bytes).
    Removing stm32f10x_gpio.o(i.GPIO_DeInit), (200 bytes).
    Removing stm32f10x_gpio.o(i.GPIO_ETH_MediaInterfaceConfig), (12 bytes).
    Removing stm32f10x_gpio.o(i.GPIO_EXTILineConfig), (64 bytes).
    Removing stm32f10x_gpio.o(i.GPIO_EventOutputCmd), (12 bytes).
    Removing stm32f10x_gpio.o(i.GPIO_EventOutputConfig), (32 bytes).
    Removing stm32f10x_gpio.o(i.GPIO_PinLockConfig), (18 bytes).
    Removing stm32f10x_gpio.o(i.GPIO_ReadInputData), (8 bytes).
    Removing stm32f10x_gpio.o(i.GPIO_ReadOutputData), (8 bytes).
    Removing stm32f10x_gpio.o(i.GPIO_ReadOutputDataBit), (18 bytes).
    Removing stm32f10x_gpio.o(i.GPIO_StructInit), (16 bytes).
    Removing stm32f10x_gpio.o(i.GPIO_Write), (4 bytes).
    Removing stm32f10x_gpio.o(i.GPIO_WriteBit), (10 bytes).
    Removing stm32f10x_rcc.o(i.RCC_ADCCLKConfig), (24 bytes).
    Removing stm32f10x_rcc.o(i.RCC_AHBPeriphClockCmd), (32 bytes).
    Removing stm32f10x_rcc.o(i.RCC_APB1PeriphResetCmd), (32 bytes).
    Removing stm32f10x_rcc.o(i.RCC_APB2PeriphResetCmd), (32 bytes).
    Removing stm32f10x_rcc.o(i.RCC_AdjustHSICalibrationValue), (24 bytes).
    Removing stm32f10x_rcc.o(i.RCC_BackupResetCmd), (12 bytes).
    Removing stm32f10x_rcc.o(i.RCC_ClearFlag), (20 bytes).
    Removing stm32f10x_rcc.o(i.RCC_ClearITPendingBit), (12 bytes).
    Removing stm32f10x_rcc.o(i.RCC_ClockSecuritySystemCmd), (12 bytes).
    Removing stm32f10x_rcc.o(i.RCC_GetITStatus), (24 bytes).
    Removing stm32f10x_rcc.o(i.RCC_HSICmd), (12 bytes).
    Removing stm32f10x_rcc.o(i.RCC_ITConfig), (32 bytes).
    Removing stm32f10x_rcc.o(i.RCC_LSEConfig), (52 bytes).
    Removing stm32f10x_rcc.o(i.RCC_LSICmd), (12 bytes).
    Removing stm32f10x_rcc.o(i.RCC_MCOConfig), (12 bytes).
    Removing stm32f10x_rcc.o(i.RCC_RTCCLKCmd), (12 bytes).
    Removing stm32f10x_rcc.o(i.RCC_RTCCLKConfig), (16 bytes).
    Removing stm32f10x_rcc.o(i.RCC_USBCLKConfig), (12 bytes).
    Removing stm32f10x_tim.o(i.TIM_ARRPreloadConfig), (24 bytes).
    Removing stm32f10x_tim.o(i.TIM_BDTRConfig), (32 bytes).
    Removing stm32f10x_tim.o(i.TIM_BDTRStructInit), (18 bytes).
    Removing stm32f10x_tim.o(i.TIM_CCPreloadControl), (24 bytes).
    Removing stm32f10x_tim.o(i.TIM_CCxCmd), (30 bytes).
    Removing stm32f10x_tim.o(i.TIM_CCxNCmd), (30 bytes).
    Removing stm32f10x_tim.o(i.TIM_ClearFlag), (6 bytes).
    Removing stm32f10x_tim.o(i.TIM_ClearOC1Ref), (18 bytes).
    Removing stm32f10x_tim.o(i.TIM_ClearOC2Ref), (24 bytes).
    Removing stm32f10x_tim.o(i.TIM_ClearOC3Ref), (18 bytes).
    Removing stm32f10x_tim.o(i.TIM_ClearOC4Ref), (24 bytes).
    Removing stm32f10x_tim.o(i.TIM_CounterModeConfig), (18 bytes).
    Removing stm32f10x_tim.o(i.TIM_CtrlPWMOutputs), (30 bytes).
    Removing stm32f10x_tim.o(i.TIM_DMACmd), (18 bytes).
    Removing stm32f10x_tim.o(i.TIM_DMAConfig), (10 bytes).
    Removing stm32f10x_tim.o(i.TIM_DeInit), (488 bytes).
    Removing stm32f10x_tim.o(i.TIM_ETRClockMode1Config), (54 bytes).
    Removing stm32f10x_tim.o(i.TIM_ETRClockMode2Config), (32 bytes).
    Removing stm32f10x_tim.o(i.TIM_ETRConfig), (28 bytes).
    Removing stm32f10x_tim.o(i.TIM_EncoderInterfaceConfig), (66 bytes).
    Removing stm32f10x_tim.o(i.TIM_ForcedOC1Config), (18 bytes).
    Removing stm32f10x_tim.o(i.TIM_ForcedOC2Config), (26 bytes).
    Removing stm32f10x_tim.o(i.TIM_ForcedOC3Config), (18 bytes).
    Removing stm32f10x_tim.o(i.TIM_ForcedOC4Config), (26 bytes).
    Removing stm32f10x_tim.o(i.TIM_GenerateEvent), (4 bytes).
    Removing stm32f10x_tim.o(i.TIM_GetCapture2), (6 bytes).
    Removing stm32f10x_tim.o(i.TIM_GetCapture3), (6 bytes).
    Removing stm32f10x_tim.o(i.TIM_GetCapture4), (8 bytes).
    Removing stm32f10x_tim.o(i.TIM_GetCounter), (6 bytes).
    Removing stm32f10x_tim.o(i.TIM_GetFlagStatus), (18 bytes).
    Removing stm32f10x_tim.o(i.TIM_GetPrescaler), (6 bytes).
    Removing stm32f10x_tim.o(i.TIM_ICStructInit), (18 bytes).
    Removing stm32f10x_tim.o(i.TIM_ITRxExternalClockConfig), (24 bytes).
    Removing stm32f10x_tim.o(i.TIM_InternalClockConfig), (12 bytes).
    Removing stm32f10x_tim.o(i.TIM_OC1FastConfig), (18 bytes).
    Removing stm32f10x_tim.o(i.TIM_OC1Init), (152 bytes).
    Removing stm32f10x_tim.o(i.TIM_OC1NPolarityConfig), (18 bytes).
    Removing stm32f10x_tim.o(i.TIM_OC1PreloadConfig), (18 bytes).
    Removing stm32f10x_tim.o(i.TIM_OC2FastConfig), (26 bytes).
    Removing stm32f10x_tim.o(i.TIM_OC2NPolarityConfig), (26 bytes).
    Removing stm32f10x_tim.o(i.TIM_OC2PolarityConfig), (26 bytes).
    Removing stm32f10x_tim.o(i.TIM_OC3FastConfig), (18 bytes).
    Removing stm32f10x_tim.o(i.TIM_OC3Init), (160 bytes).
    Removing stm32f10x_tim.o(i.TIM_OC3NPolarityConfig), (26 bytes).
    Removing stm32f10x_tim.o(i.TIM_OC3PolarityConfig), (26 bytes).
    Removing stm32f10x_tim.o(i.TIM_OC3PreloadConfig), (18 bytes).
    Removing stm32f10x_tim.o(i.TIM_OC4FastConfig), (26 bytes).
    Removing stm32f10x_tim.o(i.TIM_OC4Init), (124 bytes).
    Removing stm32f10x_tim.o(i.TIM_OC4PolarityConfig), (26 bytes).
    Removing stm32f10x_tim.o(i.TIM_OC4PreloadConfig), (26 bytes).
    Removing stm32f10x_tim.o(i.TIM_OCStructInit), (20 bytes).
    Removing stm32f10x_tim.o(i.TIM_PWMIConfig), (124 bytes).
    Removing stm32f10x_tim.o(i.TIM_PrescalerConfig), (6 bytes).
    Removing stm32f10x_tim.o(i.TIM_SelectCCDMA), (24 bytes).
    Removing stm32f10x_tim.o(i.TIM_SelectCOM), (24 bytes).
    Removing stm32f10x_tim.o(i.TIM_SelectHallSensor), (24 bytes).
    Removing stm32f10x_tim.o(i.TIM_SelectInputTrigger), (18 bytes).
    Removing stm32f10x_tim.o(i.TIM_SelectMasterSlaveMode), (18 bytes).
    Removing stm32f10x_tim.o(i.TIM_SelectOCxM), (82 bytes).
    Removing stm32f10x_tim.o(i.TIM_SelectOnePulseMode), (18 bytes).
    Removing stm32f10x_tim.o(i.TIM_SelectOutputTrigger), (18 bytes).
    Removing stm32f10x_tim.o(i.TIM_SelectSlaveMode), (18 bytes).
    Removing stm32f10x_tim.o(i.TIM_SetAutoreload), (4 bytes).
    Removing stm32f10x_tim.o(i.TIM_SetClockDivision), (18 bytes).
    Removing stm32f10x_tim.o(i.TIM_SetCompare1), (4 bytes).
    Removing stm32f10x_tim.o(i.TIM_SetCompare3), (4 bytes).
    Removing stm32f10x_tim.o(i.TIM_SetCompare4), (6 bytes).
    Removing stm32f10x_tim.o(i.TIM_TIxExternalClockConfig), (62 bytes).
    Removing stm32f10x_tim.o(i.TIM_TimeBaseStructInit), (18 bytes).
    Removing stm32f10x_tim.o(i.TIM_UpdateDisableConfig), (24 bytes).
    Removing stm32f10x_tim.o(i.TIM_UpdateRequestConfig), (24 bytes).
    Removing stm32f10x_usart.o(i.USART_ClockInit), (34 bytes).
    Removing stm32f10x_usart.o(i.USART_ClockStructInit), (12 bytes).
    Removing stm32f10x_usart.o(i.USART_DMACmd), (18 bytes).
    Removing stm32f10x_usart.o(i.USART_DeInit), (156 bytes).
    Removing stm32f10x_usart.o(i.USART_HalfDuplexCmd), (24 bytes).
    Removing stm32f10x_usart.o(i.USART_IrDACmd), (24 bytes).
    Removing stm32f10x_usart.o(i.USART_IrDAConfig), (18 bytes).
    Removing stm32f10x_usart.o(i.USART_LINBreakDetectLengthConfig), (18 bytes).
    Removing stm32f10x_usart.o(i.USART_LINCmd), (24 bytes).
    Removing stm32f10x_usart.o(i.USART_OneBitMethodCmd), (24 bytes).
    Removing stm32f10x_usart.o(i.USART_OverSampling8Cmd), (22 bytes).
    Removing stm32f10x_usart.o(i.USART_ReceiverWakeUpCmd), (24 bytes).
    Removing stm32f10x_usart.o(i.USART_SendBreak), (10 bytes).
    Removing stm32f10x_usart.o(i.USART_SetAddress), (18 bytes).
    Removing stm32f10x_usart.o(i.USART_SetGuardTime), (16 bytes).
    Removing stm32f10x_usart.o(i.USART_SetPrescaler), (16 bytes).
    Removing stm32f10x_usart.o(i.USART_SmartCardCmd), (24 bytes).
    Removing stm32f10x_usart.o(i.USART_SmartCardNACKCmd), (24 bytes).
    Removing stm32f10x_usart.o(i.USART_WakeUpConfig), (18 bytes).
    Removing systick.o(i.DelayNus), (26 bytes).
    Removing core_cm3.o(.emb_text), (32 bytes).
    Removing system_stm32f10x.o(i.SystemCoreClockUpdate), (164 bytes).
    Removing startup_stm32f10x_hd.o(HEAP), (512 bytes).

168 unused section(s) (total 6802 bytes) removed from the image.

==============================================================================

Image Symbol Table

    Local Symbols

    Symbol Name                              Value     Ov Type        Size  Object(Section)

    ../clib/microlib/division.c              0x00000000   Number         0  uidiv.o ABSOLUTE
    ../clib/microlib/division.c              0x00000000   Number         0  uldiv.o ABSOLUTE
    ../clib/microlib/init/entry.s            0x00000000   Number         0  entry7b.o ABSOLUTE
    ../clib/microlib/init/entry.s            0x00000000   Number         0  entry8a.o ABSOLUTE
    ../clib/microlib/init/entry.s            0x00000000   Number         0  entry7a.o ABSOLUTE
    ../clib/microlib/init/entry.s            0x00000000   Number         0  entry8b.o ABSOLUTE
    ../clib/microlib/init/entry.s            0x00000000   Number         0  entry5.o ABSOLUTE
    ../clib/microlib/init/entry.s            0x00000000   Number         0  entry2.o ABSOLUTE
    ../clib/microlib/init/entry.s            0x00000000   Number         0  entry9b.o ABSOLUTE
    ../clib/microlib/init/entry.s            0x00000000   Number         0  entry10a.o ABSOLUTE
    ../clib/microlib/init/entry.s            0x00000000   Number         0  entry10b.o ABSOLUTE
    ../clib/microlib/init/entry.s            0x00000000   Number         0  entry9a.o ABSOLUTE
    ../clib/microlib/init/entry.s            0x00000000   Number         0  entry11a.o ABSOLUTE
    ../clib/microlib/init/entry.s            0x00000000   Number         0  entry.o ABSOLUTE
    ../clib/microlib/init/entry.s            0x00000000   Number         0  entry11b.o ABSOLUTE
    ../clib/microlib/longlong.c              0x00000000   Number         0  llshl.o ABSOLUTE
    ../clib/microlib/longlong.c              0x00000000   Number         0  llushr.o ABSOLUTE
    ../clib/microlib/longlong.c              0x00000000   Number         0  llsshr.o ABSOLUTE
    ../clib/microlib/printf/printf.c         0x00000000   Number         0  printf0.o ABSOLUTE
    ../clib/microlib/printf/printf.c         0x00000000   Number         0  printf1.o ABSOLUTE
    ../clib/microlib/printf/printf.c         0x00000000   Number         0  printf2.o ABSOLUTE
    ../clib/microlib/printf/printf.c         0x00000000   Number         0  printf3.o ABSOLUTE
    ../clib/microlib/printf/printf.c         0x00000000   Number         0  printfa.o ABSOLUTE
    ../clib/microlib/printf/printf.c         0x00000000   Number         0  printf8.o ABSOLUTE
    ../clib/microlib/printf/printf.c         0x00000000   Number         0  printf7.o ABSOLUTE
    ../clib/microlib/printf/printf.c         0x00000000   Number         0  printf6.o ABSOLUTE
    ../clib/microlib/printf/printf.c         0x00000000   Number         0  printf5.o ABSOLUTE
    ../clib/microlib/printf/printf.c         0x00000000   Number         0  printfb.o ABSOLUTE
    ../clib/microlib/printf/printf.c         0x00000000   Number         0  printf4.o ABSOLUTE
    ../clib/microlib/printf/stubs.s          0x00000000   Number         0  stubs.o ABSOLUTE
    ../clib/microlib/stdio/streams.c         0x00000000   Number         0  stdout.o ABSOLUTE
    ../clib/microlib/stubs.s                 0x00000000   Number         0  iusefp.o ABSOLUTE
    ../fplib/microlib/d2f.c                  0x00000000   Number         0  d2f.o ABSOLUTE
    ../fplib/microlib/f2d.c                  0x00000000   Number         0  f2d.o ABSOLUTE
    ../fplib/microlib/fpadd.c                0x00000000   Number         0  dadd.o ABSOLUTE
    ../fplib/microlib/fpdiv.c                0x00000000   Number         0  ddiv.o ABSOLUTE
    ../fplib/microlib/fpepilogue.c           0x00000000   Number         0  fepilogue.o ABSOLUTE
    ../fplib/microlib/fpepilogue.c           0x00000000   Number         0  depilogue.o ABSOLUTE
    ../fplib/microlib/fpfix.c                0x00000000   Number         0  dfixul.o ABSOLUTE
    ../fplib/microlib/fpflt.c                0x00000000   Number         0  dflti.o ABSOLUTE
    ../fplib/microlib/fpmul.c                0x00000000   Number         0  dmul.o ABSOLUTE
    ..\ARM\NVIC\NVIC.c                       0x00000000   Number         0  nvic.o ABSOLUTE
    ..\ARM\SysTick\SysTick.c                 0x00000000   Number         0  systick.o ABSOLUTE
    ..\ARM\System\core_cm3.c                 0x00000000   Number         0  core_cm3.o ABSOLUTE
    ..\ARM\System\startup_stm32f10x_hd.s     0x00000000   Number         0  startup_stm32f10x_hd.o ABSOLUTE
    ..\ARM\System\stm32f10x_it.c             0x00000000   Number         0  stm32f10x_it.o ABSOLUTE
    ..\ARM\System\system_stm32f10x.c         0x00000000   Number         0  system_stm32f10x.o ABSOLUTE
    ..\App\KeyOne\KeyOne.c                   0x00000000   Number         0  keyone.o ABSOLUTE
    ..\App\KeyOne\ProcKeyOne.c               0x00000000   Number         0  prockeyone.o ABSOLUTE
    ..\App\LED\LED.c                         0x00000000   Number         0  led.o ABSOLUTE
    ..\App\Main\Main.c                       0x00000000   Number         0  main.o ABSOLUTE
    ..\App\OLED\OLED.c                       0x00000000   Number         0  oled.o ABSOLUTE
    ..\FW\src\misc.c                         0x00000000   Number         0  misc.o ABSOLUTE
    ..\FW\src\stm32f10x_flash.c              0x00000000   Number         0  stm32f10x_flash.o ABSOLUTE
    ..\FW\src\stm32f10x_gpio.c               0x00000000   Number         0  stm32f10x_gpio.o ABSOLUTE
    ..\FW\src\stm32f10x_rcc.c                0x00000000   Number         0  stm32f10x_rcc.o ABSOLUTE
    ..\FW\src\stm32f10x_tim.c                0x00000000   Number         0  stm32f10x_tim.o ABSOLUTE
    ..\FW\src\stm32f10x_usart.c              0x00000000   Number         0  stm32f10x_usart.o ABSOLUTE
    ..\HW\Capture\Capture.c                  0x00000000   Number         0  capture.o ABSOLUTE
    ..\HW\PWM\PWM.c                          0x00000000   Number         0  pwm.o ABSOLUTE
    ..\HW\RCC\RCC.c                          0x00000000   Number         0  rcc.o ABSOLUTE
    ..\HW\Timer\Timer.c                      0x00000000   Number         0  timer.o ABSOLUTE
    ..\HW\UART1\Queue.c                      0x00000000   Number         0  queue.o ABSOLUTE
    ..\HW\UART1\UART1.c                      0x00000000   Number         0  uart1.o ABSOLUTE
    ..\\ARM\\System\\core_cm3.c              0x00000000   Number         0  core_cm3.o ABSOLUTE
    cdrcmple.s                               0x00000000   Number         0  cdrcmple.o ABSOLUTE
    dc.s                                     0x00000000   Number         0  dc.o ABSOLUTE
    handlers.s                               0x00000000   Number         0  handlers.o ABSOLUTE
    init.s                                   0x00000000   Number         0  init.o ABSOLUTE
    RESET                                    0x08000000   Section      304  startup_stm32f10x_hd.o(RESET)
    .ARM.Collect$$$$00000000                 0x08000130   Section        0  entry.o(.ARM.Collect$$$$00000000)
    .ARM.Collect$$$$00000001                 0x08000130   Section        4  entry2.o(.ARM.Collect$$$$00000001)
    .ARM.Collect$$$$00000004                 0x08000134   Section        4  entry5.o(.ARM.Collect$$$$00000004)
    .ARM.Collect$$$$00000008                 0x08000138   Section        0  entry7b.o(.ARM.Collect$$$$00000008)
    .ARM.Collect$$$$0000000A                 0x08000138   Section        0  entry8b.o(.ARM.Collect$$$$0000000A)
    .ARM.Collect$$$$0000000B                 0x08000138   Section        8  entry9a.o(.ARM.Collect$$$$0000000B)
    .ARM.Collect$$$$0000000D                 0x08000140   Section        0  entry10a.o(.ARM.Collect$$$$0000000D)
    .ARM.Collect$$$$0000000F                 0x08000140   Section        0  entry11a.o(.ARM.Collect$$$$0000000F)
    .ARM.Collect$$$$00002712                 0x08000140   Section        4  entry2.o(.ARM.Collect$$$$00002712)
    __lit__00000000                          0x08000140   Data           4  entry2.o(.ARM.Collect$$$$00002712)
    .text                                    0x08000144   Section       36  startup_stm32f10x_hd.o(.text)
    .text                                    0x08000168   Section        0  dadd.o(.text)
    .text                                    0x080002b6   Section        0  ddiv.o(.text)
    .text                                    0x08000394   Section        0  dflti.o(.text)
    .text                                    0x080003b6   Section        0  f2d.o(.text)
    .text                                    0x080003dc   Section        0  d2f.o(.text)
    .text                                    0x08000414   Section        0  uidiv.o(.text)
    .text                                    0x08000440   Section        0  uldiv.o(.text)
    .text                                    0x080004a2   Section        0  llshl.o(.text)
    .text                                    0x080004c0   Section        0  llsshr.o(.text)
    .text                                    0x080004e4   Section        0  iusefp.o(.text)
    .text                                    0x080004e4   Section        0  fepilogue.o(.text)
    .text                                    0x08000552   Section        0  depilogue.o(.text)
    .text                                    0x0800060c   Section        0  dmul.o(.text)
    .text                                    0x080006f0   Section        0  dfixul.o(.text)
    .text                                    0x08000720   Section       48  cdrcmple.o(.text)
    .text                                    0x08000750   Section       36  init.o(.text)
    .text                                    0x08000774   Section        0  llushr.o(.text)
    i.BusFault_Handler                       0x08000794   Section        0  stm32f10x_it.o(i.BusFault_Handler)
    i.Clr1SecFlag                            0x08000798   Section        0  timer.o(i.Clr1SecFlag)
    i.Clr2msFlag                             0x080007a4   Section        0  timer.o(i.Clr2msFlag)
    i.ConfigKeyOneGPIO                       0x080007b0   Section        0  keyone.o(i.ConfigKeyOneGPIO)
    ConfigKeyOneGPIO                         0x080007b1   Thumb Code    60  keyone.o(i.ConfigKeyOneGPIO)
    i.ConfigNVIC                             0x080007f0   Section        0  nvic.o(i.ConfigNVIC)
    ConfigNVIC                               0x080007f1   Thumb Code    12  nvic.o(i.ConfigNVIC)
    i.ConfigOLEDGPIO                         0x080007fc   Section        0  oled.o(i.ConfigOLEDGPIO)
    ConfigOLEDGPIO                           0x080007fd   Thumb Code   206  oled.o(i.ConfigOLEDGPIO)
    i.ConfigOLEDReg                          0x080008d4   Section        0  oled.o(i.ConfigOLEDReg)
    ConfigOLEDReg                            0x080008d5   Thumb Code   204  oled.o(i.ConfigOLEDReg)
    i.ConfigRCC                              0x080009a0   Section        0  rcc.o(i.ConfigRCC)
    ConfigRCC                                0x080009a1   Thumb Code   100  rcc.o(i.ConfigRCC)
    i.ConfigTIM5ForCapture                   0x08000a04   Section        0  capture.o(i.ConfigTIM5ForCapture)
    ConfigTIM5ForCapture                     0x08000a05   Thumb Code   166  capture.o(i.ConfigTIM5ForCapture)
    i.ConfigTimer2                           0x08000ab4   Section        0  timer.o(i.ConfigTimer2)
    ConfigTimer2                             0x08000ab5   Thumb Code    92  timer.o(i.ConfigTimer2)
    i.ConfigTimer3ForPWMPB5                  0x08000b10   Section        0  pwm.o(i.ConfigTimer3ForPWMPB5)
    ConfigTimer3ForPWMPB5                    0x08000b11   Thumb Code   138  pwm.o(i.ConfigTimer3ForPWMPB5)
    i.ConfigUART                             0x08000ba8   Section        0  uart1.o(i.ConfigUART)
    ConfigUART                               0x08000ba9   Thumb Code   182  uart1.o(i.ConfigUART)
    i.DeQueue                                0x08000c6c   Section        0  queue.o(i.DeQueue)
    i.DebugMon_Handler                       0x08000cb0   Section        0  stm32f10x_it.o(i.DebugMon_Handler)
    i.DelayNms                               0x08000cb4   Section        0  systick.o(i.DelayNms)
    i.EnQueue                                0x08000ccc   Section        0  queue.o(i.EnQueue)
    i.FLASH_PrefetchBufferCmd                0x08000d14   Section        0  stm32f10x_flash.o(i.FLASH_PrefetchBufferCmd)
    i.FLASH_SetLatency                       0x08000d30   Section        0  stm32f10x_flash.o(i.FLASH_SetLatency)
    i.GPIO_Init                              0x08000d48   Section        0  stm32f10x_gpio.o(i.GPIO_Init)
    i.GPIO_PinRemapConfig                    0x08000e60   Section        0  stm32f10x_gpio.o(i.GPIO_PinRemapConfig)
    i.GPIO_ReadInputDataBit                  0x08000ef0   Section        0  stm32f10x_gpio.o(i.GPIO_ReadInputDataBit)
    i.GPIO_ResetBits                         0x08000f02   Section        0  stm32f10x_gpio.o(i.GPIO_ResetBits)
    i.GPIO_SetBits                           0x08000f06   Section        0  stm32f10x_gpio.o(i.GPIO_SetBits)
    i.Get1SecFlag                            0x08000f0c   Section        0  timer.o(i.Get1SecFlag)
    i.Get2msFlag                             0x08000f18   Section        0  timer.o(i.Get2msFlag)
    i.GetCaptureVal                          0x08000f24   Section        0  capture.o(i.GetCaptureVal)
    i.HardFault_Handler                      0x08000f60   Section        0  stm32f10x_it.o(i.HardFault_Handler)
    i.IncPWMDutyCycle                        0x08000f64   Section        0  pwm.o(i.IncPWMDutyCycle)
    i.InitCapture                            0x08000fa0   Section        0  capture.o(i.InitCapture)
    i.InitHardware                           0x08000fae   Section        0  main.o(i.InitHardware)
    InitHardware                             0x08000faf   Thumb Code    52  main.o(i.InitHardware)
    i.InitKeyOne                             0x08000fe4   Section        0  keyone.o(i.InitKeyOne)
    i.InitNVIC                               0x08000ff8   Section        0  nvic.o(i.InitNVIC)
    i.InitOLED                               0x08001000   Section        0  oled.o(i.InitOLED)
    i.InitPWM                                0x08001034   Section        0  pwm.o(i.InitPWM)
    i.InitProcKeyOne                         0x08001050   Section        0  prockeyone.o(i.InitProcKeyOne)
    i.InitQueue                              0x08001052   Section        0  queue.o(i.InitQueue)
    i.InitRCC                                0x08001076   Section        0  rcc.o(i.InitRCC)
    i.InitSoftware                           0x0800107e   Section        0  main.o(i.InitSoftware)
    InitSoftware                             0x0800107f   Thumb Code     2  main.o(i.InitSoftware)
    i.InitSysTick                            0x08001080   Section        0  systick.o(i.InitSysTick)
    i.InitTimer                              0x080010e8   Section        0  timer.o(i.InitTimer)
    i.InitUART1                              0x080010f6   Section        0  uart1.o(i.InitUART1)
    i.InitUARTBuf                            0x08001108   Section        0  uart1.o(i.InitUARTBuf)
    InitUARTBuf                              0x08001109   Thumb Code    46  uart1.o(i.InitUARTBuf)
    i.MemManage_Handler                      0x08001148   Section        0  stm32f10x_it.o(i.MemManage_Handler)
    i.NMI_Handler                            0x0800114c   Section        0  stm32f10x_it.o(i.NMI_Handler)
    i.NVIC_ClearPendingIRQ                   0x08001150   Section        0  uart1.o(i.NVIC_ClearPendingIRQ)
    NVIC_ClearPendingIRQ                     0x08001151   Thumb Code    18  uart1.o(i.NVIC_ClearPendingIRQ)
    i.NVIC_Init                              0x08001168   Section        0  misc.o(i.NVIC_Init)
    i.NVIC_PriorityGroupConfig               0x080011d8   Section        0  misc.o(i.NVIC_PriorityGroupConfig)
    i.OLEDClear                              0x080011ec   Section        0  oled.o(i.OLEDClear)
    i.OLEDDrawPoint                          0x0800121c   Section        0  oled.o(i.OLEDDrawPoint)
    OLEDDrawPoint                            0x0800121d   Thumb Code   100  oled.o(i.OLEDDrawPoint)
    i.OLEDRefreshGRAM                        0x08001284   Section        0  oled.o(i.OLEDRefreshGRAM)
    i.OLEDShowChar                           0x080012d0   Section        0  oled.o(i.OLEDShowChar)
    i.OLEDShowString                         0x08001378   Section        0  oled.o(i.OLEDShowString)
    i.OLEDWriteByte                          0x080013bc   Section        0  oled.o(i.OLEDWriteByte)
    OLEDWriteByte                            0x080013bd   Thumb Code   124  oled.o(i.OLEDWriteByte)
    i.PendSV_Handler                         0x08001440   Section        0  stm32f10x_it.o(i.PendSV_Handler)
    i.Proc1SecTask                           0x08001442   Section        0  main.o(i.Proc1SecTask)
    Proc1SecTask                             0x08001443   Thumb Code    14  main.o(i.Proc1SecTask)
    i.Proc2msTask                            0x08001450   Section        0  main.o(i.Proc2msTask)
    Proc2msTask                              0x08001451   Thumb Code   228  main.o(i.Proc2msTask)
    i.ProcKeyDownKey1                        0x08001570   Section        0  prockeyone.o(i.ProcKeyDownKey1)
    i.ProcKeyDownKey2                        0x08001594   Section        0  prockeyone.o(i.ProcKeyDownKey2)
    i.ProcKeyUpKey1                          0x080015bc   Section        0  prockeyone.o(i.ProcKeyUpKey1)
    i.ProcKeyUpKey2                          0x080015d8   Section        0  prockeyone.o(i.ProcKeyUpKey2)
    i.QueueEmpty                             0x080015f4   Section        0  queue.o(i.QueueEmpty)
    i.RCC_APB1PeriphClockCmd                 0x08001604   Section        0  stm32f10x_rcc.o(i.RCC_APB1PeriphClockCmd)
    i.RCC_APB2PeriphClockCmd                 0x08001624   Section        0  stm32f10x_rcc.o(i.RCC_APB2PeriphClockCmd)
    i.RCC_DeInit                             0x08001644   Section        0  stm32f10x_rcc.o(i.RCC_DeInit)
    i.RCC_GetClocksFreq                      0x08001690   Section        0  stm32f10x_rcc.o(i.RCC_GetClocksFreq)
    i.RCC_GetFlagStatus                      0x08001764   Section        0  stm32f10x_rcc.o(i.RCC_GetFlagStatus)
    i.RCC_GetSYSCLKSource                    0x080017a0   Section        0  stm32f10x_rcc.o(i.RCC_GetSYSCLKSource)
    i.RCC_HCLKConfig                         0x080017b0   Section        0  stm32f10x_rcc.o(i.RCC_HCLKConfig)
    i.RCC_HSEConfig                          0x080017c8   Section        0  stm32f10x_rcc.o(i.RCC_HSEConfig)
    i.RCC_PCLK1Config                        0x08001814   Section        0  stm32f10x_rcc.o(i.RCC_PCLK1Config)
    i.RCC_PCLK2Config                        0x0800182c   Section        0  stm32f10x_rcc.o(i.RCC_PCLK2Config)
    i.RCC_PLLCmd                             0x08001844   Section        0  stm32f10x_rcc.o(i.RCC_PLLCmd)
    i.RCC_PLLConfig                          0x08001850   Section        0  stm32f10x_rcc.o(i.RCC_PLLConfig)
    i.RCC_SYSCLKConfig                       0x0800186c   Section        0  stm32f10x_rcc.o(i.RCC_SYSCLKConfig)
    i.RCC_WaitForHSEStartUp                  0x08001884   Section        0  stm32f10x_rcc.o(i.RCC_WaitForHSEStartUp)
    i.ReadSendBuf                            0x080018bc   Section        0  uart1.o(i.ReadSendBuf)
    ReadSendBuf                              0x080018bd   Thumb Code    22  uart1.o(i.ReadSendBuf)
    i.SVC_Handler                            0x080018d8   Section        0  stm32f10x_it.o(i.SVC_Handler)
    i.ScanKeyOne                             0x080018dc   Section        0  keyone.o(i.ScanKeyOne)
    i.SendCharUsedByFputc                    0x08001974   Section        0  uart1.o(i.SendCharUsedByFputc)
    SendCharUsedByFputc                      0x08001975   Thumb Code    28  uart1.o(i.SendCharUsedByFputc)
    i.SetPWM                                 0x08001994   Section        0  pwm.o(i.SetPWM)
    i.SetSysClock                            0x080019b0   Section        0  system_stm32f10x.o(i.SetSysClock)
    SetSysClock                              0x080019b1   Thumb Code     8  system_stm32f10x.o(i.SetSysClock)
    i.SetSysClockTo72                        0x080019b8   Section        0  system_stm32f10x.o(i.SetSysClockTo72)
    SetSysClockTo72                          0x080019b9   Thumb Code   214  system_stm32f10x.o(i.SetSysClockTo72)
    i.SysTick_Handler                        0x08001a98   Section        0  systick.o(i.SysTick_Handler)
    i.SystemInit                             0x08001aa0   Section        0  system_stm32f10x.o(i.SystemInit)
    i.TI1_Config                             0x08001b00   Section        0  stm32f10x_tim.o(i.TI1_Config)
    TI1_Config                               0x08001b01   Thumb Code   108  stm32f10x_tim.o(i.TI1_Config)
    i.TI2_Config                             0x08001b80   Section        0  stm32f10x_tim.o(i.TI2_Config)
    TI2_Config                               0x08001b81   Thumb Code   130  stm32f10x_tim.o(i.TI2_Config)
    i.TI3_Config                             0x08001c18   Section        0  stm32f10x_tim.o(i.TI3_Config)
    TI3_Config                               0x08001c19   Thumb Code   122  stm32f10x_tim.o(i.TI3_Config)
    i.TI4_Config                             0x08001ca8   Section        0  stm32f10x_tim.o(i.TI4_Config)
    TI4_Config                               0x08001ca9   Thumb Code   130  stm32f10x_tim.o(i.TI4_Config)
    i.TIM2_IRQHandler                        0x08001d40   Section        0  timer.o(i.TIM2_IRQHandler)
    i.TIM5_IRQHandler                        0x08001da8   Section        0  capture.o(i.TIM5_IRQHandler)
    i.TIM_ClearITPendingBit                  0x08001e68   Section        0  stm32f10x_tim.o(i.TIM_ClearITPendingBit)
    i.TIM_Cmd                                0x08001e6e   Section        0  stm32f10x_tim.o(i.TIM_Cmd)
    i.TIM_GetCapture1                        0x08001e86   Section        0  stm32f10x_tim.o(i.TIM_GetCapture1)
    i.TIM_GetITStatus                        0x08001e8c   Section        0  stm32f10x_tim.o(i.TIM_GetITStatus)
    i.TIM_ICInit                             0x08001eb0   Section        0  stm32f10x_tim.o(i.TIM_ICInit)
    i.TIM_ITConfig                           0x08001f5c   Section        0  stm32f10x_tim.o(i.TIM_ITConfig)
    i.TIM_OC1PolarityConfig                  0x08001f6e   Section        0  stm32f10x_tim.o(i.TIM_OC1PolarityConfig)
    i.TIM_OC2Init                            0x08001f80   Section        0  stm32f10x_tim.o(i.TIM_OC2Init)
    i.TIM_OC2PreloadConfig                   0x08002024   Section        0  stm32f10x_tim.o(i.TIM_OC2PreloadConfig)
    i.TIM_SetCompare2                        0x0800203e   Section        0  stm32f10x_tim.o(i.TIM_SetCompare2)
    i.TIM_SetCounter                         0x08002042   Section        0  stm32f10x_tim.o(i.TIM_SetCounter)
    i.TIM_SetIC1Prescaler                    0x08002046   Section        0  stm32f10x_tim.o(i.TIM_SetIC1Prescaler)
    i.TIM_SetIC2Prescaler                    0x08002058   Section        0  stm32f10x_tim.o(i.TIM_SetIC2Prescaler)
    i.TIM_SetIC3Prescaler                    0x08002072   Section        0  stm32f10x_tim.o(i.TIM_SetIC3Prescaler)
    i.TIM_SetIC4Prescaler                    0x08002084   Section        0  stm32f10x_tim.o(i.TIM_SetIC4Prescaler)
    i.TIM_TimeBaseInit                       0x080020a0   Section        0  stm32f10x_tim.o(i.TIM_TimeBaseInit)
    i.TimDelayDec                            0x08002144   Section        0  systick.o(i.TimDelayDec)
    TimDelayDec                              0x08002145   Thumb Code    18  systick.o(i.TimDelayDec)
    i.USART1_IRQHandler                      0x0800215c   Section        0  uart1.o(i.USART1_IRQHandler)
    i.USART_ClearFlag                        0x080021f4   Section        0  stm32f10x_usart.o(i.USART_ClearFlag)
    i.USART_ClearITPendingBit                0x08002206   Section        0  stm32f10x_usart.o(i.USART_ClearITPendingBit)
    i.USART_Cmd                              0x08002224   Section        0  stm32f10x_usart.o(i.USART_Cmd)
    i.USART_GetFlagStatus                    0x0800223c   Section        0  stm32f10x_usart.o(i.USART_GetFlagStatus)
    i.USART_GetITStatus                      0x08002256   Section        0  stm32f10x_usart.o(i.USART_GetITStatus)
    i.USART_ITConfig                         0x080022aa   Section        0  stm32f10x_usart.o(i.USART_ITConfig)
    i.USART_Init                             0x080022f4   Section        0  stm32f10x_usart.o(i.USART_Init)
    i.USART_ReceiveData                      0x080023cc   Section        0  stm32f10x_usart.o(i.USART_ReceiveData)
    i.USART_SendData                         0x080023d6   Section        0  stm32f10x_usart.o(i.USART_SendData)
    i.USART_StructInit                       0x080023de   Section        0  stm32f10x_usart.o(i.USART_StructInit)
    i.UsageFault_Handler                     0x080023f6   Section        0  stm32f10x_it.o(i.UsageFault_Handler)
    i.WriteReceiveBuf                        0x080023fc   Section        0  uart1.o(i.WriteReceiveBuf)
    WriteReceiveBuf                          0x080023fd   Thumb Code    20  uart1.o(i.WriteReceiveBuf)
    i.__0printf                              0x08002414   Section        0  printfa.o(i.__0printf)
    i.__0sprintf                             0x08002434   Section        0  printfa.o(i.__0sprintf)
    i.__scatterload_copy                     0x0800245c   Section       14  handlers.o(i.__scatterload_copy)
    i.__scatterload_null                     0x0800246a   Section        2  handlers.o(i.__scatterload_null)
    i.__scatterload_zeroinit                 0x0800246c   Section       14  handlers.o(i.__scatterload_zeroinit)
    i._fp_digits                             0x0800247c   Section        0  printfa.o(i._fp_digits)
    _fp_digits                               0x0800247d   Thumb Code   334  printfa.o(i._fp_digits)
    i._printf_core                           0x080025e0   Section        0  printfa.o(i._printf_core)
    _printf_core                             0x080025e1   Thumb Code  1744  printfa.o(i._printf_core)
    i._printf_post_padding                   0x08002cbc   Section        0  printfa.o(i._printf_post_padding)
    _printf_post_padding                     0x08002cbd   Thumb Code    36  printfa.o(i._printf_post_padding)
    i._printf_pre_padding                    0x08002ce0   Section        0  printfa.o(i._printf_pre_padding)
    _printf_pre_padding                      0x08002ce1   Thumb Code    46  printfa.o(i._printf_pre_padding)
    i._sputc                                 0x08002d0e   Section        0  printfa.o(i._sputc)
    _sputc                                   0x08002d0f   Thumb Code    10  printfa.o(i._sputc)
    i.fputc                                  0x08002d18   Section        0  uart1.o(i.fputc)
    i.main                                   0x08002d28   Section        0  main.o(i.main)
    .constdata                               0x08002d94   Section     2660  oled.o(.constdata)
    .data                                    0x20000000   Section       16  main.o(.data)
    s_iCnt5                                  0x20000000   Data           2  main.o(.data)
    count                                    0x20000002   Data           2  main.o(.data)
    sumCaptureTime                           0x20000008   Data           8  main.o(.data)
    .data                                    0x20000010   Section        6  keyone.o(.data)
    s_arrKeyDownLevel                        0x20000010   Data           2  keyone.o(.data)
    s_arrKeyVal                              0x20000012   Data           2  keyone.o(.data)
    s_arrKeyFlag                             0x20000014   Data           2  keyone.o(.data)
    .data                                    0x20000016   Section        6  timer.o(.data)
    s_i2msFlag                               0x20000016   Data           1  timer.o(.data)
    s_i1secFlag                              0x20000017   Data           1  timer.o(.data)
    s_iCnt2                                  0x20000018   Data           2  timer.o(.data)
    s_iCnt1000                               0x2000001a   Data           2  timer.o(.data)
    .data                                    0x2000001c   Section        1  uart1.o(.data)
    s_iUARTTxSts                             0x2000001c   Data           1  uart1.o(.data)
    .data                                    0x2000001e   Section        4  capture.o(.data)
    s_iCaptureSts                            0x2000001e   Data           1  capture.o(.data)
    s_iCaptureVal                            0x20000020   Data           2  capture.o(.data)
    .data                                    0x20000022   Section        2  pwm.o(.data)
    s_iDutyCycle                             0x20000022   Data           2  pwm.o(.data)
    .data                                    0x20000024   Section       20  stm32f10x_rcc.o(.data)
    APBAHBPrescTable                         0x20000024   Data          16  stm32f10x_rcc.o(.data)
    ADCPrescTable                            0x20000034   Data           4  stm32f10x_rcc.o(.data)
    .data                                    0x20000038   Section        4  systick.o(.data)
    s_iTimDelayCnt                           0x20000038   Data           4  systick.o(.data)
    .data                                    0x2000003c   Section       20  system_stm32f10x.o(.data)
    .data                                    0x20000050   Section        4  stdout.o(.data)
    .bss                                     0x20000054   Section     1024  oled.o(.bss)
    s_arrOLEDGRAM                            0x20000054   Data        1024  oled.o(.bss)
    .bss                                     0x20000454   Section      224  uart1.o(.bss)
    s_structUARTSendCirQue                   0x20000454   Data          12  uart1.o(.bss)
    s_structUARTRecCirQue                    0x20000460   Data          12  uart1.o(.bss)
    s_arrSendBuf                             0x2000046c   Data         100  uart1.o(.bss)
    s_arrRecBuf                              0x200004d0   Data         100  uart1.o(.bss)
    STACK                                    0x20000538   Section     1024  startup_stm32f10x_hd.o(STACK)

    Global Symbols

    Symbol Name                              Value     Ov Type        Size  Object(Section)

    BuildAttributes$$THM_ISAv4$P$D$K$B$S$PE$A:L22UL41UL21$X:L11$S22US41US21$IEEE1$IW$USESV6$~STKCKD$USESV7$~SHL$OTIME$ROPI$EBA8$MICROLIB$REQ8$PRES8$EABIv2 0x00000000   Number         0  anon$$obj.o ABSOLUTE
    __ARM_use_no_argv                        0x00000000   Number         0  main.o ABSOLUTE
    _printf_a                                0x00000000   Number         0  stubs.o ABSOLUTE
    _printf_c                                0x00000000   Number         0  stubs.o ABSOLUTE
    _printf_charcount                        0x00000000   Number         0  stubs.o ABSOLUTE
    _printf_d                                0x00000000   Number         0  stubs.o ABSOLUTE
    _printf_e                                0x00000000   Number         0  stubs.o ABSOLUTE
    _printf_f                                0x00000000   Number         0  stubs.o ABSOLUTE
    _printf_flags                            0x00000000   Number         0  stubs.o ABSOLUTE
    _printf_fp_dec                           0x00000000   Number         0  stubs.o ABSOLUTE
    _printf_fp_hex                           0x00000000   Number         0  stubs.o ABSOLUTE
    _printf_g                                0x00000000   Number         0  stubs.o ABSOLUTE
    _printf_i                                0x00000000   Number         0  stubs.o ABSOLUTE
    _printf_int_dec                          0x00000000   Number         0  stubs.o ABSOLUTE
    _printf_l                                0x00000000   Number         0  stubs.o ABSOLUTE
    _printf_lc                               0x00000000   Number         0  stubs.o ABSOLUTE
    _printf_ll                               0x00000000   Number         0  stubs.o ABSOLUTE
    _printf_lld                              0x00000000   Number         0  stubs.o ABSOLUTE
    _printf_lli                              0x00000000   Number         0  stubs.o ABSOLUTE
    _printf_llo                              0x00000000   Number         0  stubs.o ABSOLUTE
    _printf_llu                              0x00000000   Number         0  stubs.o ABSOLUTE
    _printf_llx                              0x00000000   Number         0  stubs.o ABSOLUTE
    _printf_longlong_dec                     0x00000000   Number         0  stubs.o ABSOLUTE
    _printf_longlong_hex                     0x00000000   Number         0  stubs.o ABSOLUTE
    _printf_longlong_oct                     0x00000000   Number         0  stubs.o ABSOLUTE
    _printf_ls                               0x00000000   Number         0  stubs.o ABSOLUTE
    _printf_mbtowc                           0x00000000   Number         0  stubs.o ABSOLUTE
    _printf_n                                0x00000000   Number         0  stubs.o ABSOLUTE
    _printf_o                                0x00000000   Number         0  stubs.o ABSOLUTE
    _printf_p                                0x00000000   Number         0  stubs.o ABSOLUTE
    _printf_percent                          0x00000000   Number         0  stubs.o ABSOLUTE
    _printf_pre_padding                      0x00000000   Number         0  stubs.o ABSOLUTE
    _printf_return_value                     0x00000000   Number         0  stubs.o ABSOLUTE
    _printf_s                                0x00000000   Number         0  stubs.o ABSOLUTE
    _printf_sizespec                         0x00000000   Number         0  stubs.o ABSOLUTE
    _printf_str                              0x00000000   Number         0  stubs.o ABSOLUTE
    _printf_truncate_signed                  0x00000000   Number         0  stubs.o ABSOLUTE
    _printf_truncate_unsigned                0x00000000   Number         0  stubs.o ABSOLUTE
    _printf_u                                0x00000000   Number         0  stubs.o ABSOLUTE
    _printf_wc                               0x00000000   Number         0  stubs.o ABSOLUTE
    _printf_wctomb                           0x00000000   Number         0  stubs.o ABSOLUTE
    _printf_widthprec                        0x00000000   Number         0  stubs.o ABSOLUTE
    _printf_x                                0x00000000   Number         0  stubs.o ABSOLUTE
    __cpp_initialize__aeabi_                  - Undefined Weak Reference
    __cxa_finalize                            - Undefined Weak Reference
    __decompress                              - Undefined Weak Reference
    _clock_init                               - Undefined Weak Reference
    _microlib_exit                            - Undefined Weak Reference
    __Vectors_Size                           0x00000130   Number         0  startup_stm32f10x_hd.o ABSOLUTE
    __Vectors                                0x08000000   Data           4  startup_stm32f10x_hd.o(RESET)
    __Vectors_End                            0x08000130   Data           0  startup_stm32f10x_hd.o(RESET)
    __main                                   0x08000131   Thumb Code     0  entry.o(.ARM.Collect$$$$00000000)
    _main_stk                                0x08000131   Thumb Code     0  entry2.o(.ARM.Collect$$$$00000001)
    _main_scatterload                        0x08000135   Thumb Code     0  entry5.o(.ARM.Collect$$$$00000004)
    __main_after_scatterload                 0x08000139   Thumb Code     0  entry5.o(.ARM.Collect$$$$00000004)
    _main_clock                              0x08000139   Thumb Code     0  entry7b.o(.ARM.Collect$$$$00000008)
    _main_cpp_init                           0x08000139   Thumb Code     0  entry8b.o(.ARM.Collect$$$$0000000A)
    _main_init                               0x08000139   Thumb Code     0  entry9a.o(.ARM.Collect$$$$0000000B)
    __rt_final_cpp                           0x08000141   Thumb Code     0  entry10a.o(.ARM.Collect$$$$0000000D)
    __rt_final_exit                          0x08000141   Thumb Code     0  entry11a.o(.ARM.Collect$$$$0000000F)
    Reset_Handler                            0x08000145   Thumb Code     8  startup_stm32f10x_hd.o(.text)
    ADC1_2_IRQHandler                        0x0800015f   Thumb Code     0  startup_stm32f10x_hd.o(.text)
    ADC3_IRQHandler                          0x0800015f   Thumb Code     0  startup_stm32f10x_hd.o(.text)
    CAN1_RX1_IRQHandler                      0x0800015f   Thumb Code     0  startup_stm32f10x_hd.o(.text)
    CAN1_SCE_IRQHandler                      0x0800015f   Thumb Code     0  startup_stm32f10x_hd.o(.text)
    DMA1_Channel1_IRQHandler                 0x0800015f   Thumb Code     0  startup_stm32f10x_hd.o(.text)
    DMA1_Channel2_IRQHandler                 0x0800015f   Thumb Code     0  startup_stm32f10x_hd.o(.text)
    DMA1_Channel3_IRQHandler                 0x0800015f   Thumb Code     0  startup_stm32f10x_hd.o(.text)
    DMA1_Channel4_IRQHandler                 0x0800015f   Thumb Code     0  startup_stm32f10x_hd.o(.text)
    DMA1_Channel5_IRQHandler                 0x0800015f   Thumb Code     0  startup_stm32f10x_hd.o(.text)
    DMA1_Channel6_IRQHandler                 0x0800015f   Thumb Code     0  startup_stm32f10x_hd.o(.text)
    DMA1_Channel7_IRQHandler                 0x0800015f   Thumb Code     0  startup_stm32f10x_hd.o(.text)
    DMA2_Channel1_IRQHandler                 0x0800015f   Thumb Code     0  startup_stm32f10x_hd.o(.text)
    DMA2_Channel2_IRQHandler                 0x0800015f   Thumb Code     0  startup_stm32f10x_hd.o(.text)
    DMA2_Channel3_IRQHandler                 0x0800015f   Thumb Code     0  startup_stm32f10x_hd.o(.text)
    DMA2_Channel4_5_IRQHandler               0x0800015f   Thumb Code     0  startup_stm32f10x_hd.o(.text)
    EXTI0_IRQHandler                         0x0800015f   Thumb Code     0  startup_stm32f10x_hd.o(.text)
    EXTI15_10_IRQHandler                     0x0800015f   Thumb Code     0  startup_stm32f10x_hd.o(.text)
    EXTI1_IRQHandler                         0x0800015f   Thumb Code     0  startup_stm32f10x_hd.o(.text)
    EXTI2_IRQHandler                         0x0800015f   Thumb Code     0  startup_stm32f10x_hd.o(.text)
    EXTI3_IRQHandler                         0x0800015f   Thumb Code     0  startup_stm32f10x_hd.o(.text)
    EXTI4_IRQHandler                         0x0800015f   Thumb Code     0  startup_stm32f10x_hd.o(.text)
    EXTI9_5_IRQHandler                       0x0800015f   Thumb Code     0  startup_stm32f10x_hd.o(.text)
    FLASH_IRQHandler                         0x0800015f   Thumb Code     0  startup_stm32f10x_hd.o(.text)
    FSMC_IRQHandler                          0x0800015f   Thumb Code     0  startup_stm32f10x_hd.o(.text)
    I2C1_ER_IRQHandler                       0x0800015f   Thumb Code     0  startup_stm32f10x_hd.o(.text)
    I2C1_EV_IRQHandler                       0x0800015f   Thumb Code     0  startup_stm32f10x_hd.o(.text)
    I2C2_ER_IRQHandler                       0x0800015f   Thumb Code     0  startup_stm32f10x_hd.o(.text)
    I2C2_EV_IRQHandler                       0x0800015f   Thumb Code     0  startup_stm32f10x_hd.o(.text)
    PVD_IRQHandler                           0x0800015f   Thumb Code     0  startup_stm32f10x_hd.o(.text)
    RCC_IRQHandler                           0x0800015f   Thumb Code     0  startup_stm32f10x_hd.o(.text)
    RTCAlarm_IRQHandler                      0x0800015f   Thumb Code     0  startup_stm32f10x_hd.o(.text)
    RTC_IRQHandler                           0x0800015f   Thumb Code     0  startup_stm32f10x_hd.o(.text)
    SDIO_IRQHandler                          0x0800015f   Thumb Code     0  startup_stm32f10x_hd.o(.text)
    SPI1_IRQHandler                          0x0800015f   Thumb Code     0  startup_stm32f10x_hd.o(.text)
    SPI2_IRQHandler                          0x0800015f   Thumb Code     0  startup_stm32f10x_hd.o(.text)
    SPI3_IRQHandler                          0x0800015f   Thumb Code     0  startup_stm32f10x_hd.o(.text)
    TAMPER_IRQHandler                        0x0800015f   Thumb Code     0  startup_stm32f10x_hd.o(.text)
    TIM1_BRK_IRQHandler                      0x0800015f   Thumb Code     0  startup_stm32f10x_hd.o(.text)
    TIM1_CC_IRQHandler                       0x0800015f   Thumb Code     0  startup_stm32f10x_hd.o(.text)
    TIM1_TRG_COM_IRQHandler                  0x0800015f   Thumb Code     0  startup_stm32f10x_hd.o(.text)
    TIM1_UP_IRQHandler                       0x0800015f   Thumb Code     0  startup_stm32f10x_hd.o(.text)
    TIM3_IRQHandler                          0x0800015f   Thumb Code     0  startup_stm32f10x_hd.o(.text)
    TIM4_IRQHandler                          0x0800015f   Thumb Code     0  startup_stm32f10x_hd.o(.text)
    TIM6_IRQHandler                          0x0800015f   Thumb Code     0  startup_stm32f10x_hd.o(.text)
    TIM7_IRQHandler                          0x0800015f   Thumb Code     0  startup_stm32f10x_hd.o(.text)
    TIM8_BRK_IRQHandler                      0x0800015f   Thumb Code     0  startup_stm32f10x_hd.o(.text)
    TIM8_CC_IRQHandler                       0x0800015f   Thumb Code     0  startup_stm32f10x_hd.o(.text)
    TIM8_TRG_COM_IRQHandler                  0x0800015f   Thumb Code     0  startup_stm32f10x_hd.o(.text)
    TIM8_UP_IRQHandler                       0x0800015f   Thumb Code     0  startup_stm32f10x_hd.o(.text)
    UART4_IRQHandler                         0x0800015f   Thumb Code     0  startup_stm32f10x_hd.o(.text)
    UART5_IRQHandler                         0x0800015f   Thumb Code     0  startup_stm32f10x_hd.o(.text)
    USART2_IRQHandler                        0x0800015f   Thumb Code     0  startup_stm32f10x_hd.o(.text)
    USART3_IRQHandler                        0x0800015f   Thumb Code     0  startup_stm32f10x_hd.o(.text)
    USBWakeUp_IRQHandler                     0x0800015f   Thumb Code     0  startup_stm32f10x_hd.o(.text)
    USB_HP_CAN1_TX_IRQHandler                0x0800015f   Thumb Code     0  startup_stm32f10x_hd.o(.text)
    USB_LP_CAN1_RX0_IRQHandler               0x0800015f   Thumb Code     0  startup_stm32f10x_hd.o(.text)
    WWDG_IRQHandler                          0x0800015f   Thumb Code     0  startup_stm32f10x_hd.o(.text)
    __aeabi_dadd                             0x08000169   Thumb Code   322  dadd.o(.text)
    __aeabi_dsub                             0x080002ab   Thumb Code     6  dadd.o(.text)
    __aeabi_drsub                            0x080002b1   Thumb Code     6  dadd.o(.text)
    __aeabi_ddiv                             0x080002b7   Thumb Code   222  ddiv.o(.text)
    __aeabi_i2d                              0x08000395   Thumb Code    34  dflti.o(.text)
    __aeabi_f2d                              0x080003b7   Thumb Code    38  f2d.o(.text)
    __aeabi_d2f                              0x080003dd   Thumb Code    56  d2f.o(.text)
    __aeabi_uidiv                            0x08000415   Thumb Code     0  uidiv.o(.text)
    __aeabi_uidivmod                         0x08000415   Thumb Code    44  uidiv.o(.text)
    __aeabi_uldivmod                         0x08000441   Thumb Code    98  uldiv.o(.text)
    __aeabi_llsl                             0x080004a3   Thumb Code    30  llshl.o(.text)
    _ll_shift_l                              0x080004a3   Thumb Code     0  llshl.o(.text)
    __aeabi_lasr                             0x080004c1   Thumb Code    36  llsshr.o(.text)
    _ll_sshift_r                             0x080004c1   Thumb Code     0  llsshr.o(.text)
    __I$use$fp                               0x080004e5   Thumb Code     0  iusefp.o(.text)
    _float_round                             0x080004e5   Thumb Code    18  fepilogue.o(.text)
    _float_epilogue                          0x080004f7   Thumb Code    92  fepilogue.o(.text)
    _double_round                            0x08000553   Thumb Code    30  depilogue.o(.text)
    _double_epilogue                         0x08000571   Thumb Code   156  depilogue.o(.text)
    __aeabi_dmul                             0x0800060d   Thumb Code   228  dmul.o(.text)
    __aeabi_d2ulz                            0x080006f1   Thumb Code    48  dfixul.o(.text)
    __aeabi_cdrcmple                         0x08000721   Thumb Code    48  cdrcmple.o(.text)
    __scatterload                            0x08000751   Thumb Code    28  init.o(.text)
    __scatterload_rt2                        0x08000751   Thumb Code     0  init.o(.text)
    __aeabi_llsr                             0x08000775   Thumb Code    32  llushr.o(.text)
    _ll_ushift_r                             0x08000775   Thumb Code     0  llushr.o(.text)
    BusFault_Handler                         0x08000795   Thumb Code     4  stm32f10x_it.o(i.BusFault_Handler)
    Clr1SecFlag                              0x08000799   Thumb Code     8  timer.o(i.Clr1SecFlag)
    Clr2msFlag                               0x080007a5   Thumb Code     8  timer.o(i.Clr2msFlag)
    DeQueue                                  0x08000c6d   Thumb Code    68  queue.o(i.DeQueue)
    DebugMon_Handler                         0x08000cb1   Thumb Code     2  stm32f10x_it.o(i.DebugMon_Handler)
    DelayNms                                 0x08000cb5   Thumb Code    20  systick.o(i.DelayNms)
    EnQueue                                  0x08000ccd   Thumb Code    72  queue.o(i.EnQueue)
    FLASH_PrefetchBufferCmd                  0x08000d15   Thumb Code    22  stm32f10x_flash.o(i.FLASH_PrefetchBufferCmd)
    FLASH_SetLatency                         0x08000d31   Thumb Code    18  stm32f10x_flash.o(i.FLASH_SetLatency)
    GPIO_Init                                0x08000d49   Thumb Code   278  stm32f10x_gpio.o(i.GPIO_Init)
    GPIO_PinRemapConfig                      0x08000e61   Thumb Code   138  stm32f10x_gpio.o(i.GPIO_PinRemapConfig)
    GPIO_ReadInputDataBit                    0x08000ef1   Thumb Code    18  stm32f10x_gpio.o(i.GPIO_ReadInputDataBit)
    GPIO_ResetBits                           0x08000f03   Thumb Code     4  stm32f10x_gpio.o(i.GPIO_ResetBits)
    GPIO_SetBits                             0x08000f07   Thumb Code     4  stm32f10x_gpio.o(i.GPIO_SetBits)
    Get1SecFlag                              0x08000f0d   Thumb Code     6  timer.o(i.Get1SecFlag)
    Get2msFlag                               0x08000f19   Thumb Code     6  timer.o(i.Get2msFlag)
    GetCaptureVal                            0x08000f25   Thumb Code    50  capture.o(i.GetCaptureVal)
    HardFault_Handler                        0x08000f61   Thumb Code     4  stm32f10x_it.o(i.HardFault_Handler)
    IncPWMDutyCycle                          0x08000f65   Thumb Code    50  pwm.o(i.IncPWMDutyCycle)
    InitCapture                              0x08000fa1   Thumb Code    14  capture.o(i.InitCapture)
    InitKeyOne                               0x08000fe5   Thumb Code    16  keyone.o(i.InitKeyOne)
    InitNVIC                                 0x08000ff9   Thumb Code     8  nvic.o(i.InitNVIC)
    InitOLED                                 0x08001001   Thumb Code    48  oled.o(i.InitOLED)
    InitPWM                                  0x08001035   Thumb Code    24  pwm.o(i.InitPWM)
    InitProcKeyOne                           0x08001051   Thumb Code     2  prockeyone.o(i.InitProcKeyOne)
    InitQueue                                0x08001053   Thumb Code    36  queue.o(i.InitQueue)
    InitRCC                                  0x08001077   Thumb Code     8  rcc.o(i.InitRCC)
    InitSysTick                              0x08001081   Thumb Code    92  systick.o(i.InitSysTick)
    InitTimer                                0x080010e9   Thumb Code    14  timer.o(i.InitTimer)
    InitUART1                                0x080010f7   Thumb Code    16  uart1.o(i.InitUART1)
    MemManage_Handler                        0x08001149   Thumb Code     4  stm32f10x_it.o(i.MemManage_Handler)
    NMI_Handler                              0x0800114d   Thumb Code     2  stm32f10x_it.o(i.NMI_Handler)
    NVIC_Init                                0x08001169   Thumb Code   100  misc.o(i.NVIC_Init)
    NVIC_PriorityGroupConfig                 0x080011d9   Thumb Code    10  misc.o(i.NVIC_PriorityGroupConfig)
    OLEDClear                                0x080011ed   Thumb Code    42  oled.o(i.OLEDClear)
    OLEDRefreshGRAM                          0x08001285   Thumb Code    70  oled.o(i.OLEDRefreshGRAM)
    OLEDShowChar                             0x080012d1   Thumb Code   158  oled.o(i.OLEDShowChar)
    OLEDShowString                           0x08001379   Thumb Code    68  oled.o(i.OLEDShowString)
    PendSV_Handler                           0x08001441   Thumb Code     2  stm32f10x_it.o(i.PendSV_Handler)
    ProcKeyDownKey1                          0x08001571   Thumb Code    14  prockeyone.o(i.ProcKeyDownKey1)
    ProcKeyDownKey2                          0x08001595   Thumb Code    18  prockeyone.o(i.ProcKeyDownKey2)
    ProcKeyUpKey1                            0x080015bd   Thumb Code    10  prockeyone.o(i.ProcKeyUpKey1)
    ProcKeyUpKey2                            0x080015d9   Thumb Code    10  prockeyone.o(i.ProcKeyUpKey2)
    QueueEmpty                               0x080015f5   Thumb Code    14  queue.o(i.QueueEmpty)
    RCC_APB1PeriphClockCmd                   0x08001605   Thumb Code    26  stm32f10x_rcc.o(i.RCC_APB1PeriphClockCmd)
    RCC_APB2PeriphClockCmd                   0x08001625   Thumb Code    26  stm32f10x_rcc.o(i.RCC_APB2PeriphClockCmd)
    RCC_DeInit                               0x08001645   Thumb Code    64  stm32f10x_rcc.o(i.RCC_DeInit)
    RCC_GetClocksFreq                        0x08001691   Thumb Code   192  stm32f10x_rcc.o(i.RCC_GetClocksFreq)
    RCC_GetFlagStatus                        0x08001765   Thumb Code    56  stm32f10x_rcc.o(i.RCC_GetFlagStatus)
    RCC_GetSYSCLKSource                      0x080017a1   Thumb Code    10  stm32f10x_rcc.o(i.RCC_GetSYSCLKSource)
    RCC_HCLKConfig                           0x080017b1   Thumb Code    18  stm32f10x_rcc.o(i.RCC_HCLKConfig)
    RCC_HSEConfig                            0x080017c9   Thumb Code    70  stm32f10x_rcc.o(i.RCC_HSEConfig)
    RCC_PCLK1Config                          0x08001815   Thumb Code    18  stm32f10x_rcc.o(i.RCC_PCLK1Config)
    RCC_PCLK2Config                          0x0800182d   Thumb Code    20  stm32f10x_rcc.o(i.RCC_PCLK2Config)
    RCC_PLLCmd                               0x08001845   Thumb Code     6  stm32f10x_rcc.o(i.RCC_PLLCmd)
    RCC_PLLConfig                            0x08001851   Thumb Code    24  stm32f10x_rcc.o(i.RCC_PLLConfig)
    RCC_SYSCLKConfig                         0x0800186d   Thumb Code    18  stm32f10x_rcc.o(i.RCC_SYSCLKConfig)
    RCC_WaitForHSEStartUp                    0x08001885   Thumb Code    56  stm32f10x_rcc.o(i.RCC_WaitForHSEStartUp)
    SVC_Handler                              0x080018d9   Thumb Code     2  stm32f10x_it.o(i.SVC_Handler)
    ScanKeyOne                               0x080018dd   Thumb Code   134  keyone.o(i.ScanKeyOne)
    SetPWM                                   0x08001995   Thumb Code    20  pwm.o(i.SetPWM)
    SysTick_Handler                          0x08001a99   Thumb Code     8  systick.o(i.SysTick_Handler)
    SystemInit                               0x08001aa1   Thumb Code    78  system_stm32f10x.o(i.SystemInit)
    TIM2_IRQHandler                          0x08001d41   Thumb Code    86  timer.o(i.TIM2_IRQHandler)
    TIM5_IRQHandler                          0x08001da9   Thumb Code   178  capture.o(i.TIM5_IRQHandler)
    TIM_ClearITPendingBit                    0x08001e69   Thumb Code     6  stm32f10x_tim.o(i.TIM_ClearITPendingBit)
    TIM_Cmd                                  0x08001e6f   Thumb Code    24  stm32f10x_tim.o(i.TIM_Cmd)
    TIM_GetCapture1                          0x08001e87   Thumb Code     6  stm32f10x_tim.o(i.TIM_GetCapture1)
    TIM_GetITStatus                          0x08001e8d   Thumb Code    34  stm32f10x_tim.o(i.TIM_GetITStatus)
    TIM_ICInit                               0x08001eb1   Thumb Code   150  stm32f10x_tim.o(i.TIM_ICInit)
    TIM_ITConfig                             0x08001f5d   Thumb Code    18  stm32f10x_tim.o(i.TIM_ITConfig)
    TIM_OC1PolarityConfig                    0x08001f6f   Thumb Code    18  stm32f10x_tim.o(i.TIM_OC1PolarityConfig)
    TIM_OC2Init                              0x08001f81   Thumb Code   154  stm32f10x_tim.o(i.TIM_OC2Init)
    TIM_OC2PreloadConfig                     0x08002025   Thumb Code    26  stm32f10x_tim.o(i.TIM_OC2PreloadConfig)
    TIM_SetCompare2                          0x0800203f   Thumb Code     4  stm32f10x_tim.o(i.TIM_SetCompare2)
    TIM_SetCounter                           0x08002043   Thumb Code     4  stm32f10x_tim.o(i.TIM_SetCounter)
    TIM_SetIC1Prescaler                      0x08002047   Thumb Code    18  stm32f10x_tim.o(i.TIM_SetIC1Prescaler)
    TIM_SetIC2Prescaler                      0x08002059   Thumb Code    26  stm32f10x_tim.o(i.TIM_SetIC2Prescaler)
    TIM_SetIC3Prescaler                      0x08002073   Thumb Code    18  stm32f10x_tim.o(i.TIM_SetIC3Prescaler)
    TIM_SetIC4Prescaler                      0x08002085   Thumb Code    26  stm32f10x_tim.o(i.TIM_SetIC4Prescaler)
    TIM_TimeBaseInit                         0x080020a1   Thumb Code   122  stm32f10x_tim.o(i.TIM_TimeBaseInit)
    USART1_IRQHandler                        0x0800215d   Thumb Code   140  uart1.o(i.USART1_IRQHandler)
    USART_ClearFlag                          0x080021f5   Thumb Code    18  stm32f10x_usart.o(i.USART_ClearFlag)
    USART_ClearITPendingBit                  0x08002207   Thumb Code    30  stm32f10x_usart.o(i.USART_ClearITPendingBit)
    USART_Cmd                                0x08002225   Thumb Code    24  stm32f10x_usart.o(i.USART_Cmd)
    USART_GetFlagStatus                      0x0800223d   Thumb Code    26  stm32f10x_usart.o(i.USART_GetFlagStatus)
    USART_GetITStatus                        0x08002257   Thumb Code    84  stm32f10x_usart.o(i.USART_GetITStatus)
    USART_ITConfig                           0x080022ab   Thumb Code    74  stm32f10x_usart.o(i.USART_ITConfig)
    USART_Init                               0x080022f5   Thumb Code   210  stm32f10x_usart.o(i.USART_Init)
    USART_ReceiveData                        0x080023cd   Thumb Code    10  stm32f10x_usart.o(i.USART_ReceiveData)
    USART_SendData                           0x080023d7   Thumb Code     8  stm32f10x_usart.o(i.USART_SendData)
    USART_StructInit                         0x080023df   Thumb Code    24  stm32f10x_usart.o(i.USART_StructInit)
    UsageFault_Handler                       0x080023f7   Thumb Code     4  stm32f10x_it.o(i.UsageFault_Handler)
    __0printf                                0x08002415   Thumb Code    22  printfa.o(i.__0printf)
    __1printf                                0x08002415   Thumb Code     0  printfa.o(i.__0printf)
    __2printf                                0x08002415   Thumb Code     0  printfa.o(i.__0printf)
    __c89printf                              0x08002415   Thumb Code     0  printfa.o(i.__0printf)
    printf                                   0x08002415   Thumb Code     0  printfa.o(i.__0printf)
    __0sprintf                               0x08002435   Thumb Code    34  printfa.o(i.__0sprintf)
    __1sprintf                               0x08002435   Thumb Code     0  printfa.o(i.__0sprintf)
    __2sprintf                               0x08002435   Thumb Code     0  printfa.o(i.__0sprintf)
    __c89sprintf                             0x08002435   Thumb Code     0  printfa.o(i.__0sprintf)
    sprintf                                  0x08002435   Thumb Code     0  printfa.o(i.__0sprintf)
    __scatterload_copy                       0x0800245d   Thumb Code    14  handlers.o(i.__scatterload_copy)
    __scatterload_null                       0x0800246b   Thumb Code     2  handlers.o(i.__scatterload_null)
    __scatterload_zeroinit                   0x0800246d   Thumb Code    14  handlers.o(i.__scatterload_zeroinit)
    fputc                                    0x08002d19   Thumb Code    16  uart1.o(i.fputc)
    main                                     0x08002d29   Thumb Code    44  main.o(i.main)
    g_iASCII1206                             0x08002d94   Data        1140  oled.o(.constdata)
    g_iASCII1608                             0x08003208   Data        1520  oled.o(.constdata)
    Region$$Table$$Base                      0x080037f8   Number         0  anon$$obj.o(Region$$Table)
    Region$$Table$$Limit                     0x08003818   Number         0  anon$$obj.o(Region$$Table)
    SystemCoreClock                          0x2000003c   Data           4  system_stm32f10x.o(.data)
    AHBPrescTable                            0x20000040   Data          16  system_stm32f10x.o(.data)
    __stdout                                 0x20000050   Data           4  stdout.o(.data)
    __initial_sp                             0x20000938   Data           0  startup_stm32f10x_hd.o(STACK)



==============================================================================

Memory Map of the image

  Image Entry point : 0x08000131

  Load Region LR_IROM1 (Base: 0x08000000, Size: 0x0000386c, Max: 0x00040000, ABSOLUTE)

    Execution Region ER_IROM1 (Base: 0x08000000, Size: 0x00003818, Max: 0x00040000, ABSOLUTE)

    Base Addr    Size         Type   Attr      Idx    E Section Name        Object

    0x08000000   0x00000130   Data   RO         1993    RESET               startup_stm32f10x_hd.o
    0x08000130   0x00000000   Code   RO         1998  * .ARM.Collect$$$$00000000  mc_w.l(entry.o)
    0x08000130   0x00000004   Code   RO         2272    .ARM.Collect$$$$00000001  mc_w.l(entry2.o)
    0x08000134   0x00000004   Code   RO         2275    .ARM.Collect$$$$00000004  mc_w.l(entry5.o)
    0x08000138   0x00000000   Code   RO         2277    .ARM.Collect$$$$00000008  mc_w.l(entry7b.o)
    0x08000138   0x00000000   Code   RO         2279    .ARM.Collect$$$$0000000A  mc_w.l(entry8b.o)
    0x08000138   0x00000008   Code   RO         2280    .ARM.Collect$$$$0000000B  mc_w.l(entry9a.o)
    0x08000140   0x00000000   Code   RO         2282    .ARM.Collect$$$$0000000D  mc_w.l(entry10a.o)
    0x08000140   0x00000000   Code   RO         2284    .ARM.Collect$$$$0000000F  mc_w.l(entry11a.o)
    0x08000140   0x00000004   Code   RO         2273    .ARM.Collect$$$$00002712  mc_w.l(entry2.o)
    0x08000144   0x00000024   Code   RO         1994    .text               startup_stm32f10x_hd.o
    0x08000168   0x0000014e   Code   RO         2262    .text               mf_w.l(dadd.o)
    0x080002b6   0x000000de   Code   RO         2264    .text               mf_w.l(ddiv.o)
    0x08000394   0x00000022   Code   RO         2266    .text               mf_w.l(dflti.o)
    0x080003b6   0x00000026   Code   RO         2268    .text               mf_w.l(f2d.o)
    0x080003dc   0x00000038   Code   RO         2270    .text               mf_w.l(d2f.o)
    0x08000414   0x0000002c   Code   RO         2287    .text               mc_w.l(uidiv.o)
    0x08000440   0x00000062   Code   RO         2289    .text               mc_w.l(uldiv.o)
    0x080004a2   0x0000001e   Code   RO         2291    .text               mc_w.l(llshl.o)
    0x080004c0   0x00000024   Code   RO         2293    .text               mc_w.l(llsshr.o)
    0x080004e4   0x00000000   Code   RO         2295    .text               mc_w.l(iusefp.o)
    0x080004e4   0x0000006e   Code   RO         2296    .text               mf_w.l(fepilogue.o)
    0x08000552   0x000000ba   Code   RO         2298    .text               mf_w.l(depilogue.o)
    0x0800060c   0x000000e4   Code   RO         2300    .text               mf_w.l(dmul.o)
    0x080006f0   0x00000030   Code   RO         2302    .text               mf_w.l(dfixul.o)
    0x08000720   0x00000030   Code   RO         2304    .text               mf_w.l(cdrcmple.o)
    0x08000750   0x00000024   Code   RO         2306    .text               mc_w.l(init.o)
    0x08000774   0x00000020   Code   RO         2308    .text               mc_w.l(llushr.o)
    0x08000794   0x00000004   Code   RO         1900    i.BusFault_Handler  stm32f10x_it.o
    0x08000798   0x0000000c   Code   RO          339    i.Clr1SecFlag       timer.o
    0x080007a4   0x0000000c   Code   RO          340    i.Clr2msFlag        timer.o
    0x080007b0   0x00000040   Code   RO          175    i.ConfigKeyOneGPIO  keyone.o
    0x080007f0   0x0000000c   Code   RO         1831    i.ConfigNVIC        nvic.o
    0x080007fc   0x000000d8   Code   RO          237    i.ConfigOLEDGPIO    oled.o
    0x080008d4   0x000000cc   Code   RO          238    i.ConfigOLEDReg     oled.o
    0x080009a0   0x00000064   Code   RO          322    i.ConfigRCC         rcc.o
    0x08000a04   0x000000b0   Code   RO          511    i.ConfigTIM5ForCapture  capture.o
    0x08000ab4   0x0000005c   Code   RO          341    i.ConfigTimer2      timer.o
    0x08000b10   0x00000098   Code   RO          542    i.ConfigTimer3ForPWMPB5  pwm.o
    0x08000ba8   0x000000c4   Code   RO          433    i.ConfigUART        uart1.o
    0x08000c6c   0x00000044   Code   RO          389    i.DeQueue           queue.o
    0x08000cb0   0x00000002   Code   RO         1901    i.DebugMon_Handler  stm32f10x_it.o
    0x08000cb2   0x00000002   PAD
    0x08000cb4   0x00000018   Code   RO         1848    i.DelayNms          systick.o
    0x08000ccc   0x00000048   Code   RO          390    i.EnQueue           queue.o
    0x08000d14   0x0000001c   Code   RO          632    i.FLASH_PrefetchBufferCmd  stm32f10x_flash.o
    0x08000d30   0x00000018   Code   RO          637    i.FLASH_SetLatency  stm32f10x_flash.o
    0x08000d48   0x00000116   Code   RO          795    i.GPIO_Init         stm32f10x_gpio.o
    0x08000e5e   0x00000002   PAD
    0x08000e60   0x00000090   Code   RO          797    i.GPIO_PinRemapConfig  stm32f10x_gpio.o
    0x08000ef0   0x00000012   Code   RO          799    i.GPIO_ReadInputDataBit  stm32f10x_gpio.o
    0x08000f02   0x00000004   Code   RO          802    i.GPIO_ResetBits    stm32f10x_gpio.o
    0x08000f06   0x00000004   Code   RO          803    i.GPIO_SetBits      stm32f10x_gpio.o
    0x08000f0a   0x00000002   PAD
    0x08000f0c   0x0000000c   Code   RO          342    i.Get1SecFlag       timer.o
    0x08000f18   0x0000000c   Code   RO          343    i.Get2msFlag        timer.o
    0x08000f24   0x0000003c   Code   RO          512    i.GetCaptureVal     capture.o
    0x08000f60   0x00000004   Code   RO         1902    i.HardFault_Handler  stm32f10x_it.o
    0x08000f64   0x0000003c   Code   RO          544    i.IncPWMDutyCycle   pwm.o
    0x08000fa0   0x0000000e   Code   RO          513    i.InitCapture       capture.o
    0x08000fae   0x00000034   Code   RO            1    i.InitHardware      main.o
    0x08000fe2   0x00000002   PAD
    0x08000fe4   0x00000014   Code   RO          176    i.InitKeyOne        keyone.o
    0x08000ff8   0x00000008   Code   RO         1832    i.InitNVIC          nvic.o
    0x08001000   0x00000034   Code   RO          239    i.InitOLED          oled.o
    0x08001034   0x0000001c   Code   RO          545    i.InitPWM           pwm.o
    0x08001050   0x00000002   Code   RO          200    i.InitProcKeyOne    prockeyone.o
    0x08001052   0x00000024   Code   RO          391    i.InitQueue         queue.o
    0x08001076   0x00000008   Code   RO          323    i.InitRCC           rcc.o
    0x0800107e   0x00000002   Code   RO            2    i.InitSoftware      main.o
    0x08001080   0x00000068   Code   RO         1850    i.InitSysTick       systick.o
    0x080010e8   0x0000000e   Code   RO          344    i.InitTimer         timer.o
    0x080010f6   0x00000010   Code   RO          435    i.InitUART1         uart1.o
    0x08001106   0x00000002   PAD
    0x08001108   0x00000040   Code   RO          436    i.InitUARTBuf       uart1.o
    0x08001148   0x00000004   Code   RO         1903    i.MemManage_Handler  stm32f10x_it.o
    0x0800114c   0x00000002   Code   RO         1904    i.NMI_Handler       stm32f10x_it.o
    0x0800114e   0x00000002   PAD
    0x08001150   0x00000018   Code   RO          437    i.NVIC_ClearPendingIRQ  uart1.o
    0x08001168   0x00000070   Code   RO          579    i.NVIC_Init         misc.o
    0x080011d8   0x00000014   Code   RO          580    i.NVIC_PriorityGroupConfig  misc.o
    0x080011ec   0x00000030   Code   RO          240    i.OLEDClear         oled.o
    0x0800121c   0x00000068   Code   RO          243    i.OLEDDrawPoint     oled.o
    0x08001284   0x0000004c   Code   RO          244    i.OLEDRefreshGRAM   oled.o
    0x080012d0   0x000000a8   Code   RO          245    i.OLEDShowChar      oled.o
    0x08001378   0x00000044   Code   RO          247    i.OLEDShowString    oled.o
    0x080013bc   0x00000084   Code   RO          248    i.OLEDWriteByte     oled.o
    0x08001440   0x00000002   Code   RO         1905    i.PendSV_Handler    stm32f10x_it.o
    0x08001442   0x0000000e   Code   RO            3    i.Proc1SecTask      main.o
    0x08001450   0x00000120   Code   RO            4    i.Proc2msTask       main.o
    0x08001570   0x00000024   Code   RO          201    i.ProcKeyDownKey1   prockeyone.o
    0x08001594   0x00000028   Code   RO          202    i.ProcKeyDownKey2   prockeyone.o
    0x080015bc   0x0000001c   Code   RO          203    i.ProcKeyUpKey1     prockeyone.o
    0x080015d8   0x0000001c   Code   RO          204    i.ProcKeyUpKey2     prockeyone.o
    0x080015f4   0x0000000e   Code   RO          392    i.QueueEmpty        queue.o
    0x08001602   0x00000002   PAD
    0x08001604   0x00000020   Code   RO          905    i.RCC_APB1PeriphClockCmd  stm32f10x_rcc.o
    0x08001624   0x00000020   Code   RO          907    i.RCC_APB2PeriphClockCmd  stm32f10x_rcc.o
    0x08001644   0x0000004c   Code   RO          914    i.RCC_DeInit        stm32f10x_rcc.o
    0x08001690   0x000000d4   Code   RO          915    i.RCC_GetClocksFreq  stm32f10x_rcc.o
    0x08001764   0x0000003c   Code   RO          916    i.RCC_GetFlagStatus  stm32f10x_rcc.o
    0x080017a0   0x00000010   Code   RO          918    i.RCC_GetSYSCLKSource  stm32f10x_rcc.o
    0x080017b0   0x00000018   Code   RO          919    i.RCC_HCLKConfig    stm32f10x_rcc.o
    0x080017c8   0x0000004c   Code   RO          920    i.RCC_HSEConfig     stm32f10x_rcc.o
    0x08001814   0x00000018   Code   RO          926    i.RCC_PCLK1Config   stm32f10x_rcc.o
    0x0800182c   0x00000018   Code   RO          927    i.RCC_PCLK2Config   stm32f10x_rcc.o
    0x08001844   0x0000000c   Code   RO          928    i.RCC_PLLCmd        stm32f10x_rcc.o
    0x08001850   0x0000001c   Code   RO          929    i.RCC_PLLConfig     stm32f10x_rcc.o
    0x0800186c   0x00000018   Code   RO          932    i.RCC_SYSCLKConfig  stm32f10x_rcc.o
    0x08001884   0x00000038   Code   RO          934    i.RCC_WaitForHSEStartUp  stm32f10x_rcc.o
    0x080018bc   0x0000001c   Code   RO          438    i.ReadSendBuf       uart1.o
    0x080018d8   0x00000002   Code   RO         1906    i.SVC_Handler       stm32f10x_it.o
    0x080018da   0x00000002   PAD
    0x080018dc   0x00000098   Code   RO          177    i.ScanKeyOne        keyone.o
    0x08001974   0x00000020   Code   RO          440    i.SendCharUsedByFputc  uart1.o
    0x08001994   0x0000001c   Code   RO          546    i.SetPWM            pwm.o
    0x080019b0   0x00000008   Code   RO         1957    i.SetSysClock       system_stm32f10x.o
    0x080019b8   0x000000e0   Code   RO         1958    i.SetSysClockTo72   system_stm32f10x.o
    0x08001a98   0x00000008   Code   RO         1851    i.SysTick_Handler   systick.o
    0x08001aa0   0x00000060   Code   RO         1960    i.SystemInit        system_stm32f10x.o
    0x08001b00   0x00000080   Code   RO         1103    i.TI1_Config        stm32f10x_tim.o
    0x08001b80   0x00000098   Code   RO         1104    i.TI2_Config        stm32f10x_tim.o
    0x08001c18   0x00000090   Code   RO         1105    i.TI3_Config        stm32f10x_tim.o
    0x08001ca8   0x00000098   Code   RO         1106    i.TI4_Config        stm32f10x_tim.o
    0x08001d40   0x00000068   Code   RO          345    i.TIM2_IRQHandler   timer.o
    0x08001da8   0x000000c0   Code   RO          514    i.TIM5_IRQHandler   capture.o
    0x08001e68   0x00000006   Code   RO         1114    i.TIM_ClearITPendingBit  stm32f10x_tim.o
    0x08001e6e   0x00000018   Code   RO         1119    i.TIM_Cmd           stm32f10x_tim.o
    0x08001e86   0x00000006   Code   RO         1134    i.TIM_GetCapture1   stm32f10x_tim.o
    0x08001e8c   0x00000022   Code   RO         1140    i.TIM_GetITStatus   stm32f10x_tim.o
    0x08001eae   0x00000002   PAD
    0x08001eb0   0x000000ac   Code   RO         1142    i.TIM_ICInit        stm32f10x_tim.o
    0x08001f5c   0x00000012   Code   RO         1144    i.TIM_ITConfig      stm32f10x_tim.o
    0x08001f6e   0x00000012   Code   RO         1150    i.TIM_OC1PolarityConfig  stm32f10x_tim.o
    0x08001f80   0x000000a4   Code   RO         1153    i.TIM_OC2Init       stm32f10x_tim.o
    0x08002024   0x0000001a   Code   RO         1156    i.TIM_OC2PreloadConfig  stm32f10x_tim.o
    0x0800203e   0x00000004   Code   RO         1181    i.TIM_SetCompare2   stm32f10x_tim.o
    0x08002042   0x00000004   Code   RO         1184    i.TIM_SetCounter    stm32f10x_tim.o
    0x08002046   0x00000012   Code   RO         1185    i.TIM_SetIC1Prescaler  stm32f10x_tim.o
    0x08002058   0x0000001a   Code   RO         1186    i.TIM_SetIC2Prescaler  stm32f10x_tim.o
    0x08002072   0x00000012   Code   RO         1187    i.TIM_SetIC3Prescaler  stm32f10x_tim.o
    0x08002084   0x0000001a   Code   RO         1188    i.TIM_SetIC4Prescaler  stm32f10x_tim.o
    0x0800209e   0x00000002   PAD
    0x080020a0   0x000000a4   Code   RO         1190    i.TIM_TimeBaseInit  stm32f10x_tim.o
    0x08002144   0x00000018   Code   RO         1852    i.TimDelayDec       systick.o
    0x0800215c   0x00000098   Code   RO          441    i.USART1_IRQHandler  uart1.o
    0x080021f4   0x00000012   Code   RO         1651    i.USART_ClearFlag   stm32f10x_usart.o
    0x08002206   0x0000001e   Code   RO         1652    i.USART_ClearITPendingBit  stm32f10x_usart.o
    0x08002224   0x00000018   Code   RO         1655    i.USART_Cmd         stm32f10x_usart.o
    0x0800223c   0x0000001a   Code   RO         1658    i.USART_GetFlagStatus  stm32f10x_usart.o
    0x08002256   0x00000054   Code   RO         1659    i.USART_GetITStatus  stm32f10x_usart.o
    0x080022aa   0x0000004a   Code   RO         1661    i.USART_ITConfig    stm32f10x_usart.o
    0x080022f4   0x000000d8   Code   RO         1662    i.USART_Init        stm32f10x_usart.o
    0x080023cc   0x0000000a   Code   RO         1669    i.USART_ReceiveData  stm32f10x_usart.o
    0x080023d6   0x00000008   Code   RO         1672    i.USART_SendData    stm32f10x_usart.o
    0x080023de   0x00000018   Code   RO         1678    i.USART_StructInit  stm32f10x_usart.o
    0x080023f6   0x00000004   Code   RO         1907    i.UsageFault_Handler  stm32f10x_it.o
    0x080023fa   0x00000002   PAD
    0x080023fc   0x00000018   Code   RO          442    i.WriteReceiveBuf   uart1.o
    0x08002414   0x00000020   Code   RO         2234    i.__0printf         mc_w.l(printfa.o)
    0x08002434   0x00000028   Code   RO         2236    i.__0sprintf        mc_w.l(printfa.o)
    0x0800245c   0x0000000e   Code   RO         2312    i.__scatterload_copy  mc_w.l(handlers.o)
    0x0800246a   0x00000002   Code   RO         2313    i.__scatterload_null  mc_w.l(handlers.o)
    0x0800246c   0x0000000e   Code   RO         2314    i.__scatterload_zeroinit  mc_w.l(handlers.o)
    0x0800247a   0x00000002   PAD
    0x0800247c   0x00000164   Code   RO         2241    i._fp_digits        mc_w.l(printfa.o)
    0x080025e0   0x000006dc   Code   RO         2242    i._printf_core      mc_w.l(printfa.o)
    0x08002cbc   0x00000024   Code   RO         2243    i._printf_post_padding  mc_w.l(printfa.o)
    0x08002ce0   0x0000002e   Code   RO         2244    i._printf_pre_padding  mc_w.l(printfa.o)
    0x08002d0e   0x0000000a   Code   RO         2246    i._sputc            mc_w.l(printfa.o)
    0x08002d18   0x00000010   Code   RO          444    i.fputc             uart1.o
    0x08002d28   0x0000006c   Code   RO            5    i.main              main.o
    0x08002d94   0x00000a64   Data   RO          250    .constdata          oled.o
    0x080037f8   0x00000020   Data   RO         2310    Region$$Table       anon$$obj.o


    Execution Region RW_IRAM1 (Base: 0x20000000, Size: 0x00000938, Max: 0x0000c000, ABSOLUTE)

    Base Addr    Size         Type   Attr      Idx    E Section Name        Object

    0x20000000   0x00000010   Data   RW            6    .data               main.o
    0x20000010   0x00000006   Data   RW          178    .data               keyone.o
    0x20000016   0x00000006   Data   RW          346    .data               timer.o
    0x2000001c   0x00000001   Data   RW          446    .data               uart1.o
    0x2000001d   0x00000001   PAD
    0x2000001e   0x00000004   Data   RW          515    .data               capture.o
    0x20000022   0x00000002   Data   RW          547    .data               pwm.o
    0x20000024   0x00000014   Data   RW          935    .data               stm32f10x_rcc.o
    0x20000038   0x00000004   Data   RW         1853    .data               systick.o
    0x2000003c   0x00000014   Data   RW         1961    .data               system_stm32f10x.o
    0x20000050   0x00000004   Data   RW         2286    .data               mc_w.l(stdout.o)
    0x20000054   0x00000400   Zero   RW          249    .bss                oled.o
    0x20000454   0x000000e0   Zero   RW          445    .bss                uart1.o
    0x20000534   0x00000004   PAD
    0x20000538   0x00000400   Zero   RW         1991    STACK               startup_stm32f10x_hd.o


==============================================================================

Image component sizes


      Code (inc. data)   RO Data    RW Data    ZI Data      Debug   Object Name

       442         34          0          4          0       2968   capture.o
         0          0          0          0          0         32   core_cm3.o
       236         26          0          6          0       2450   keyone.o
         0          0          0          0          0     205724   led.o
       464        124          0         16          0     257447   main.o
       132         22          0          0          0       1499   misc.o
        20          0          0          0          0        871   nvic.o
      1068         48       2660          0       1024       7089   oled.o
       134         80          0          0          0       2381   prockeyone.o
       268         36          0          2          0       2341   pwm.o
       190          0          0          0          0       3201   queue.o
       108          0          0          0          0        974   rcc.o
        36          8        304          0       1024        816   startup_stm32f10x_hd.o
        52         12          0          0          0       1081   stm32f10x_flash.o
       448          6          0          0          0       4430   stm32f10x_gpio.o
        24          0          0          0          0       3664   stm32f10x_it.o
       696         92          0         20          0      10382   stm32f10x_rcc.o
      1304        160          0          0          0      12825   stm32f10x_tim.o
       514          6          0          0          0       7784   stm32f10x_usart.o
       328         28          0         20          0       2305   system_stm32f10x.o
       160         22          0          4          0      17754   systick.o
       258         38          0          6          0       3684   timer.o
       552         64          0          1        224      20619   uart1.o

    ----------------------------------------------------------------------
      7456        806       2996         80       2276     572321   Object Totals
         0          0         32          0          0          0   (incl. Generated)
        22          0          0          1          4          0   (incl. Padding)

    ----------------------------------------------------------------------

      Code (inc. data)   RO Data    RW Data    ZI Data      Debug   Library Member Name

         0          0          0          0          0          0   entry.o
         0          0          0          0          0          0   entry10a.o
         0          0          0          0          0          0   entry11a.o
         8          4          0          0          0          0   entry2.o
         4          0          0          0          0          0   entry5.o
         0          0          0          0          0          0   entry7b.o
         0          0          0          0          0          0   entry8b.o
         8          4          0          0          0          0   entry9a.o
        30          0          0          0          0          0   handlers.o
        36          8          0          0          0         68   init.o
         0          0          0          0          0          0   iusefp.o
        30          0          0          0          0         68   llshl.o
        36          0          0          0          0         68   llsshr.o
        32          0          0          0          0         68   llushr.o
      2276         96          0          0          0        596   printfa.o
         0          0          0          4          0          0   stdout.o
        44          0          0          0          0         80   uidiv.o
        98          0          0          0          0         92   uldiv.o
        48          0          0          0          0         68   cdrcmple.o
        56          0          0          0          0         88   d2f.o
       334          0          0          0          0        148   dadd.o
       222          0          0          0          0        100   ddiv.o
       186          0          0          0          0        176   depilogue.o
        48          0          0          0          0         68   dfixul.o
        34          0          0          0          0         76   dflti.o
       228          0          0          0          0         96   dmul.o
        38          0          0          0          0         68   f2d.o
       110          0          0          0          0        168   fepilogue.o

    ----------------------------------------------------------------------
      3908        112          0          4          0       2096   Library Totals
         2          0          0          0          0          0   (incl. Padding)

    ----------------------------------------------------------------------

      Code (inc. data)   RO Data    RW Data    ZI Data      Debug   Library Name

      2602        112          0          4          0       1040   mc_w.l
      1304          0          0          0          0       1056   mf_w.l

    ----------------------------------------------------------------------
      3908        112          0          4          0       2096   Library Totals

    ----------------------------------------------------------------------

==============================================================================


      Code (inc. data)   RO Data    RW Data    ZI Data      Debug   

     11364        918       2996         84       2276     567445   Grand Totals
     11364        918       2996         84       2276     567445   ELF Image Totals
     11364        918       2996         84          0          0   ROM Totals

==============================================================================

    Total RO  Size (Code + RO Data)                14360 (  14.02kB)
    Total RW  Size (RW Data + ZI Data)              2360 (   2.30kB)
    Total ROM Size (Code + RO Data + RW Data)      14444 (  14.11kB)

==============================================================================

