<html>
<body>
<pre>
<h1>礦ision Build Log</h1>
<h2>Tool Versions:</h2>
IDE-Version: μVision V5.20.0.0
Copyright (C) 2016 ARM Ltd and ARM Germany GmbH. All rights reserved.
License Information: Min zi, SYSU, LIC=BUURY-IB9BZ-8TH3P-M0NAD-C9LMN-H9GAI
 
Tool Versions:
Toolchain:       MDK-ARM Plus  Version: 5.20
Toolchain Path:  C:\Keil_v5\ARM\ARMCC\Bin
C Compiler:      Armcc.exe V5.06 update 2 (build 183)
Assembler:       Armasm.exe V5.06 update 2 (build 183)
Linker/Locator:  ArmLink.exe V5.06 update 2 (build 183)
Library Manager: ArmAr.exe V5.06 update 2 (build 183)
Hex Converter:   FromElf.exe V5.06 update 2 (build 183)
CPU DLL:         SARMCM3.DLL V5.20
Dialog DLL:      DCM.DLL V1.13.7.0
Target DLL:      STLink\ST-LINKIII-KEIL_SWO.dll V2.0.18.0
Dialog DLL:      TCM.DLL V1.14.9.0
 
<h2>Project:</h2>
D:\2025BME\LearnSTM32\STM32KeilTest\Product\15.DAC实验\Project\STM32KeilPrj.uvprojx
Project File Date:  08/02/2025

<h2>Output:</h2>
*** Using Compiler 'V5.06 update 2 (build 183)', folder: 'C:\Keil_v5\ARM\ARMCC\Bin'
Rebuild target 'Target 1'
compiling Main.c...
compiling UART1.c...
compiling misc.c...
compiling SendDataToHost.c...
compiling stm32f10x_usart.c...
compiling Wave.c...
compiling RCC.c...
compiling Queue.c...
compiling stm32f10x_tim.c...
compiling U16Queue.c...
compiling PackUnpack.c...
compiling ProcHostCmd.c...
compiling stm32f10x_rcc.c...
compiling stm32f10x_gpio.c...
compiling ADC.c...
compiling DAC.c...
compiling Timer.c...
compiling LED.c...
compiling stm32f10x_flash.c...
compiling stm32f10x_dac.c...
assembling startup_stm32f10x_hd.s...
compiling stm32f10x_dma.c...
compiling stm32f10x_adc.c...
compiling NVIC.c...
compiling core_cm3.c...
compiling SysTick.c...
compiling stm32f10x_it.c...
compiling system_stm32f10x.c...
linking...
Program Size: Code=8000 RO-data=336 RW-data=680 ZI-data=1472  
FromELF: creating hex file...
".\Objects\STM32KeilPrj.axf" - 0 Error(s), 0 Warning(s).

<h2>Collection of Component include folders:</h2>
  D:\2025BME\LearnSTM32\STM32KeilTest\Product\15.DAC实验\Project\RTE
  C:\Keil_v5\ARM\PACK\Keil\STM32F1xx_DFP\2.1.0\Device\Include

<h2>Collection of Component Files used:</h2>
Build Time Elapsed:  00:00:01
</pre>
</body>
</html>
